
Cell sky130_fd_sc_hd__tapvpwrvgnd_1 disconnected node: VGND
Cell sky130_fd_sc_hd__tapvpwrvgnd_1 disconnected node: VPWR

Cell sky130_fd_sc_hd__tapvpwrvgnd_1 disconnected node: VGND
Cell sky130_fd_sc_hd__tapvpwrvgnd_1 disconnected node: VPWR
Equate pins:  cell sky130_fd_sc_hd__tapvpwrvgnd_1 and/or sky130_fd_sc_hd__tapvpwrvgnd_1 has no elements.

Cell sky130_fd_sc_hd__fill_2 disconnected node: VGND
Cell sky130_fd_sc_hd__fill_2 disconnected node: VNB
Cell sky130_fd_sc_hd__fill_2 disconnected node: VPB
Cell sky130_fd_sc_hd__fill_2 disconnected node: VPWR

Cell sky130_fd_sc_hd__fill_2 disconnected node: VGND
Cell sky130_fd_sc_hd__fill_2 disconnected node: VNB
Cell sky130_fd_sc_hd__fill_2 disconnected node: VPB
Cell sky130_fd_sc_hd__fill_2 disconnected node: VPWR
Equate pins:  cell sky130_fd_sc_hd__fill_2 and/or sky130_fd_sc_hd__fill_2 has no elements.

Cell sky130_fd_sc_hd__fill_4 disconnected node: VGND
Cell sky130_fd_sc_hd__fill_4 disconnected node: VNB
Cell sky130_fd_sc_hd__fill_4 disconnected node: VPB
Cell sky130_fd_sc_hd__fill_4 disconnected node: VPWR

Cell sky130_fd_sc_hd__fill_4 disconnected node: VGND
Cell sky130_fd_sc_hd__fill_4 disconnected node: VNB
Cell sky130_fd_sc_hd__fill_4 disconnected node: VPB
Cell sky130_fd_sc_hd__fill_4 disconnected node: VPWR
Equate pins:  cell sky130_fd_sc_hd__fill_4 and/or sky130_fd_sc_hd__fill_4 has no elements.

Cell sky130_fd_sc_hd__fill_8 disconnected node: VGND
Cell sky130_fd_sc_hd__fill_8 disconnected node: VNB
Cell sky130_fd_sc_hd__fill_8 disconnected node: VPB
Cell sky130_fd_sc_hd__fill_8 disconnected node: VPWR

Cell sky130_fd_sc_hd__fill_8 disconnected node: VGND
Cell sky130_fd_sc_hd__fill_8 disconnected node: VNB
Cell sky130_fd_sc_hd__fill_8 disconnected node: VPB
Cell sky130_fd_sc_hd__fill_8 disconnected node: VPWR
Equate pins:  cell sky130_fd_sc_hd__fill_8 and/or sky130_fd_sc_hd__fill_8 has no elements.

Cell sky130_fd_sc_hd__fill_1 disconnected node: VGND
Cell sky130_fd_sc_hd__fill_1 disconnected node: VNB
Cell sky130_fd_sc_hd__fill_1 disconnected node: VPB
Cell sky130_fd_sc_hd__fill_1 disconnected node: VPWR

Cell sky130_fd_sc_hd__fill_1 disconnected node: VGND
Cell sky130_fd_sc_hd__fill_1 disconnected node: VNB
Cell sky130_fd_sc_hd__fill_1 disconnected node: VPB
Cell sky130_fd_sc_hd__fill_1 disconnected node: VPWR
Equate pins:  cell sky130_fd_sc_hd__fill_1 and/or sky130_fd_sc_hd__fill_1 has no elements.

Cell sky130_fd_sc_hd__dfrtp_1 disconnected node: CLK
Cell sky130_fd_sc_hd__dfrtp_1 disconnected node: D
Cell sky130_fd_sc_hd__dfrtp_1 disconnected node: RESET_B
Cell sky130_fd_sc_hd__dfrtp_1 disconnected node: VGND
Cell sky130_fd_sc_hd__dfrtp_1 disconnected node: VNB
Cell sky130_fd_sc_hd__dfrtp_1 disconnected node: VPB
Cell sky130_fd_sc_hd__dfrtp_1 disconnected node: VPWR
Cell sky130_fd_sc_hd__dfrtp_1 disconnected node: Q

Cell sky130_fd_sc_hd__dfrtp_1 disconnected node: CLK
Cell sky130_fd_sc_hd__dfrtp_1 disconnected node: D
Cell sky130_fd_sc_hd__dfrtp_1 disconnected node: RESET_B
Cell sky130_fd_sc_hd__dfrtp_1 disconnected node: VGND
Cell sky130_fd_sc_hd__dfrtp_1 disconnected node: VNB
Cell sky130_fd_sc_hd__dfrtp_1 disconnected node: VPB
Cell sky130_fd_sc_hd__dfrtp_1 disconnected node: VPWR
Cell sky130_fd_sc_hd__dfrtp_1 disconnected node: Q
Equate pins:  cell sky130_fd_sc_hd__dfrtp_1 and/or sky130_fd_sc_hd__dfrtp_1 has no elements.

Cell sky130_fd_sc_hd__nand2_1 disconnected node: A
Cell sky130_fd_sc_hd__nand2_1 disconnected node: B
Cell sky130_fd_sc_hd__nand2_1 disconnected node: VGND
Cell sky130_fd_sc_hd__nand2_1 disconnected node: VNB
Cell sky130_fd_sc_hd__nand2_1 disconnected node: VPB
Cell sky130_fd_sc_hd__nand2_1 disconnected node: VPWR
Cell sky130_fd_sc_hd__nand2_1 disconnected node: Y

Cell sky130_fd_sc_hd__nand2_1 disconnected node: A
Cell sky130_fd_sc_hd__nand2_1 disconnected node: B
Cell sky130_fd_sc_hd__nand2_1 disconnected node: VGND
Cell sky130_fd_sc_hd__nand2_1 disconnected node: VNB
Cell sky130_fd_sc_hd__nand2_1 disconnected node: VPB
Cell sky130_fd_sc_hd__nand2_1 disconnected node: VPWR
Cell sky130_fd_sc_hd__nand2_1 disconnected node: Y
Equate pins:  cell sky130_fd_sc_hd__nand2_1 and/or sky130_fd_sc_hd__nand2_1 has no elements.

Cell sky130_fd_sc_hd__a31oi_1 disconnected node: A1
Cell sky130_fd_sc_hd__a31oi_1 disconnected node: A2
Cell sky130_fd_sc_hd__a31oi_1 disconnected node: A3
Cell sky130_fd_sc_hd__a31oi_1 disconnected node: B1
Cell sky130_fd_sc_hd__a31oi_1 disconnected node: VGND
Cell sky130_fd_sc_hd__a31oi_1 disconnected node: VNB
Cell sky130_fd_sc_hd__a31oi_1 disconnected node: VPB
Cell sky130_fd_sc_hd__a31oi_1 disconnected node: VPWR
Cell sky130_fd_sc_hd__a31oi_1 disconnected node: Y

Cell sky130_fd_sc_hd__a31oi_1 disconnected node: A1
Cell sky130_fd_sc_hd__a31oi_1 disconnected node: A2
Cell sky130_fd_sc_hd__a31oi_1 disconnected node: A3
Cell sky130_fd_sc_hd__a31oi_1 disconnected node: B1
Cell sky130_fd_sc_hd__a31oi_1 disconnected node: VGND
Cell sky130_fd_sc_hd__a31oi_1 disconnected node: VNB
Cell sky130_fd_sc_hd__a31oi_1 disconnected node: VPB
Cell sky130_fd_sc_hd__a31oi_1 disconnected node: VPWR
Cell sky130_fd_sc_hd__a31oi_1 disconnected node: Y
Equate pins:  cell sky130_fd_sc_hd__a31oi_1 and/or sky130_fd_sc_hd__a31oi_1 has no elements.

Cell sky130_fd_sc_hd__dfxtp_1 disconnected node: CLK
Cell sky130_fd_sc_hd__dfxtp_1 disconnected node: D
Cell sky130_fd_sc_hd__dfxtp_1 disconnected node: VGND
Cell sky130_fd_sc_hd__dfxtp_1 disconnected node: VNB
Cell sky130_fd_sc_hd__dfxtp_1 disconnected node: VPB
Cell sky130_fd_sc_hd__dfxtp_1 disconnected node: VPWR
Cell sky130_fd_sc_hd__dfxtp_1 disconnected node: Q

Cell sky130_fd_sc_hd__dfxtp_1 disconnected node: CLK
Cell sky130_fd_sc_hd__dfxtp_1 disconnected node: D
Cell sky130_fd_sc_hd__dfxtp_1 disconnected node: VGND
Cell sky130_fd_sc_hd__dfxtp_1 disconnected node: VNB
Cell sky130_fd_sc_hd__dfxtp_1 disconnected node: VPB
Cell sky130_fd_sc_hd__dfxtp_1 disconnected node: VPWR
Cell sky130_fd_sc_hd__dfxtp_1 disconnected node: Q
Equate pins:  cell sky130_fd_sc_hd__dfxtp_1 and/or sky130_fd_sc_hd__dfxtp_1 has no elements.

Cell sky130_fd_sc_hd__clkbuf_2 disconnected node: A
Cell sky130_fd_sc_hd__clkbuf_2 disconnected node: VGND
Cell sky130_fd_sc_hd__clkbuf_2 disconnected node: VNB
Cell sky130_fd_sc_hd__clkbuf_2 disconnected node: VPB
Cell sky130_fd_sc_hd__clkbuf_2 disconnected node: VPWR
Cell sky130_fd_sc_hd__clkbuf_2 disconnected node: X

Cell sky130_fd_sc_hd__clkbuf_2 disconnected node: A
Cell sky130_fd_sc_hd__clkbuf_2 disconnected node: VGND
Cell sky130_fd_sc_hd__clkbuf_2 disconnected node: VNB
Cell sky130_fd_sc_hd__clkbuf_2 disconnected node: VPB
Cell sky130_fd_sc_hd__clkbuf_2 disconnected node: VPWR
Cell sky130_fd_sc_hd__clkbuf_2 disconnected node: X
Equate pins:  cell sky130_fd_sc_hd__clkbuf_2 and/or sky130_fd_sc_hd__clkbuf_2 has no elements.

Cell sky130_fd_sc_hd__nand4_1 disconnected node: A
Cell sky130_fd_sc_hd__nand4_1 disconnected node: B
Cell sky130_fd_sc_hd__nand4_1 disconnected node: C
Cell sky130_fd_sc_hd__nand4_1 disconnected node: D
Cell sky130_fd_sc_hd__nand4_1 disconnected node: VGND
Cell sky130_fd_sc_hd__nand4_1 disconnected node: VNB
Cell sky130_fd_sc_hd__nand4_1 disconnected node: VPB
Cell sky130_fd_sc_hd__nand4_1 disconnected node: VPWR
Cell sky130_fd_sc_hd__nand4_1 disconnected node: Y

Cell sky130_fd_sc_hd__nand4_1 disconnected node: A
Cell sky130_fd_sc_hd__nand4_1 disconnected node: B
Cell sky130_fd_sc_hd__nand4_1 disconnected node: C
Cell sky130_fd_sc_hd__nand4_1 disconnected node: D
Cell sky130_fd_sc_hd__nand4_1 disconnected node: VGND
Cell sky130_fd_sc_hd__nand4_1 disconnected node: VNB
Cell sky130_fd_sc_hd__nand4_1 disconnected node: VPB
Cell sky130_fd_sc_hd__nand4_1 disconnected node: VPWR
Cell sky130_fd_sc_hd__nand4_1 disconnected node: Y
Equate pins:  cell sky130_fd_sc_hd__nand4_1 and/or sky130_fd_sc_hd__nand4_1 has no elements.

Cell sky130_fd_sc_hd__nor2_1 disconnected node: A
Cell sky130_fd_sc_hd__nor2_1 disconnected node: B
Cell sky130_fd_sc_hd__nor2_1 disconnected node: VGND
Cell sky130_fd_sc_hd__nor2_1 disconnected node: VNB
Cell sky130_fd_sc_hd__nor2_1 disconnected node: VPB
Cell sky130_fd_sc_hd__nor2_1 disconnected node: VPWR
Cell sky130_fd_sc_hd__nor2_1 disconnected node: Y

Cell sky130_fd_sc_hd__nor2_1 disconnected node: A
Cell sky130_fd_sc_hd__nor2_1 disconnected node: B
Cell sky130_fd_sc_hd__nor2_1 disconnected node: VGND
Cell sky130_fd_sc_hd__nor2_1 disconnected node: VNB
Cell sky130_fd_sc_hd__nor2_1 disconnected node: VPB
Cell sky130_fd_sc_hd__nor2_1 disconnected node: VPWR
Cell sky130_fd_sc_hd__nor2_1 disconnected node: Y
Equate pins:  cell sky130_fd_sc_hd__nor2_1 and/or sky130_fd_sc_hd__nor2_1 has no elements.

Cell sky130_fd_sc_hd__and3_1 disconnected node: A
Cell sky130_fd_sc_hd__and3_1 disconnected node: B
Cell sky130_fd_sc_hd__and3_1 disconnected node: C
Cell sky130_fd_sc_hd__and3_1 disconnected node: VGND
Cell sky130_fd_sc_hd__and3_1 disconnected node: VNB
Cell sky130_fd_sc_hd__and3_1 disconnected node: VPB
Cell sky130_fd_sc_hd__and3_1 disconnected node: VPWR
Cell sky130_fd_sc_hd__and3_1 disconnected node: X

Cell sky130_fd_sc_hd__and3_1 disconnected node: A
Cell sky130_fd_sc_hd__and3_1 disconnected node: B
Cell sky130_fd_sc_hd__and3_1 disconnected node: C
Cell sky130_fd_sc_hd__and3_1 disconnected node: VGND
Cell sky130_fd_sc_hd__and3_1 disconnected node: VNB
Cell sky130_fd_sc_hd__and3_1 disconnected node: VPB
Cell sky130_fd_sc_hd__and3_1 disconnected node: VPWR
Cell sky130_fd_sc_hd__and3_1 disconnected node: X
Equate pins:  cell sky130_fd_sc_hd__and3_1 and/or sky130_fd_sc_hd__and3_1 has no elements.

Cell sky130_fd_sc_hd__a22o_1 disconnected node: A1
Cell sky130_fd_sc_hd__a22o_1 disconnected node: A2
Cell sky130_fd_sc_hd__a22o_1 disconnected node: B1
Cell sky130_fd_sc_hd__a22o_1 disconnected node: B2
Cell sky130_fd_sc_hd__a22o_1 disconnected node: VGND
Cell sky130_fd_sc_hd__a22o_1 disconnected node: VNB
Cell sky130_fd_sc_hd__a22o_1 disconnected node: VPB
Cell sky130_fd_sc_hd__a22o_1 disconnected node: VPWR
Cell sky130_fd_sc_hd__a22o_1 disconnected node: X

Cell sky130_fd_sc_hd__a22o_1 disconnected node: A1
Cell sky130_fd_sc_hd__a22o_1 disconnected node: A2
Cell sky130_fd_sc_hd__a22o_1 disconnected node: B1
Cell sky130_fd_sc_hd__a22o_1 disconnected node: B2
Cell sky130_fd_sc_hd__a22o_1 disconnected node: VGND
Cell sky130_fd_sc_hd__a22o_1 disconnected node: VNB
Cell sky130_fd_sc_hd__a22o_1 disconnected node: VPB
Cell sky130_fd_sc_hd__a22o_1 disconnected node: VPWR
Cell sky130_fd_sc_hd__a22o_1 disconnected node: X
Equate pins:  cell sky130_fd_sc_hd__a22o_1 and/or sky130_fd_sc_hd__a22o_1 has no elements.

Cell sky130_fd_sc_hd__a32oi_1 disconnected node: A1
Cell sky130_fd_sc_hd__a32oi_1 disconnected node: A2
Cell sky130_fd_sc_hd__a32oi_1 disconnected node: A3
Cell sky130_fd_sc_hd__a32oi_1 disconnected node: B1
Cell sky130_fd_sc_hd__a32oi_1 disconnected node: B2
Cell sky130_fd_sc_hd__a32oi_1 disconnected node: VGND
Cell sky130_fd_sc_hd__a32oi_1 disconnected node: VNB
Cell sky130_fd_sc_hd__a32oi_1 disconnected node: VPB
Cell sky130_fd_sc_hd__a32oi_1 disconnected node: VPWR
Cell sky130_fd_sc_hd__a32oi_1 disconnected node: Y

Cell sky130_fd_sc_hd__a32oi_1 disconnected node: A1
Cell sky130_fd_sc_hd__a32oi_1 disconnected node: A2
Cell sky130_fd_sc_hd__a32oi_1 disconnected node: A3
Cell sky130_fd_sc_hd__a32oi_1 disconnected node: B1
Cell sky130_fd_sc_hd__a32oi_1 disconnected node: B2
Cell sky130_fd_sc_hd__a32oi_1 disconnected node: VGND
Cell sky130_fd_sc_hd__a32oi_1 disconnected node: VNB
Cell sky130_fd_sc_hd__a32oi_1 disconnected node: VPB
Cell sky130_fd_sc_hd__a32oi_1 disconnected node: VPWR
Cell sky130_fd_sc_hd__a32oi_1 disconnected node: Y
Equate pins:  cell sky130_fd_sc_hd__a32oi_1 and/or sky130_fd_sc_hd__a32oi_1 has no elements.

Cell sky130_fd_sc_hd__a222oi_1 disconnected node: A1
Cell sky130_fd_sc_hd__a222oi_1 disconnected node: A2
Cell sky130_fd_sc_hd__a222oi_1 disconnected node: B1
Cell sky130_fd_sc_hd__a222oi_1 disconnected node: B2
Cell sky130_fd_sc_hd__a222oi_1 disconnected node: C1
Cell sky130_fd_sc_hd__a222oi_1 disconnected node: C2
Cell sky130_fd_sc_hd__a222oi_1 disconnected node: VGND
Cell sky130_fd_sc_hd__a222oi_1 disconnected node: VNB
Cell sky130_fd_sc_hd__a222oi_1 disconnected node: VPB
Cell sky130_fd_sc_hd__a222oi_1 disconnected node: VPWR
Cell sky130_fd_sc_hd__a222oi_1 disconnected node: Y

Cell sky130_fd_sc_hd__a222oi_1 disconnected node: A1
Cell sky130_fd_sc_hd__a222oi_1 disconnected node: A2
Cell sky130_fd_sc_hd__a222oi_1 disconnected node: B1
Cell sky130_fd_sc_hd__a222oi_1 disconnected node: B2
Cell sky130_fd_sc_hd__a222oi_1 disconnected node: C1
Cell sky130_fd_sc_hd__a222oi_1 disconnected node: C2
Cell sky130_fd_sc_hd__a222oi_1 disconnected node: VGND
Cell sky130_fd_sc_hd__a222oi_1 disconnected node: VNB
Cell sky130_fd_sc_hd__a222oi_1 disconnected node: VPB
Cell sky130_fd_sc_hd__a222oi_1 disconnected node: VPWR
Cell sky130_fd_sc_hd__a222oi_1 disconnected node: Y
Equate pins:  cell sky130_fd_sc_hd__a222oi_1 and/or sky130_fd_sc_hd__a222oi_1 has no elements.

Cell sky130_fd_sc_hd__o21ai_0 disconnected node: A1
Cell sky130_fd_sc_hd__o21ai_0 disconnected node: A2
Cell sky130_fd_sc_hd__o21ai_0 disconnected node: B1
Cell sky130_fd_sc_hd__o21ai_0 disconnected node: VGND
Cell sky130_fd_sc_hd__o21ai_0 disconnected node: VNB
Cell sky130_fd_sc_hd__o21ai_0 disconnected node: VPB
Cell sky130_fd_sc_hd__o21ai_0 disconnected node: VPWR
Cell sky130_fd_sc_hd__o21ai_0 disconnected node: Y

Cell sky130_fd_sc_hd__o21ai_0 disconnected node: A1
Cell sky130_fd_sc_hd__o21ai_0 disconnected node: A2
Cell sky130_fd_sc_hd__o21ai_0 disconnected node: B1
Cell sky130_fd_sc_hd__o21ai_0 disconnected node: VGND
Cell sky130_fd_sc_hd__o21ai_0 disconnected node: VNB
Cell sky130_fd_sc_hd__o21ai_0 disconnected node: VPB
Cell sky130_fd_sc_hd__o21ai_0 disconnected node: VPWR
Cell sky130_fd_sc_hd__o21ai_0 disconnected node: Y
Equate pins:  cell sky130_fd_sc_hd__o21ai_0 and/or sky130_fd_sc_hd__o21ai_0 has no elements.

Cell sky130_fd_sc_hd__nor4b_1 disconnected node: A
Cell sky130_fd_sc_hd__nor4b_1 disconnected node: B
Cell sky130_fd_sc_hd__nor4b_1 disconnected node: C
Cell sky130_fd_sc_hd__nor4b_1 disconnected node: D_N
Cell sky130_fd_sc_hd__nor4b_1 disconnected node: VGND
Cell sky130_fd_sc_hd__nor4b_1 disconnected node: VNB
Cell sky130_fd_sc_hd__nor4b_1 disconnected node: VPB
Cell sky130_fd_sc_hd__nor4b_1 disconnected node: VPWR
Cell sky130_fd_sc_hd__nor4b_1 disconnected node: Y

Cell sky130_fd_sc_hd__nor4b_1 disconnected node: A
Cell sky130_fd_sc_hd__nor4b_1 disconnected node: B
Cell sky130_fd_sc_hd__nor4b_1 disconnected node: C
Cell sky130_fd_sc_hd__nor4b_1 disconnected node: D_N
Cell sky130_fd_sc_hd__nor4b_1 disconnected node: VGND
Cell sky130_fd_sc_hd__nor4b_1 disconnected node: VNB
Cell sky130_fd_sc_hd__nor4b_1 disconnected node: VPB
Cell sky130_fd_sc_hd__nor4b_1 disconnected node: VPWR
Cell sky130_fd_sc_hd__nor4b_1 disconnected node: Y
Equate pins:  cell sky130_fd_sc_hd__nor4b_1 and/or sky130_fd_sc_hd__nor4b_1 has no elements.

Cell sky130_fd_sc_hd__nor3b_1 disconnected node: A
Cell sky130_fd_sc_hd__nor3b_1 disconnected node: B
Cell sky130_fd_sc_hd__nor3b_1 disconnected node: C_N
Cell sky130_fd_sc_hd__nor3b_1 disconnected node: VGND
Cell sky130_fd_sc_hd__nor3b_1 disconnected node: VNB
Cell sky130_fd_sc_hd__nor3b_1 disconnected node: VPB
Cell sky130_fd_sc_hd__nor3b_1 disconnected node: VPWR
Cell sky130_fd_sc_hd__nor3b_1 disconnected node: Y

Cell sky130_fd_sc_hd__nor3b_1 disconnected node: A
Cell sky130_fd_sc_hd__nor3b_1 disconnected node: B
Cell sky130_fd_sc_hd__nor3b_1 disconnected node: C_N
Cell sky130_fd_sc_hd__nor3b_1 disconnected node: VGND
Cell sky130_fd_sc_hd__nor3b_1 disconnected node: VNB
Cell sky130_fd_sc_hd__nor3b_1 disconnected node: VPB
Cell sky130_fd_sc_hd__nor3b_1 disconnected node: VPWR
Cell sky130_fd_sc_hd__nor3b_1 disconnected node: Y
Equate pins:  cell sky130_fd_sc_hd__nor3b_1 and/or sky130_fd_sc_hd__nor3b_1 has no elements.

Cell sky130_fd_sc_hd__nand3_1 disconnected node: A
Cell sky130_fd_sc_hd__nand3_1 disconnected node: B
Cell sky130_fd_sc_hd__nand3_1 disconnected node: C
Cell sky130_fd_sc_hd__nand3_1 disconnected node: VGND
Cell sky130_fd_sc_hd__nand3_1 disconnected node: VNB
Cell sky130_fd_sc_hd__nand3_1 disconnected node: VPB
Cell sky130_fd_sc_hd__nand3_1 disconnected node: VPWR
Cell sky130_fd_sc_hd__nand3_1 disconnected node: Y

Cell sky130_fd_sc_hd__nand3_1 disconnected node: A
Cell sky130_fd_sc_hd__nand3_1 disconnected node: B
Cell sky130_fd_sc_hd__nand3_1 disconnected node: C
Cell sky130_fd_sc_hd__nand3_1 disconnected node: VGND
Cell sky130_fd_sc_hd__nand3_1 disconnected node: VNB
Cell sky130_fd_sc_hd__nand3_1 disconnected node: VPB
Cell sky130_fd_sc_hd__nand3_1 disconnected node: VPWR
Cell sky130_fd_sc_hd__nand3_1 disconnected node: Y
Equate pins:  cell sky130_fd_sc_hd__nand3_1 and/or sky130_fd_sc_hd__nand3_1 has no elements.

Cell sky130_fd_sc_hd__and2_0 disconnected node: A
Cell sky130_fd_sc_hd__and2_0 disconnected node: B
Cell sky130_fd_sc_hd__and2_0 disconnected node: VGND
Cell sky130_fd_sc_hd__and2_0 disconnected node: VNB
Cell sky130_fd_sc_hd__and2_0 disconnected node: VPB
Cell sky130_fd_sc_hd__and2_0 disconnected node: VPWR
Cell sky130_fd_sc_hd__and2_0 disconnected node: X

Cell sky130_fd_sc_hd__and2_0 disconnected node: A
Cell sky130_fd_sc_hd__and2_0 disconnected node: B
Cell sky130_fd_sc_hd__and2_0 disconnected node: VGND
Cell sky130_fd_sc_hd__and2_0 disconnected node: VNB
Cell sky130_fd_sc_hd__and2_0 disconnected node: VPB
Cell sky130_fd_sc_hd__and2_0 disconnected node: VPWR
Cell sky130_fd_sc_hd__and2_0 disconnected node: X
Equate pins:  cell sky130_fd_sc_hd__and2_0 and/or sky130_fd_sc_hd__and2_0 has no elements.

Cell sky130_fd_sc_hd__a22oi_1 disconnected node: A1
Cell sky130_fd_sc_hd__a22oi_1 disconnected node: A2
Cell sky130_fd_sc_hd__a22oi_1 disconnected node: B1
Cell sky130_fd_sc_hd__a22oi_1 disconnected node: B2
Cell sky130_fd_sc_hd__a22oi_1 disconnected node: VGND
Cell sky130_fd_sc_hd__a22oi_1 disconnected node: VNB
Cell sky130_fd_sc_hd__a22oi_1 disconnected node: VPB
Cell sky130_fd_sc_hd__a22oi_1 disconnected node: VPWR
Cell sky130_fd_sc_hd__a22oi_1 disconnected node: Y

Cell sky130_fd_sc_hd__a22oi_1 disconnected node: A1
Cell sky130_fd_sc_hd__a22oi_1 disconnected node: A2
Cell sky130_fd_sc_hd__a22oi_1 disconnected node: B1
Cell sky130_fd_sc_hd__a22oi_1 disconnected node: B2
Cell sky130_fd_sc_hd__a22oi_1 disconnected node: VGND
Cell sky130_fd_sc_hd__a22oi_1 disconnected node: VNB
Cell sky130_fd_sc_hd__a22oi_1 disconnected node: VPB
Cell sky130_fd_sc_hd__a22oi_1 disconnected node: VPWR
Cell sky130_fd_sc_hd__a22oi_1 disconnected node: Y
Equate pins:  cell sky130_fd_sc_hd__a22oi_1 and/or sky130_fd_sc_hd__a22oi_1 has no elements.

Cell sky130_fd_sc_hd__nor3_1 disconnected node: A
Cell sky130_fd_sc_hd__nor3_1 disconnected node: B
Cell sky130_fd_sc_hd__nor3_1 disconnected node: C
Cell sky130_fd_sc_hd__nor3_1 disconnected node: VGND
Cell sky130_fd_sc_hd__nor3_1 disconnected node: VNB
Cell sky130_fd_sc_hd__nor3_1 disconnected node: VPB
Cell sky130_fd_sc_hd__nor3_1 disconnected node: VPWR
Cell sky130_fd_sc_hd__nor3_1 disconnected node: Y

Cell sky130_fd_sc_hd__nor3_1 disconnected node: A
Cell sky130_fd_sc_hd__nor3_1 disconnected node: B
Cell sky130_fd_sc_hd__nor3_1 disconnected node: C
Cell sky130_fd_sc_hd__nor3_1 disconnected node: VGND
Cell sky130_fd_sc_hd__nor3_1 disconnected node: VNB
Cell sky130_fd_sc_hd__nor3_1 disconnected node: VPB
Cell sky130_fd_sc_hd__nor3_1 disconnected node: VPWR
Cell sky130_fd_sc_hd__nor3_1 disconnected node: Y
Equate pins:  cell sky130_fd_sc_hd__nor3_1 and/or sky130_fd_sc_hd__nor3_1 has no elements.

Cell sky130_fd_sc_hd__clkinv_1 disconnected node: A
Cell sky130_fd_sc_hd__clkinv_1 disconnected node: VGND
Cell sky130_fd_sc_hd__clkinv_1 disconnected node: VNB
Cell sky130_fd_sc_hd__clkinv_1 disconnected node: VPB
Cell sky130_fd_sc_hd__clkinv_1 disconnected node: VPWR
Cell sky130_fd_sc_hd__clkinv_1 disconnected node: Y

Cell sky130_fd_sc_hd__clkinv_1 disconnected node: A
Cell sky130_fd_sc_hd__clkinv_1 disconnected node: VGND
Cell sky130_fd_sc_hd__clkinv_1 disconnected node: VNB
Cell sky130_fd_sc_hd__clkinv_1 disconnected node: VPB
Cell sky130_fd_sc_hd__clkinv_1 disconnected node: VPWR
Cell sky130_fd_sc_hd__clkinv_1 disconnected node: Y
Equate pins:  cell sky130_fd_sc_hd__clkinv_1 and/or sky130_fd_sc_hd__clkinv_1 has no elements.

Cell sky130_fd_sc_hd__nand2b_1 disconnected node: A_N
Cell sky130_fd_sc_hd__nand2b_1 disconnected node: B
Cell sky130_fd_sc_hd__nand2b_1 disconnected node: VGND
Cell sky130_fd_sc_hd__nand2b_1 disconnected node: VNB
Cell sky130_fd_sc_hd__nand2b_1 disconnected node: VPB
Cell sky130_fd_sc_hd__nand2b_1 disconnected node: VPWR
Cell sky130_fd_sc_hd__nand2b_1 disconnected node: Y

Cell sky130_fd_sc_hd__nand2b_1 disconnected node: A_N
Cell sky130_fd_sc_hd__nand2b_1 disconnected node: B
Cell sky130_fd_sc_hd__nand2b_1 disconnected node: VGND
Cell sky130_fd_sc_hd__nand2b_1 disconnected node: VNB
Cell sky130_fd_sc_hd__nand2b_1 disconnected node: VPB
Cell sky130_fd_sc_hd__nand2b_1 disconnected node: VPWR
Cell sky130_fd_sc_hd__nand2b_1 disconnected node: Y
Equate pins:  cell sky130_fd_sc_hd__nand2b_1 and/or sky130_fd_sc_hd__nand2b_1 has no elements.

Cell sky130_fd_sc_hd__a32o_1 disconnected node: A1
Cell sky130_fd_sc_hd__a32o_1 disconnected node: A2
Cell sky130_fd_sc_hd__a32o_1 disconnected node: A3
Cell sky130_fd_sc_hd__a32o_1 disconnected node: B1
Cell sky130_fd_sc_hd__a32o_1 disconnected node: B2
Cell sky130_fd_sc_hd__a32o_1 disconnected node: VGND
Cell sky130_fd_sc_hd__a32o_1 disconnected node: VNB
Cell sky130_fd_sc_hd__a32o_1 disconnected node: VPB
Cell sky130_fd_sc_hd__a32o_1 disconnected node: VPWR
Cell sky130_fd_sc_hd__a32o_1 disconnected node: X

Cell sky130_fd_sc_hd__a32o_1 disconnected node: A1
Cell sky130_fd_sc_hd__a32o_1 disconnected node: A2
Cell sky130_fd_sc_hd__a32o_1 disconnected node: A3
Cell sky130_fd_sc_hd__a32o_1 disconnected node: B1
Cell sky130_fd_sc_hd__a32o_1 disconnected node: B2
Cell sky130_fd_sc_hd__a32o_1 disconnected node: VGND
Cell sky130_fd_sc_hd__a32o_1 disconnected node: VNB
Cell sky130_fd_sc_hd__a32o_1 disconnected node: VPB
Cell sky130_fd_sc_hd__a32o_1 disconnected node: VPWR
Cell sky130_fd_sc_hd__a32o_1 disconnected node: X
Equate pins:  cell sky130_fd_sc_hd__a32o_1 and/or sky130_fd_sc_hd__a32o_1 has no elements.

Cell sky130_fd_sc_hd__lpflow_inputiso1p_1 disconnected node: A
Cell sky130_fd_sc_hd__lpflow_inputiso1p_1 disconnected node: SLEEP
Cell sky130_fd_sc_hd__lpflow_inputiso1p_1 disconnected node: VGND
Cell sky130_fd_sc_hd__lpflow_inputiso1p_1 disconnected node: VNB
Cell sky130_fd_sc_hd__lpflow_inputiso1p_1 disconnected node: VPB
Cell sky130_fd_sc_hd__lpflow_inputiso1p_1 disconnected node: VPWR
Cell sky130_fd_sc_hd__lpflow_inputiso1p_1 disconnected node: X

Cell sky130_fd_sc_hd__lpflow_inputiso1p_1 disconnected node: A
Cell sky130_fd_sc_hd__lpflow_inputiso1p_1 disconnected node: SLEEP
Cell sky130_fd_sc_hd__lpflow_inputiso1p_1 disconnected node: VGND
Cell sky130_fd_sc_hd__lpflow_inputiso1p_1 disconnected node: VNB
Cell sky130_fd_sc_hd__lpflow_inputiso1p_1 disconnected node: VPB
Cell sky130_fd_sc_hd__lpflow_inputiso1p_1 disconnected node: VPWR
Cell sky130_fd_sc_hd__lpflow_inputiso1p_1 disconnected node: X
Equate pins:  cell sky130_fd_sc_hd__lpflow_inputiso1p_1 and/or sky130_fd_sc_hd__lpflow_inputiso1p_1 has no elements.

Cell sky130_fd_sc_hd__a2111oi_0 disconnected node: A1
Cell sky130_fd_sc_hd__a2111oi_0 disconnected node: A2
Cell sky130_fd_sc_hd__a2111oi_0 disconnected node: B1
Cell sky130_fd_sc_hd__a2111oi_0 disconnected node: C1
Cell sky130_fd_sc_hd__a2111oi_0 disconnected node: D1
Cell sky130_fd_sc_hd__a2111oi_0 disconnected node: VGND
Cell sky130_fd_sc_hd__a2111oi_0 disconnected node: VNB
Cell sky130_fd_sc_hd__a2111oi_0 disconnected node: VPB
Cell sky130_fd_sc_hd__a2111oi_0 disconnected node: VPWR
Cell sky130_fd_sc_hd__a2111oi_0 disconnected node: Y

Cell sky130_fd_sc_hd__a2111oi_0 disconnected node: A1
Cell sky130_fd_sc_hd__a2111oi_0 disconnected node: A2
Cell sky130_fd_sc_hd__a2111oi_0 disconnected node: B1
Cell sky130_fd_sc_hd__a2111oi_0 disconnected node: C1
Cell sky130_fd_sc_hd__a2111oi_0 disconnected node: D1
Cell sky130_fd_sc_hd__a2111oi_0 disconnected node: VGND
Cell sky130_fd_sc_hd__a2111oi_0 disconnected node: VNB
Cell sky130_fd_sc_hd__a2111oi_0 disconnected node: VPB
Cell sky130_fd_sc_hd__a2111oi_0 disconnected node: VPWR
Cell sky130_fd_sc_hd__a2111oi_0 disconnected node: Y
Equate pins:  cell sky130_fd_sc_hd__a2111oi_0 and/or sky130_fd_sc_hd__a2111oi_0 has no elements.

Cell sky130_fd_sc_hd__a221oi_1 disconnected node: A1
Cell sky130_fd_sc_hd__a221oi_1 disconnected node: A2
Cell sky130_fd_sc_hd__a221oi_1 disconnected node: B1
Cell sky130_fd_sc_hd__a221oi_1 disconnected node: B2
Cell sky130_fd_sc_hd__a221oi_1 disconnected node: C1
Cell sky130_fd_sc_hd__a221oi_1 disconnected node: VGND
Cell sky130_fd_sc_hd__a221oi_1 disconnected node: VNB
Cell sky130_fd_sc_hd__a221oi_1 disconnected node: VPB
Cell sky130_fd_sc_hd__a221oi_1 disconnected node: VPWR
Cell sky130_fd_sc_hd__a221oi_1 disconnected node: Y

Cell sky130_fd_sc_hd__a221oi_1 disconnected node: A1
Cell sky130_fd_sc_hd__a221oi_1 disconnected node: A2
Cell sky130_fd_sc_hd__a221oi_1 disconnected node: B1
Cell sky130_fd_sc_hd__a221oi_1 disconnected node: B2
Cell sky130_fd_sc_hd__a221oi_1 disconnected node: C1
Cell sky130_fd_sc_hd__a221oi_1 disconnected node: VGND
Cell sky130_fd_sc_hd__a221oi_1 disconnected node: VNB
Cell sky130_fd_sc_hd__a221oi_1 disconnected node: VPB
Cell sky130_fd_sc_hd__a221oi_1 disconnected node: VPWR
Cell sky130_fd_sc_hd__a221oi_1 disconnected node: Y
Equate pins:  cell sky130_fd_sc_hd__a221oi_1 and/or sky130_fd_sc_hd__a221oi_1 has no elements.

Cell sky130_fd_sc_hd__dfstp_2 disconnected node: CLK
Cell sky130_fd_sc_hd__dfstp_2 disconnected node: D
Cell sky130_fd_sc_hd__dfstp_2 disconnected node: SET_B
Cell sky130_fd_sc_hd__dfstp_2 disconnected node: VGND
Cell sky130_fd_sc_hd__dfstp_2 disconnected node: VNB
Cell sky130_fd_sc_hd__dfstp_2 disconnected node: VPB
Cell sky130_fd_sc_hd__dfstp_2 disconnected node: VPWR
Cell sky130_fd_sc_hd__dfstp_2 disconnected node: Q

Cell sky130_fd_sc_hd__dfstp_2 disconnected node: CLK
Cell sky130_fd_sc_hd__dfstp_2 disconnected node: D
Cell sky130_fd_sc_hd__dfstp_2 disconnected node: SET_B
Cell sky130_fd_sc_hd__dfstp_2 disconnected node: VGND
Cell sky130_fd_sc_hd__dfstp_2 disconnected node: VNB
Cell sky130_fd_sc_hd__dfstp_2 disconnected node: VPB
Cell sky130_fd_sc_hd__dfstp_2 disconnected node: VPWR
Cell sky130_fd_sc_hd__dfstp_2 disconnected node: Q
Equate pins:  cell sky130_fd_sc_hd__dfstp_2 and/or sky130_fd_sc_hd__dfstp_2 has no elements.

Cell sky130_fd_sc_hd__a21oi_1 disconnected node: A1
Cell sky130_fd_sc_hd__a21oi_1 disconnected node: A2
Cell sky130_fd_sc_hd__a21oi_1 disconnected node: B1
Cell sky130_fd_sc_hd__a21oi_1 disconnected node: VGND
Cell sky130_fd_sc_hd__a21oi_1 disconnected node: VNB
Cell sky130_fd_sc_hd__a21oi_1 disconnected node: VPB
Cell sky130_fd_sc_hd__a21oi_1 disconnected node: VPWR
Cell sky130_fd_sc_hd__a21oi_1 disconnected node: Y

Cell sky130_fd_sc_hd__a21oi_1 disconnected node: A1
Cell sky130_fd_sc_hd__a21oi_1 disconnected node: A2
Cell sky130_fd_sc_hd__a21oi_1 disconnected node: B1
Cell sky130_fd_sc_hd__a21oi_1 disconnected node: VGND
Cell sky130_fd_sc_hd__a21oi_1 disconnected node: VNB
Cell sky130_fd_sc_hd__a21oi_1 disconnected node: VPB
Cell sky130_fd_sc_hd__a21oi_1 disconnected node: VPWR
Cell sky130_fd_sc_hd__a21oi_1 disconnected node: Y
Equate pins:  cell sky130_fd_sc_hd__a21oi_1 and/or sky130_fd_sc_hd__a21oi_1 has no elements.

Cell sky130_fd_sc_hd__decap_3 disconnected node: VGND
Cell sky130_fd_sc_hd__decap_3 disconnected node: VNB
Cell sky130_fd_sc_hd__decap_3 disconnected node: VPB
Cell sky130_fd_sc_hd__decap_3 disconnected node: VPWR

Cell sky130_fd_sc_hd__decap_3 disconnected node: VGND
Cell sky130_fd_sc_hd__decap_3 disconnected node: VNB
Cell sky130_fd_sc_hd__decap_3 disconnected node: VPB
Cell sky130_fd_sc_hd__decap_3 disconnected node: VPWR
Equate pins:  cell sky130_fd_sc_hd__decap_3 and/or sky130_fd_sc_hd__decap_3 has no elements.

Cell sky130_fd_sc_hd__or3_1 disconnected node: A
Cell sky130_fd_sc_hd__or3_1 disconnected node: B
Cell sky130_fd_sc_hd__or3_1 disconnected node: C
Cell sky130_fd_sc_hd__or3_1 disconnected node: VGND
Cell sky130_fd_sc_hd__or3_1 disconnected node: VNB
Cell sky130_fd_sc_hd__or3_1 disconnected node: VPB
Cell sky130_fd_sc_hd__or3_1 disconnected node: VPWR
Cell sky130_fd_sc_hd__or3_1 disconnected node: X

Cell sky130_fd_sc_hd__or3_1 disconnected node: A
Cell sky130_fd_sc_hd__or3_1 disconnected node: B
Cell sky130_fd_sc_hd__or3_1 disconnected node: C
Cell sky130_fd_sc_hd__or3_1 disconnected node: VGND
Cell sky130_fd_sc_hd__or3_1 disconnected node: VNB
Cell sky130_fd_sc_hd__or3_1 disconnected node: VPB
Cell sky130_fd_sc_hd__or3_1 disconnected node: VPWR
Cell sky130_fd_sc_hd__or3_1 disconnected node: X
Equate pins:  cell sky130_fd_sc_hd__or3_1 and/or sky130_fd_sc_hd__or3_1 has no elements.

Cell sky130_fd_sc_hd__a211o_1 disconnected node: A1
Cell sky130_fd_sc_hd__a211o_1 disconnected node: A2
Cell sky130_fd_sc_hd__a211o_1 disconnected node: B1
Cell sky130_fd_sc_hd__a211o_1 disconnected node: C1
Cell sky130_fd_sc_hd__a211o_1 disconnected node: VGND
Cell sky130_fd_sc_hd__a211o_1 disconnected node: VNB
Cell sky130_fd_sc_hd__a211o_1 disconnected node: VPB
Cell sky130_fd_sc_hd__a211o_1 disconnected node: VPWR
Cell sky130_fd_sc_hd__a211o_1 disconnected node: X

Cell sky130_fd_sc_hd__a211o_1 disconnected node: A1
Cell sky130_fd_sc_hd__a211o_1 disconnected node: A2
Cell sky130_fd_sc_hd__a211o_1 disconnected node: B1
Cell sky130_fd_sc_hd__a211o_1 disconnected node: C1
Cell sky130_fd_sc_hd__a211o_1 disconnected node: VGND
Cell sky130_fd_sc_hd__a211o_1 disconnected node: VNB
Cell sky130_fd_sc_hd__a211o_1 disconnected node: VPB
Cell sky130_fd_sc_hd__a211o_1 disconnected node: VPWR
Cell sky130_fd_sc_hd__a211o_1 disconnected node: X
Equate pins:  cell sky130_fd_sc_hd__a211o_1 and/or sky130_fd_sc_hd__a211o_1 has no elements.

Cell sky130_fd_sc_hd__clkbuf_16 disconnected node: A
Cell sky130_fd_sc_hd__clkbuf_16 disconnected node: VGND
Cell sky130_fd_sc_hd__clkbuf_16 disconnected node: VNB
Cell sky130_fd_sc_hd__clkbuf_16 disconnected node: VPB
Cell sky130_fd_sc_hd__clkbuf_16 disconnected node: VPWR
Cell sky130_fd_sc_hd__clkbuf_16 disconnected node: X

Cell sky130_fd_sc_hd__clkbuf_16 disconnected node: A
Cell sky130_fd_sc_hd__clkbuf_16 disconnected node: VGND
Cell sky130_fd_sc_hd__clkbuf_16 disconnected node: VNB
Cell sky130_fd_sc_hd__clkbuf_16 disconnected node: VPB
Cell sky130_fd_sc_hd__clkbuf_16 disconnected node: VPWR
Cell sky130_fd_sc_hd__clkbuf_16 disconnected node: X
Equate pins:  cell sky130_fd_sc_hd__clkbuf_16 and/or sky130_fd_sc_hd__clkbuf_16 has no elements.

Cell sky130_fd_sc_hd__o32ai_1 disconnected node: A1
Cell sky130_fd_sc_hd__o32ai_1 disconnected node: A2
Cell sky130_fd_sc_hd__o32ai_1 disconnected node: A3
Cell sky130_fd_sc_hd__o32ai_1 disconnected node: B1
Cell sky130_fd_sc_hd__o32ai_1 disconnected node: B2
Cell sky130_fd_sc_hd__o32ai_1 disconnected node: VGND
Cell sky130_fd_sc_hd__o32ai_1 disconnected node: VNB
Cell sky130_fd_sc_hd__o32ai_1 disconnected node: VPB
Cell sky130_fd_sc_hd__o32ai_1 disconnected node: VPWR
Cell sky130_fd_sc_hd__o32ai_1 disconnected node: Y

Cell sky130_fd_sc_hd__o32ai_1 disconnected node: A1
Cell sky130_fd_sc_hd__o32ai_1 disconnected node: A2
Cell sky130_fd_sc_hd__o32ai_1 disconnected node: A3
Cell sky130_fd_sc_hd__o32ai_1 disconnected node: B1
Cell sky130_fd_sc_hd__o32ai_1 disconnected node: B2
Cell sky130_fd_sc_hd__o32ai_1 disconnected node: VGND
Cell sky130_fd_sc_hd__o32ai_1 disconnected node: VNB
Cell sky130_fd_sc_hd__o32ai_1 disconnected node: VPB
Cell sky130_fd_sc_hd__o32ai_1 disconnected node: VPWR
Cell sky130_fd_sc_hd__o32ai_1 disconnected node: Y
Equate pins:  cell sky130_fd_sc_hd__o32ai_1 and/or sky130_fd_sc_hd__o32ai_1 has no elements.

Cell sky130_fd_sc_hd__o22ai_1 disconnected node: A1
Cell sky130_fd_sc_hd__o22ai_1 disconnected node: A2
Cell sky130_fd_sc_hd__o22ai_1 disconnected node: B1
Cell sky130_fd_sc_hd__o22ai_1 disconnected node: B2
Cell sky130_fd_sc_hd__o22ai_1 disconnected node: VGND
Cell sky130_fd_sc_hd__o22ai_1 disconnected node: VNB
Cell sky130_fd_sc_hd__o22ai_1 disconnected node: VPB
Cell sky130_fd_sc_hd__o22ai_1 disconnected node: VPWR
Cell sky130_fd_sc_hd__o22ai_1 disconnected node: Y

Cell sky130_fd_sc_hd__o22ai_1 disconnected node: A1
Cell sky130_fd_sc_hd__o22ai_1 disconnected node: A2
Cell sky130_fd_sc_hd__o22ai_1 disconnected node: B1
Cell sky130_fd_sc_hd__o22ai_1 disconnected node: B2
Cell sky130_fd_sc_hd__o22ai_1 disconnected node: VGND
Cell sky130_fd_sc_hd__o22ai_1 disconnected node: VNB
Cell sky130_fd_sc_hd__o22ai_1 disconnected node: VPB
Cell sky130_fd_sc_hd__o22ai_1 disconnected node: VPWR
Cell sky130_fd_sc_hd__o22ai_1 disconnected node: Y
Equate pins:  cell sky130_fd_sc_hd__o22ai_1 and/or sky130_fd_sc_hd__o22ai_1 has no elements.

Cell sky130_fd_sc_hd__o31ai_1 disconnected node: A1
Cell sky130_fd_sc_hd__o31ai_1 disconnected node: A2
Cell sky130_fd_sc_hd__o31ai_1 disconnected node: A3
Cell sky130_fd_sc_hd__o31ai_1 disconnected node: B1
Cell sky130_fd_sc_hd__o31ai_1 disconnected node: VGND
Cell sky130_fd_sc_hd__o31ai_1 disconnected node: VNB
Cell sky130_fd_sc_hd__o31ai_1 disconnected node: VPB
Cell sky130_fd_sc_hd__o31ai_1 disconnected node: VPWR
Cell sky130_fd_sc_hd__o31ai_1 disconnected node: Y

Cell sky130_fd_sc_hd__o31ai_1 disconnected node: A1
Cell sky130_fd_sc_hd__o31ai_1 disconnected node: A2
Cell sky130_fd_sc_hd__o31ai_1 disconnected node: A3
Cell sky130_fd_sc_hd__o31ai_1 disconnected node: B1
Cell sky130_fd_sc_hd__o31ai_1 disconnected node: VGND
Cell sky130_fd_sc_hd__o31ai_1 disconnected node: VNB
Cell sky130_fd_sc_hd__o31ai_1 disconnected node: VPB
Cell sky130_fd_sc_hd__o31ai_1 disconnected node: VPWR
Cell sky130_fd_sc_hd__o31ai_1 disconnected node: Y
Equate pins:  cell sky130_fd_sc_hd__o31ai_1 and/or sky130_fd_sc_hd__o31ai_1 has no elements.

Cell sky130_fd_sc_hd__or4_1 disconnected node: A
Cell sky130_fd_sc_hd__or4_1 disconnected node: B
Cell sky130_fd_sc_hd__or4_1 disconnected node: C
Cell sky130_fd_sc_hd__or4_1 disconnected node: D
Cell sky130_fd_sc_hd__or4_1 disconnected node: VGND
Cell sky130_fd_sc_hd__or4_1 disconnected node: VNB
Cell sky130_fd_sc_hd__or4_1 disconnected node: VPB
Cell sky130_fd_sc_hd__or4_1 disconnected node: VPWR
Cell sky130_fd_sc_hd__or4_1 disconnected node: X

Cell sky130_fd_sc_hd__or4_1 disconnected node: A
Cell sky130_fd_sc_hd__or4_1 disconnected node: B
Cell sky130_fd_sc_hd__or4_1 disconnected node: C
Cell sky130_fd_sc_hd__or4_1 disconnected node: D
Cell sky130_fd_sc_hd__or4_1 disconnected node: VGND
Cell sky130_fd_sc_hd__or4_1 disconnected node: VNB
Cell sky130_fd_sc_hd__or4_1 disconnected node: VPB
Cell sky130_fd_sc_hd__or4_1 disconnected node: VPWR
Cell sky130_fd_sc_hd__or4_1 disconnected node: X
Equate pins:  cell sky130_fd_sc_hd__or4_1 and/or sky130_fd_sc_hd__or4_1 has no elements.

Cell sky130_fd_sc_hd__nand4b_1 disconnected node: A_N
Cell sky130_fd_sc_hd__nand4b_1 disconnected node: B
Cell sky130_fd_sc_hd__nand4b_1 disconnected node: C
Cell sky130_fd_sc_hd__nand4b_1 disconnected node: D
Cell sky130_fd_sc_hd__nand4b_1 disconnected node: VGND
Cell sky130_fd_sc_hd__nand4b_1 disconnected node: VNB
Cell sky130_fd_sc_hd__nand4b_1 disconnected node: VPB
Cell sky130_fd_sc_hd__nand4b_1 disconnected node: VPWR
Cell sky130_fd_sc_hd__nand4b_1 disconnected node: Y

Cell sky130_fd_sc_hd__nand4b_1 disconnected node: A_N
Cell sky130_fd_sc_hd__nand4b_1 disconnected node: B
Cell sky130_fd_sc_hd__nand4b_1 disconnected node: C
Cell sky130_fd_sc_hd__nand4b_1 disconnected node: D
Cell sky130_fd_sc_hd__nand4b_1 disconnected node: VGND
Cell sky130_fd_sc_hd__nand4b_1 disconnected node: VNB
Cell sky130_fd_sc_hd__nand4b_1 disconnected node: VPB
Cell sky130_fd_sc_hd__nand4b_1 disconnected node: VPWR
Cell sky130_fd_sc_hd__nand4b_1 disconnected node: Y
Equate pins:  cell sky130_fd_sc_hd__nand4b_1 and/or sky130_fd_sc_hd__nand4b_1 has no elements.

Cell sky130_fd_sc_hd__lpflow_isobufsrc_1 disconnected node: A
Cell sky130_fd_sc_hd__lpflow_isobufsrc_1 disconnected node: SLEEP
Cell sky130_fd_sc_hd__lpflow_isobufsrc_1 disconnected node: VGND
Cell sky130_fd_sc_hd__lpflow_isobufsrc_1 disconnected node: VNB
Cell sky130_fd_sc_hd__lpflow_isobufsrc_1 disconnected node: VPB
Cell sky130_fd_sc_hd__lpflow_isobufsrc_1 disconnected node: VPWR
Cell sky130_fd_sc_hd__lpflow_isobufsrc_1 disconnected node: X

Cell sky130_fd_sc_hd__lpflow_isobufsrc_1 disconnected node: A
Cell sky130_fd_sc_hd__lpflow_isobufsrc_1 disconnected node: SLEEP
Cell sky130_fd_sc_hd__lpflow_isobufsrc_1 disconnected node: VGND
Cell sky130_fd_sc_hd__lpflow_isobufsrc_1 disconnected node: VNB
Cell sky130_fd_sc_hd__lpflow_isobufsrc_1 disconnected node: VPB
Cell sky130_fd_sc_hd__lpflow_isobufsrc_1 disconnected node: VPWR
Cell sky130_fd_sc_hd__lpflow_isobufsrc_1 disconnected node: X
Equate pins:  cell sky130_fd_sc_hd__lpflow_isobufsrc_1 and/or sky130_fd_sc_hd__lpflow_isobufsrc_1 has no elements.

Cell sky130_fd_sc_hd__xor2_1 disconnected node: A
Cell sky130_fd_sc_hd__xor2_1 disconnected node: B
Cell sky130_fd_sc_hd__xor2_1 disconnected node: VGND
Cell sky130_fd_sc_hd__xor2_1 disconnected node: VNB
Cell sky130_fd_sc_hd__xor2_1 disconnected node: VPB
Cell sky130_fd_sc_hd__xor2_1 disconnected node: VPWR
Cell sky130_fd_sc_hd__xor2_1 disconnected node: X

Cell sky130_fd_sc_hd__xor2_1 disconnected node: A
Cell sky130_fd_sc_hd__xor2_1 disconnected node: B
Cell sky130_fd_sc_hd__xor2_1 disconnected node: VGND
Cell sky130_fd_sc_hd__xor2_1 disconnected node: VNB
Cell sky130_fd_sc_hd__xor2_1 disconnected node: VPB
Cell sky130_fd_sc_hd__xor2_1 disconnected node: VPWR
Cell sky130_fd_sc_hd__xor2_1 disconnected node: X
Equate pins:  cell sky130_fd_sc_hd__xor2_1 and/or sky130_fd_sc_hd__xor2_1 has no elements.

Cell sky130_fd_sc_hd__conb_1 disconnected node: VGND
Cell sky130_fd_sc_hd__conb_1 disconnected node: VNB
Cell sky130_fd_sc_hd__conb_1 disconnected node: VPB
Cell sky130_fd_sc_hd__conb_1 disconnected node: VPWR
Cell sky130_fd_sc_hd__conb_1 disconnected node: HI
Cell sky130_fd_sc_hd__conb_1 disconnected node: LO

Cell sky130_fd_sc_hd__conb_1 disconnected node: VGND
Cell sky130_fd_sc_hd__conb_1 disconnected node: VNB
Cell sky130_fd_sc_hd__conb_1 disconnected node: VPB
Cell sky130_fd_sc_hd__conb_1 disconnected node: VPWR
Cell sky130_fd_sc_hd__conb_1 disconnected node: HI
Cell sky130_fd_sc_hd__conb_1 disconnected node: LO
Equate pins:  cell sky130_fd_sc_hd__conb_1 and/or sky130_fd_sc_hd__conb_1 has no elements.

Cell sky130_fd_sc_hd__nor4_1 disconnected node: A
Cell sky130_fd_sc_hd__nor4_1 disconnected node: B
Cell sky130_fd_sc_hd__nor4_1 disconnected node: C
Cell sky130_fd_sc_hd__nor4_1 disconnected node: D
Cell sky130_fd_sc_hd__nor4_1 disconnected node: VGND
Cell sky130_fd_sc_hd__nor4_1 disconnected node: VNB
Cell sky130_fd_sc_hd__nor4_1 disconnected node: VPB
Cell sky130_fd_sc_hd__nor4_1 disconnected node: VPWR
Cell sky130_fd_sc_hd__nor4_1 disconnected node: Y

Cell sky130_fd_sc_hd__nor4_1 disconnected node: A
Cell sky130_fd_sc_hd__nor4_1 disconnected node: B
Cell sky130_fd_sc_hd__nor4_1 disconnected node: C
Cell sky130_fd_sc_hd__nor4_1 disconnected node: D
Cell sky130_fd_sc_hd__nor4_1 disconnected node: VGND
Cell sky130_fd_sc_hd__nor4_1 disconnected node: VNB
Cell sky130_fd_sc_hd__nor4_1 disconnected node: VPB
Cell sky130_fd_sc_hd__nor4_1 disconnected node: VPWR
Cell sky130_fd_sc_hd__nor4_1 disconnected node: Y
Equate pins:  cell sky130_fd_sc_hd__nor4_1 and/or sky130_fd_sc_hd__nor4_1 has no elements.

Cell sky130_fd_sc_hd__a21o_1 disconnected node: A1
Cell sky130_fd_sc_hd__a21o_1 disconnected node: A2
Cell sky130_fd_sc_hd__a21o_1 disconnected node: B1
Cell sky130_fd_sc_hd__a21o_1 disconnected node: VGND
Cell sky130_fd_sc_hd__a21o_1 disconnected node: VNB
Cell sky130_fd_sc_hd__a21o_1 disconnected node: VPB
Cell sky130_fd_sc_hd__a21o_1 disconnected node: VPWR
Cell sky130_fd_sc_hd__a21o_1 disconnected node: X

Cell sky130_fd_sc_hd__a21o_1 disconnected node: A1
Cell sky130_fd_sc_hd__a21o_1 disconnected node: A2
Cell sky130_fd_sc_hd__a21o_1 disconnected node: B1
Cell sky130_fd_sc_hd__a21o_1 disconnected node: VGND
Cell sky130_fd_sc_hd__a21o_1 disconnected node: VNB
Cell sky130_fd_sc_hd__a21o_1 disconnected node: VPB
Cell sky130_fd_sc_hd__a21o_1 disconnected node: VPWR
Cell sky130_fd_sc_hd__a21o_1 disconnected node: X
Equate pins:  cell sky130_fd_sc_hd__a21o_1 and/or sky130_fd_sc_hd__a21o_1 has no elements.

Cell sky130_fd_sc_hd__xnor2_1 disconnected node: A
Cell sky130_fd_sc_hd__xnor2_1 disconnected node: B
Cell sky130_fd_sc_hd__xnor2_1 disconnected node: VGND
Cell sky130_fd_sc_hd__xnor2_1 disconnected node: VNB
Cell sky130_fd_sc_hd__xnor2_1 disconnected node: VPB
Cell sky130_fd_sc_hd__xnor2_1 disconnected node: VPWR
Cell sky130_fd_sc_hd__xnor2_1 disconnected node: Y

Cell sky130_fd_sc_hd__xnor2_1 disconnected node: A
Cell sky130_fd_sc_hd__xnor2_1 disconnected node: B
Cell sky130_fd_sc_hd__xnor2_1 disconnected node: VGND
Cell sky130_fd_sc_hd__xnor2_1 disconnected node: VNB
Cell sky130_fd_sc_hd__xnor2_1 disconnected node: VPB
Cell sky130_fd_sc_hd__xnor2_1 disconnected node: VPWR
Cell sky130_fd_sc_hd__xnor2_1 disconnected node: Y
Equate pins:  cell sky130_fd_sc_hd__xnor2_1 and/or sky130_fd_sc_hd__xnor2_1 has no elements.

Cell sky130_fd_sc_hd__a21boi_0 disconnected node: A1
Cell sky130_fd_sc_hd__a21boi_0 disconnected node: A2
Cell sky130_fd_sc_hd__a21boi_0 disconnected node: B1_N
Cell sky130_fd_sc_hd__a21boi_0 disconnected node: VGND
Cell sky130_fd_sc_hd__a21boi_0 disconnected node: VNB
Cell sky130_fd_sc_hd__a21boi_0 disconnected node: VPB
Cell sky130_fd_sc_hd__a21boi_0 disconnected node: VPWR
Cell sky130_fd_sc_hd__a21boi_0 disconnected node: Y

Cell sky130_fd_sc_hd__a21boi_0 disconnected node: A1
Cell sky130_fd_sc_hd__a21boi_0 disconnected node: A2
Cell sky130_fd_sc_hd__a21boi_0 disconnected node: B1_N
Cell sky130_fd_sc_hd__a21boi_0 disconnected node: VGND
Cell sky130_fd_sc_hd__a21boi_0 disconnected node: VNB
Cell sky130_fd_sc_hd__a21boi_0 disconnected node: VPB
Cell sky130_fd_sc_hd__a21boi_0 disconnected node: VPWR
Cell sky130_fd_sc_hd__a21boi_0 disconnected node: Y
Equate pins:  cell sky130_fd_sc_hd__a21boi_0 and/or sky130_fd_sc_hd__a21boi_0 has no elements.

Cell sky130_fd_sc_hd__o22a_1 disconnected node: A1
Cell sky130_fd_sc_hd__o22a_1 disconnected node: A2
Cell sky130_fd_sc_hd__o22a_1 disconnected node: B1
Cell sky130_fd_sc_hd__o22a_1 disconnected node: B2
Cell sky130_fd_sc_hd__o22a_1 disconnected node: VGND
Cell sky130_fd_sc_hd__o22a_1 disconnected node: VNB
Cell sky130_fd_sc_hd__o22a_1 disconnected node: VPB
Cell sky130_fd_sc_hd__o22a_1 disconnected node: VPWR
Cell sky130_fd_sc_hd__o22a_1 disconnected node: X

Cell sky130_fd_sc_hd__o22a_1 disconnected node: A1
Cell sky130_fd_sc_hd__o22a_1 disconnected node: A2
Cell sky130_fd_sc_hd__o22a_1 disconnected node: B1
Cell sky130_fd_sc_hd__o22a_1 disconnected node: B2
Cell sky130_fd_sc_hd__o22a_1 disconnected node: VGND
Cell sky130_fd_sc_hd__o22a_1 disconnected node: VNB
Cell sky130_fd_sc_hd__o22a_1 disconnected node: VPB
Cell sky130_fd_sc_hd__o22a_1 disconnected node: VPWR
Cell sky130_fd_sc_hd__o22a_1 disconnected node: X
Equate pins:  cell sky130_fd_sc_hd__o22a_1 and/or sky130_fd_sc_hd__o22a_1 has no elements.

Cell sky130_fd_sc_hd__a221o_1 disconnected node: A1
Cell sky130_fd_sc_hd__a221o_1 disconnected node: A2
Cell sky130_fd_sc_hd__a221o_1 disconnected node: B1
Cell sky130_fd_sc_hd__a221o_1 disconnected node: B2
Cell sky130_fd_sc_hd__a221o_1 disconnected node: C1
Cell sky130_fd_sc_hd__a221o_1 disconnected node: VGND
Cell sky130_fd_sc_hd__a221o_1 disconnected node: VNB
Cell sky130_fd_sc_hd__a221o_1 disconnected node: VPB
Cell sky130_fd_sc_hd__a221o_1 disconnected node: VPWR
Cell sky130_fd_sc_hd__a221o_1 disconnected node: X

Cell sky130_fd_sc_hd__a221o_1 disconnected node: A1
Cell sky130_fd_sc_hd__a221o_1 disconnected node: A2
Cell sky130_fd_sc_hd__a221o_1 disconnected node: B1
Cell sky130_fd_sc_hd__a221o_1 disconnected node: B2
Cell sky130_fd_sc_hd__a221o_1 disconnected node: C1
Cell sky130_fd_sc_hd__a221o_1 disconnected node: VGND
Cell sky130_fd_sc_hd__a221o_1 disconnected node: VNB
Cell sky130_fd_sc_hd__a221o_1 disconnected node: VPB
Cell sky130_fd_sc_hd__a221o_1 disconnected node: VPWR
Cell sky130_fd_sc_hd__a221o_1 disconnected node: X
Equate pins:  cell sky130_fd_sc_hd__a221o_1 and/or sky130_fd_sc_hd__a221o_1 has no elements.

Cell tt_um_ares_sentinel_project disconnected node: ena
Cell tt_um_ares_sentinel_project disconnected node: ui_in[1]
Cell tt_um_ares_sentinel_project disconnected node: ui_in[3]
Cell tt_um_ares_sentinel_project disconnected node: uio_in[0]
Cell tt_um_ares_sentinel_project disconnected node: uio_in[1]
Cell tt_um_ares_sentinel_project disconnected node: uio_in[2]
Cell tt_um_ares_sentinel_project disconnected node: uio_in[3]
Cell tt_um_ares_sentinel_project disconnected node: uio_in[4]
Cell tt_um_ares_sentinel_project disconnected node: uio_in[5]
Cell tt_um_ares_sentinel_project disconnected node: uio_in[6]
Cell tt_um_ares_sentinel_project disconnected node: uio_in[7]

Cell tt_um_ares_sentinel_project disconnected node: ena
Cell tt_um_ares_sentinel_project disconnected node: ui_in[1]
Cell tt_um_ares_sentinel_project disconnected node: ui_in[3]
Cell tt_um_ares_sentinel_project disconnected node: uio_in[0]
Cell tt_um_ares_sentinel_project disconnected node: uio_in[1]
Cell tt_um_ares_sentinel_project disconnected node: uio_in[2]
Cell tt_um_ares_sentinel_project disconnected node: uio_in[3]
Cell tt_um_ares_sentinel_project disconnected node: uio_in[4]
Cell tt_um_ares_sentinel_project disconnected node: uio_in[5]
Cell tt_um_ares_sentinel_project disconnected node: uio_in[6]
Cell tt_um_ares_sentinel_project disconnected node: uio_in[7]
Class tt_um_ares_sentinel_project:  Merged 1844 devices.
Class tt_um_ares_sentinel_project:  Merged 1844 devices.

Cell tt_um_ares_sentinel_project disconnected node: ena
Cell tt_um_ares_sentinel_project disconnected node: ui_in[1]
Cell tt_um_ares_sentinel_project disconnected node: ui_in[3]
Cell tt_um_ares_sentinel_project disconnected node: uio_in[0]
Cell tt_um_ares_sentinel_project disconnected node: uio_in[1]
Cell tt_um_ares_sentinel_project disconnected node: uio_in[2]
Cell tt_um_ares_sentinel_project disconnected node: uio_in[3]
Cell tt_um_ares_sentinel_project disconnected node: uio_in[4]
Cell tt_um_ares_sentinel_project disconnected node: uio_in[5]
Cell tt_um_ares_sentinel_project disconnected node: uio_in[6]
Cell tt_um_ares_sentinel_project disconnected node: uio_in[7]

Cell tt_um_ares_sentinel_project disconnected node: ena
Cell tt_um_ares_sentinel_project disconnected node: ui_in[1]
Cell tt_um_ares_sentinel_project disconnected node: ui_in[3]
Cell tt_um_ares_sentinel_project disconnected node: uio_in[0]
Cell tt_um_ares_sentinel_project disconnected node: uio_in[1]
Cell tt_um_ares_sentinel_project disconnected node: uio_in[2]
Cell tt_um_ares_sentinel_project disconnected node: uio_in[3]
Cell tt_um_ares_sentinel_project disconnected node: uio_in[4]
Cell tt_um_ares_sentinel_project disconnected node: uio_in[5]
Cell tt_um_ares_sentinel_project disconnected node: uio_in[6]
Cell tt_um_ares_sentinel_project disconnected node: uio_in[7]

Subcircuit summary:
Circuit 1: tt_um_ares_sentinel_project     |Circuit 2: tt_um_ares_sentinel_project     
-------------------------------------------|-------------------------------------------
sky130_fd_sc_hd__tapvpwrvgnd_1 (1)         |sky130_fd_sc_hd__tapvpwrvgnd_1 (1)         
sky130_fd_sc_hd__fill_2 (1)                |sky130_fd_sc_hd__fill_2 (1)                
sky130_fd_sc_hd__fill_4 (1)                |sky130_fd_sc_hd__fill_4 (1)                
sky130_fd_sc_hd__fill_8 (1)                |sky130_fd_sc_hd__fill_8 (1)                
sky130_fd_sc_hd__fill_1 (1)                |sky130_fd_sc_hd__fill_1 (1)                
sky130_fd_sc_hd__dfrtp_1 (127)             |sky130_fd_sc_hd__dfrtp_1 (127)             
sky130_fd_sc_hd__nand2_1 (271)             |sky130_fd_sc_hd__nand2_1 (271)             
sky130_fd_sc_hd__a31oi_1 (8)               |sky130_fd_sc_hd__a31oi_1 (8)               
sky130_fd_sc_hd__dfxtp_1 (12)              |sky130_fd_sc_hd__dfxtp_1 (12)              
sky130_fd_sc_hd__clkbuf_2 (16)             |sky130_fd_sc_hd__clkbuf_2 (16)             
sky130_fd_sc_hd__nand4_1 (17)              |sky130_fd_sc_hd__nand4_1 (17)              
sky130_fd_sc_hd__nor2_1 (36)               |sky130_fd_sc_hd__nor2_1 (36)               
sky130_fd_sc_hd__and3_1 (9)                |sky130_fd_sc_hd__and3_1 (9)                
sky130_fd_sc_hd__a22o_1 (3)                |sky130_fd_sc_hd__a22o_1 (3)                
sky130_fd_sc_hd__a32oi_1 (3)               |sky130_fd_sc_hd__a32oi_1 (3)               
sky130_fd_sc_hd__a222oi_1 (22)             |sky130_fd_sc_hd__a222oi_1 (22)             
sky130_fd_sc_hd__o21ai_0 (72)              |sky130_fd_sc_hd__o21ai_0 (72)              
sky130_fd_sc_hd__nor4b_1 (5)               |sky130_fd_sc_hd__nor4b_1 (5)               
sky130_fd_sc_hd__nor3b_1 (2)               |sky130_fd_sc_hd__nor3b_1 (2)               
sky130_fd_sc_hd__nand3_1 (12)              |sky130_fd_sc_hd__nand3_1 (12)              
sky130_fd_sc_hd__and2_0 (5)                |sky130_fd_sc_hd__and2_0 (5)                
sky130_fd_sc_hd__a22oi_1 (12)              |sky130_fd_sc_hd__a22oi_1 (12)              
sky130_fd_sc_hd__nor3_1 (19)               |sky130_fd_sc_hd__nor3_1 (19)               
sky130_fd_sc_hd__clkinv_1 (8)              |sky130_fd_sc_hd__clkinv_1 (8)              
sky130_fd_sc_hd__nand2b_1 (8)              |sky130_fd_sc_hd__nand2b_1 (8)              
sky130_fd_sc_hd__a32o_1 (2)                |sky130_fd_sc_hd__a32o_1 (2)                
sky130_fd_sc_hd__lpflow_inputiso1p_1 (3)   |sky130_fd_sc_hd__lpflow_inputiso1p_1 (3)   
sky130_fd_sc_hd__a2111oi_0 (1)             |sky130_fd_sc_hd__a2111oi_0 (1)             
sky130_fd_sc_hd__a221oi_1 (5)              |sky130_fd_sc_hd__a221oi_1 (5)              
sky130_fd_sc_hd__dfstp_2 (3)               |sky130_fd_sc_hd__dfstp_2 (3)               
sky130_fd_sc_hd__a21oi_1 (22)              |sky130_fd_sc_hd__a21oi_1 (22)              
sky130_fd_sc_hd__decap_3 (1)               |sky130_fd_sc_hd__decap_3 (1)               
sky130_fd_sc_hd__or3_1 (3)                 |sky130_fd_sc_hd__or3_1 (3)                 
sky130_fd_sc_hd__a211o_1 (2)               |sky130_fd_sc_hd__a211o_1 (2)               
sky130_fd_sc_hd__clkbuf_16 (1)             |sky130_fd_sc_hd__clkbuf_16 (1)             
sky130_fd_sc_hd__o32ai_1 (1)               |sky130_fd_sc_hd__o32ai_1 (1)               
sky130_fd_sc_hd__o22ai_1 (2)               |sky130_fd_sc_hd__o22ai_1 (2)               
sky130_fd_sc_hd__o31ai_1 (3)               |sky130_fd_sc_hd__o31ai_1 (3)               
sky130_fd_sc_hd__or4_1 (4)                 |sky130_fd_sc_hd__or4_1 (4)                 
sky130_fd_sc_hd__nand4b_1 (1)              |sky130_fd_sc_hd__nand4b_1 (1)              
sky130_fd_sc_hd__lpflow_isobufsrc_1 (9)    |sky130_fd_sc_hd__lpflow_isobufsrc_1 (9)    
sky130_fd_sc_hd__xor2_1 (3)                |sky130_fd_sc_hd__xor2_1 (3)                
sky130_fd_sc_hd__conb_1 (8)                |sky130_fd_sc_hd__conb_1 (8)                
sky130_fd_sc_hd__nor4_1 (7)                |sky130_fd_sc_hd__nor4_1 (7)                
sky130_fd_sc_hd__a21o_1 (5)                |sky130_fd_sc_hd__a21o_1 (5)                
sky130_fd_sc_hd__xnor2_1 (3)               |sky130_fd_sc_hd__xnor2_1 (3)               
sky130_fd_sc_hd__a21boi_0 (1)              |sky130_fd_sc_hd__a21boi_0 (1)              
sky130_fd_sc_hd__o22a_1 (1)                |sky130_fd_sc_hd__o22a_1 (1)                
sky130_fd_sc_hd__a221o_1 (1)               |sky130_fd_sc_hd__a221o_1 (1)               
Number of devices: 764                     |Number of devices: 764                     
Number of nets: 776                        |Number of nets: 776                        
---------------------------------------------------------------------------------------
Netlists match uniquely.
Circuits match correctly.

Subcircuit pins:
Circuit 1: tt_um_ares_sentinel_project     |Circuit 2: tt_um_ares_sentinel_project     
-------------------------------------------|-------------------------------------------
uo_out[0]                                  |uo_out[0]                                  
uo_out[1]                                  |uo_out[1]                                  
uo_out[6]                                  |uo_out[6]                                  
uo_out[4]                                  |uo_out[4]                                  
uo_out[2]                                  |uo_out[2]                                  
uo_out[3]                                  |uo_out[3]                                  
uo_out[5]                                  |uo_out[5]                                  
uo_out[7]                                  |uo_out[7]                                  
uio_oe[0]                                  |uio_oe[0]                                  
uio_oe[1]                                  |uio_oe[1]                                  
uio_oe[2]                                  |uio_oe[2]                                  
uio_oe[3]                                  |uio_oe[3]                                  
uio_oe[4]                                  |uio_oe[4]                                  
uio_oe[5]                                  |uio_oe[5]                                  
uio_oe[6]                                  |uio_oe[6]                                  
uio_oe[7]                                  |uio_oe[7]                                  
clk                                        |clk                                        
uio_out[7]                                 |uio_out[7]                                 
uio_out[0]                                 |uio_out[0]                                 
uio_out[3]                                 |uio_out[3]                                 
uio_out[6]                                 |uio_out[6]                                 
rst_n                                      |rst_n                                      
ui_in[0]                                   |ui_in[0]                                   
ui_in[2]                                   |ui_in[2]                                   
ui_in[6]                                   |ui_in[6]                                   
ui_in[7]                                   |ui_in[7]                                   
ui_in[5]                                   |ui_in[5]                                   
ui_in[4]                                   |ui_in[4]                                   
uio_out[5]                                 |uio_out[5]                                 
uio_out[2]                                 |uio_out[2]                                 
uio_out[4]                                 |uio_out[4]                                 
uio_out[1]                                 |uio_out[1]                                 
VGND                                       |VGND                                       
VPWR                                       |VPWR                                       
ena                                        |ena                                        
ui_in[1]                                   |ui_in[1]                                   
ui_in[3]                                   |ui_in[3]                                   
uio_in[0]                                  |uio_in[0]                                  
uio_in[1]                                  |uio_in[1]                                  
uio_in[2]                                  |uio_in[2]                                  
uio_in[3]                                  |uio_in[3]                                  
uio_in[4]                                  |uio_in[4]                                  
uio_in[5]                                  |uio_in[5]                                  
uio_in[6]                                  |uio_in[6]                                  
uio_in[7]                                  |uio_in[7]                                  
---------------------------------------------------------------------------------------
Cell pin lists are equivalent.
Device classes tt_um_ares_sentinel_project and tt_um_ares_sentinel_project are equivalent.
Circuits match uniquely.
