OpenROAD f12e2f474102bfb875eeee57fb610d7d7de17770 
This program is licensed under the BSD-3 license. See the LICENSE file for details.
Components of this program may be licensed under more restrictive licenses which must be honored.
=== Step 1/10: Reading PDK LEF Files ===
[INFO ODB-0222] Reading LEF file: 05_ASIC_Synthesis/pdk/sky130_fd_sc_hd__nom.tlef
[INFO ODB-0223]     Created 13 technology layers
[INFO ODB-0224]     Created 25 technology vias
[INFO ODB-0226] Finished LEF file:  05_ASIC_Synthesis/pdk/sky130_fd_sc_hd__nom.tlef
[INFO ODB-0222] Reading LEF file: 05_ASIC_Synthesis/pdk/sky130_fd_sc_hd.lef
[WARNING ODB-0220] WARNING (LEFPARS-2008): NOWIREEXTENSIONATPIN statement is obsolete in version 5.6 or later.
The NOWIREEXTENSIONATPIN statement will be ignored. See file 05_ASIC_Synthesis/pdk/sky130_fd_sc_hd.lef at line 2.

[INFO ODB-0225]     Created 437 library cells
[INFO ODB-0226] Finished LEF file:  05_ASIC_Synthesis/pdk/sky130_fd_sc_hd.lef
=== Step 2/10: Reading Liberty Timing Library ===
=== Step 3/10: Reading Synthesized Gate-Level Netlist ===
=== Step 4/10: Linking Design & Loading SDC Constraints ===
=== Step 5/10: Floorplan & Pin Initialization from TT08 Template ===
[INFO ODB-0127] Reading DEF file: 05_ASIC_Synthesis/pdk/tt_block_1x1_pg.def
[INFO ODB-0128] Design: tt_um_template
[WARNING ODB-0249] skipping undefined net VGND encountered in FLOORPLAN DEF
[WARNING ODB-0249] skipping undefined net VPWR encountered in FLOORPLAN DEF
[INFO ODB-0252]     Updated 43 pins.
[INFO ODB-0254]     Updated 43 nets and 0 connections.
[INFO ODB-0134] Finished DEF file: 05_ASIC_Synthesis/pdk/tt_block_1x1_pg.def
=== Step 6/10: Power Distribution Network (PDN) Synthesis ===
[INFO PDN-0008] Design name is tt_um_ares_sentinel_project.
[INFO PDN-0009] Reading technology data.
[WARNING PDN-0018] No macro grid specifications found - no straps added.
[INFO PDN-0011] ****** INFO ******
Type: stdcell, stdcell_grid
    Stdcell Rails
      Layer: met1  -  width: 0.480  pitch: 5.440 
    Straps
      Layer: met4  -  width: 1.600  pitch: 38.870  offset: 16.320 
    Connect: {met1 met4}
[INFO PDN-0012] **** END INFO ****
[INFO PDN-0013] Inserting stdcell grid - stdcell_grid.
[INFO PDN-0015] Writing to database.
=== Step 7/10: Tapcell Insertion & Placement ===
[INFO TAP-0001] Found 0 macro blocks.
[INFO TAP-0002] Original rows: 39
[INFO TAP-0003] Created 0 rows for a total of 39 rows.
[INFO TAP-0004] Inserted 78 endcaps.
[INFO TAP-0005] Inserted 225 tapcells.
[INFO GPL-0002] DBU: 1000
[INFO GPL-0003] SiteSize: 460 2720
[INFO GPL-0004] CoreAreaLxLy: 2760 2720
[INFO GPL-0005] CoreAreaUxUy: 158240 108800
[INFO GPL-0006] NumInstances: 1044
[INFO GPL-0007] NumPlaceInstances: 741
[INFO GPL-0008] NumFixedInstances: 303
[INFO GPL-0009] NumDummyInstances: 0
[INFO GPL-0010] NumNets: 760
[INFO GPL-0011] NumPins: 2774
[INFO GPL-0012] DieAreaLxLy: 0 0
[INFO GPL-0013] DieAreaUxUy: 161000 111520
[INFO GPL-0014] CoreAreaLxLy: 2760 2720
[INFO GPL-0015] CoreAreaUxUy: 158240 108800
[INFO GPL-0016] CoreArea: 16493318400
[INFO GPL-0017] NonPlaceInstsArea: 574300800
[INFO GPL-0018] PlaceInstsArea: 10186019200
[INFO GPL-0019] Util(%): 63.99
[INFO GPL-0020] StdInstsArea: 10186019200
[INFO GPL-0021] MacroInstsArea: 0
[InitialPlace]  Iter: 1 CG residual: 0.00000027 HPWL: 11606760
[InitialPlace]  Iter: 2 CG residual: 0.00000019 HPWL: 6539828
[InitialPlace]  Iter: 3 CG residual: 0.00000010 HPWL: 6544279
[InitialPlace]  Iter: 4 CG residual: 0.00000012 HPWL: 6574511
[InitialPlace]  Iter: 5 CG residual: 0.00000029 HPWL: 6582178
[INFO GPL-0031] FillerInit: NumGCells: 789
[INFO GPL-0032] FillerInit: NumGNets: 760
[INFO GPL-0033] FillerInit: NumGPins: 2774
[INFO GPL-0023] TargetDensity: 0.68
[INFO GPL-0024] AveragePlaceInstArea: 13746314
[INFO GPL-0025] IdealBinArea: 20215168
[INFO GPL-0026] IdealBinCnt: 815
[INFO GPL-0027] TotalBinArea: 16493318400
[INFO GPL-0028] BinCnt: 16 16
[INFO GPL-0029] BinSize: 9718 6630
[INFO GPL-0030] NumBins: 256
[NesterovSolve] Iter: 1 overflow: 0.961779 HPWL: 2296862
[NesterovSolve] Iter: 10 overflow: 0.955775 HPWL: 2488842
[NesterovSolve] Iter: 20 overflow: 0.955354 HPWL: 2491571
[NesterovSolve] Iter: 30 overflow: 0.954302 HPWL: 2493822
[NesterovSolve] Iter: 40 overflow: 0.953439 HPWL: 2497720
[NesterovSolve] Iter: 50 overflow: 0.95302 HPWL: 2501455
[NesterovSolve] Iter: 60 overflow: 0.954516 HPWL: 2503233
[NesterovSolve] Iter: 70 overflow: 0.956325 HPWL: 2505070
[NesterovSolve] Iter: 80 overflow: 0.957171 HPWL: 2507087
[NesterovSolve] Iter: 90 overflow: 0.957093 HPWL: 2508450
[NesterovSolve] Iter: 100 overflow: 0.9562 HPWL: 2508738
[NesterovSolve] Iter: 110 overflow: 0.954799 HPWL: 2509286
[NesterovSolve] Iter: 120 overflow: 0.953773 HPWL: 2513388
[NesterovSolve] Iter: 130 overflow: 0.952595 HPWL: 2526511
[NesterovSolve] Iter: 140 overflow: 0.952531 HPWL: 2556758
[NesterovSolve] Iter: 150 overflow: 0.952374 HPWL: 2611795
[NesterovSolve] Iter: 160 overflow: 0.951914 HPWL: 2699885
[NesterovSolve] Iter: 170 overflow: 0.937606 HPWL: 2831878
[NesterovSolve] Iter: 180 overflow: 0.926179 HPWL: 2985775
[NesterovSolve] Iter: 190 overflow: 0.910061 HPWL: 3170987
[NesterovSolve] Iter: 200 overflow: 0.903064 HPWL: 3420266
[NesterovSolve] Iter: 210 overflow: 0.874413 HPWL: 3802678
[NesterovSolve] Iter: 220 overflow: 0.844257 HPWL: 4276850
[NesterovSolve] Iter: 230 overflow: 0.822232 HPWL: 4690647
[NesterovSolve] Iter: 240 overflow: 0.815327 HPWL: 5203890
[INFO GPL-0100] worst slack 8.91e-09
[INFO GPL-0103] Weighted 84 nets.
[NesterovSolve] Iter: 250 overflow: 0.770135 HPWL: 6092661
[NesterovSolve] Iter: 260 overflow: 0.73371 HPWL: 9124889
[NesterovSolve] Iter: 270 overflow: 0.757012 HPWL: 8915402
[NesterovSolve] Iter: 280 overflow: 0.770166 HPWL: 7393301
[NesterovSolve] Iter: 290 overflow: 0.752979 HPWL: 7893227
[NesterovSolve] Iter: 300 overflow: 0.675388 HPWL: 9194078
[INFO GPL-0100] worst slack 8.91e-09
[INFO GPL-0103] Weighted 84 nets.
[NesterovSolve] Iter: 310 overflow: 0.584262 HPWL: 10664361
[NesterovSolve] Iter: 320 overflow: 0.530864 HPWL: 10886311
[NesterovSolve] Iter: 330 overflow: 0.519665 HPWL: 10298690
[INFO GPL-0100] worst slack 8.91e-09
[INFO GPL-0103] Weighted 84 nets.
[NesterovSolve] Iter: 340 overflow: 0.472833 HPWL: 10565082
[NesterovSolve] Iter: 350 overflow: 0.390242 HPWL: 11463355
[NesterovSolve] Iter: 360 overflow: 0.335072 HPWL: 11951498
[NesterovSolve] Iter: 370 overflow: 0.285067 HPWL: 12192832
[INFO GPL-0100] worst slack 8.91e-09
[INFO GPL-0103] Weighted 84 nets.
[NesterovSolve] Iter: 380 overflow: 0.266926 HPWL: 12217411
[NesterovSolve] Iter: 390 overflow: 0.251014 HPWL: 12406735
[NesterovSolve] Iter: 400 overflow: 0.218375 HPWL: 12529925
[INFO GPL-0100] worst slack 8.91e-09
[INFO GPL-0103] Weighted 84 nets.
[NesterovSolve] Iter: 410 overflow: 0.194272 HPWL: 12624314
[NesterovSolve] Iter: 420 overflow: 0.15427 HPWL: 12911823
[INFO GPL-0100] worst slack 8.91e-09
[INFO GPL-0103] Weighted 84 nets.
[NesterovSolve] Iter: 430 overflow: 0.124961 HPWL: 12932181
[NesterovSolve] Iter: 440 overflow: 0.102251 HPWL: 12906924
[NesterovSolve] Finished with Overflow: 0.097568
Placement Analysis
---------------------------------
total displacement       1729.9 u
average displacement        1.7 u
max displacement            9.6 u
original HPWL           12917.5 u
legalized HPWL          14497.7 u
delta HPWL                   12 %

=== Step 8/10: Clock Tree Synthesis (CTS) ===
[WARNING CTS-0104] Clock wire resistance/capacitance values are zero.
Use set_wire_rc to set them.
[INFO CTS-0038] Number of created patterns = 50000.
[INFO CTS-0038] Number of created patterns = 100000.
[INFO CTS-0038] Number of created patterns = 150000.
[INFO CTS-0038] Number of created patterns = 200000.
[INFO CTS-0038] Number of created patterns = 250000.
[INFO CTS-0038] Number of created patterns = 300000.
[INFO CTS-0039] Number of created patterns = 313632.
[INFO CTS-0084] Compiling LUT.
Min. len    Max. len    Min. cap    Max. cap    Min. slew   Max. slew
2           8           1           34          1           30          
[WARNING CTS-0043] 6336 wires are pure wire and no slew degradation.
TritonCTS forced slew degradation on these wires.
[INFO CTS-0046]     Number of wire segments: 313632.
[INFO CTS-0047]     Number of keys in characterization LUT: 1672.
[INFO CTS-0048]     Actual min input cap: 1.
[INFO CTS-0007] Net "clk" found for clock "clk".
[INFO CTS-0010]  Clock net "clk" has 142 sinks.
[INFO CTS-0008] TritonCTS found 1 clock nets.
[INFO CTS-0097] Characterization used 4 buffer(s) types.
[INFO CTS-0027] Generating H-Tree topology for net clk.
[INFO CTS-0028]  Total number of sinks: 142.
[INFO CTS-0030]  Number of static layers: 0.
[INFO CTS-0020]  Wire segment unit: 13000  dbu (13 um).
[INFO CTS-0023]  Original sink region: [(11305, 12300), (143785, 104780)].
[INFO CTS-0024]  Normalized sink region: [(0.869615, 0.946154), (11.0604, 8.06)].
[INFO CTS-0025]     Width:  10.1908.
[INFO CTS-0026]     Height: 7.1138.
 Level 1
    Direction: Horizontal
    Sinks per sub-region: 71
    Sub-region size: 5.0954 X 7.1138
[INFO CTS-0034]     Segment length (rounded): 2.
    Key: 0 outSlew: 2 load: 1 length: 2 isBuffered: false
[WARNING CTS-0045] Creating fake entries in the LUT.
 Level 2
    Direction: Vertical
    Sinks per sub-region: 36
    Sub-region size: 5.0954 X 3.5569
[INFO CTS-0034]     Segment length (rounded): 1.
    Key: 313632 outSlew: 2 load: 1 length: 1 isBuffered: false
 Level 3
    Direction: Horizontal
    Sinks per sub-region: 18
    Sub-region size: 2.5477 X 3.5569
[INFO CTS-0034]     Segment length (rounded): 1.
    Key: 313636 outSlew: 3 load: 1 length: 1 isBuffered: false
 Out of 33 sinks, 2 sinks closer to other cluster.
 Level 4
    Direction: Vertical
    Sinks per sub-region: 9
    Sub-region size: 2.5477 X 1.7785
[INFO CTS-0034]     Segment length (rounded): 1.
    Key: 313654 outSlew: 6 load: 1 length: 1 isBuffered: true
 Out of 22 sinks, 1 sinks closer to other cluster.
 Out of 16 sinks, 1 sinks closer to other cluster.
 Out of 19 sinks, 1 sinks closer to other cluster.
 Out of 18 sinks, 1 sinks closer to other cluster.
 Out of 14 sinks, 2 sinks closer to other cluster.
 Out of 20 sinks, 1 sinks closer to other cluster.
[INFO CTS-0032]  Stop criterion found. Max number of sinks is 15.
[INFO CTS-0035]  Number of sinks covered: 142.
[INFO CTS-0036]  Average source sink dist: 23569.07 dbu.
[INFO CTS-0037]  Number of outlier sinks: 0.
[INFO CTS-0018]     Created 17 clock buffers.
[INFO CTS-0012]     Minimum number of buffers in the clock path: 2.
[INFO CTS-0013]     Maximum number of buffers in the clock path: 2.
[INFO CTS-0015]     Created 17 clock nets.
[INFO CTS-0016]     Fanout distribution for the current clock = 6:1, 7:4, 8:3, 9:3, 10:2, 12:2, 13:1..
[INFO CTS-0017]     Max level of the clock tree: 4.
[INFO CTS-0098] Clock net "clk"
[INFO CTS-0099]  Sinks 142
[INFO CTS-0100]  Leaf buffers 0
[INFO CTS-0101]  Average sink wire length 191.43 um
[INFO CTS-0102]  Path depth 2 - 2
Placement Analysis
---------------------------------
total displacement         32.2 u
average displacement        0.0 u
max displacement            3.1 u
original HPWL           15330.7 u
legalized HPWL          15336.0 u
delta HPWL                    0 %

=== Step 9/10: Filler Insertion & Routing ===
[INFO DPL-0001] Placed 1547 filler instances.
[INFO DRT-0149] Reading tech and libs.

Units:                1000
Number of layers:     13
Number of macros:     437
Number of vias:       25
Number of viarulegen: 25

[INFO DRT-0150] Reading design.

Design:                   tt_um_ares_sentinel_project
Die area:                 ( 0 0 ) ( 161000 111520 )
Number of track patterns: 12
Number of DEF vias:       3
Number of components:     2608
Number of terminals:      45
Number of snets:          2
Number of nets:           777

[INFO DRT-0167] List of default vias:
  Layer mcon
    default via: L1M1_PR
  Layer via
    default via: M1M2_PR
  Layer via2
    default via: M2M3_PR
  Layer via3
    default via: M3M4_PR
  Layer via4
    default via: M4M5_PR
[INFO DRT-0162] Library cell analysis.
[INFO DRT-0163] Instance analysis.
[INFO DRT-0164] Number of unique instances = 87.
[INFO DRT-0168] Init region query.
[INFO DRT-0024]   Complete FR_MASTERSLICE.
[INFO DRT-0024]   Complete FR_VIA.
[INFO DRT-0024]   Complete li1.
[INFO DRT-0024]   Complete mcon.
[INFO DRT-0024]   Complete met1.
[INFO DRT-0024]   Complete via.
[INFO DRT-0024]   Complete met2.
[INFO DRT-0024]   Complete via2.
[INFO DRT-0024]   Complete met3.
[INFO DRT-0024]   Complete via3.
[INFO DRT-0024]   Complete met4.
[INFO DRT-0024]   Complete via4.
[INFO DRT-0024]   Complete met5.
[INFO DRT-0033] FR_MASTERSLICE shape region query size = 0.
[INFO DRT-0033] FR_VIA shape region query size = 0.
[INFO DRT-0033] li1 shape region query size = 24756.
[INFO DRT-0033] mcon shape region query size = 27603.
[INFO DRT-0033] met1 shape region query size = 8187.
[INFO DRT-0033] via shape region query size = 800.
[INFO DRT-0033] met2 shape region query size = 320.
[INFO DRT-0033] via2 shape region query size = 640.
[INFO DRT-0033] met3 shape region query size = 320.
[INFO DRT-0033] via3 shape region query size = 640.
[INFO DRT-0033] met4 shape region query size = 219.
[INFO DRT-0033] via4 shape region query size = 0.
[INFO DRT-0033] met5 shape region query size = 0.
[INFO DRT-0165] Start pin access.
[INFO DRT-0076]   Complete 100 pins.
[INFO DRT-0076]   Complete 200 pins.
[INFO DRT-0076]   Complete 300 pins.
[INFO DRT-0078]   Complete 306 pins.
[INFO DRT-0081]   Complete 73 unique inst patterns.
[INFO DRT-0084]   Complete 458 groups.
#scanned instances     = 2608
#unique  instances     = 87
#stdCellGenAp          = 2469
#stdCellValidPlanarAp  = 18
#stdCellValidViaAp     = 1913
#stdCellPinNoAp        = 0
#stdCellPinCnt         = 2765
#instTermValidViaApCnt = 0
#macroGenAp            = 0
#macroValidPlanarAp    = 0
#macroValidViaAp       = 0
#macroNoAp             = 0
[INFO DRT-0166] Complete pin access.
[INFO DRT-0267] cpu time = 00:00:01, elapsed time = 00:00:01, memory = 576.09 (MB), peak = 590.53 (MB)
[INFO DRT-0185] Post process initialize RPin region query.

Generating GCell with size = 15 tracks, using layer li1 pitch  = 0.46
li1 V Track-Pitch = 0.46000  line-2-Via Pitch = 0.34000
met1 H Track-Pitch = 0.34000  line-2-Via Pitch = 0.32500
met2 V Track-Pitch = 0.46000  line-2-Via Pitch = 0.34000
met3 H Track-Pitch = 0.68000  line-2-Via Pitch = 0.61000
met4 V Track-Pitch = 0.92000  line-2-Via Pitch = 0.61500
met5 H Track-Pitch = 3.40000  line-2-Via Pitch = 3.11000

initializing congestion map...

start routing resource analysis ...

             Routing   #Avail     #Track     #Total     %Gcell
Layer      Direction    Track    Blocked      Gcell    Blocked
--------------------------------------------------------------
li1             V         350          0        368     91.30%
met1            H         328          0        368      0.27%
met2            V         350          0        368      0.00%
met3            H         164          0        368      0.00%
met4            V         175          0        368      0.00%
met5            H          33          0        368      0.00%
--------------------------------------------------------------
Total                    1400      0.00%       2208     15.26%

[INFO DRT-0267] cpu time = 00:00:00, elapsed time = 00:00:00, memory = 576.21 (MB), peak = 590.53 (MB)


generating net topology...
done net topology...
[INFO DRT-0032] FR_MASTERSLICE grObj region query size = 0.
[INFO DRT-0032] FR_VIA grObj region query size = 0.
[INFO DRT-0032] li1 grObj region query size = 1970.
[INFO DRT-0032] mcon grObj region query size = 0.
[INFO DRT-0032] met1 grObj region query size = 0.
[INFO DRT-0032] via grObj region query size = 0.
[INFO DRT-0032] met2 grObj region query size = 0.
[INFO DRT-0032] via2 grObj region query size = 0.
[INFO DRT-0032] met3 grObj region query size = 0.
[INFO DRT-0032] via3 grObj region query size = 0.
[INFO DRT-0032] met4 grObj region query size = 0.
[INFO DRT-0032] via4 grObj region query size = 0.
[INFO DRT-0032] met5 grObj region query size = 0.

start reporting 2D congestion ...

              #OverCon  %OverCon
Direction        GCell     GCell
--------------------------------
    H               0     0.00%
    V               0     0.00%
worstConH:  96.88%
worstConV:  63.64%


start 0th optimization iteration ...
[INFO DRT-0267] cpu time = 00:00:00, elapsed time = 00:00:00, memory = 576.40 (MB), peak = 590.53 (MB)


start 1st optimization iteration ...
[INFO DRT-0267] cpu time = 00:00:00, elapsed time = 00:00:00, memory = 576.40 (MB), peak = 590.53 (MB)


start 2nd optimization iteration ...
[INFO DRT-0267] cpu time = 00:00:00, elapsed time = 00:00:00, memory = 576.40 (MB), peak = 590.53 (MB)


start reporting 2D congestion ...

              #OverCon  %OverCon
Direction        GCell     GCell
--------------------------------
    H               0     0.00%
    V               0     0.00%
worstConH:  81.25%
worstConV:  65.22%

layer assignment...
done layer assignment...

start 0th optimization iteration ...
[INFO DRT-0267] cpu time = 00:00:00, elapsed time = 00:00:00, memory = 576.40 (MB), peak = 590.53 (MB)


start reporting 3D congestion ...

---------- li1 ----------
numOverConGCell: 0, %OverConGCell:   0.00%
---------- met1 ----------
numOverConGCell: 6, %OverConGCell:   1.63%
---------- met2 ----------
numOverConGCell: 0, %OverConGCell:   0.00%
---------- met3 ----------
numOverConGCell: 0, %OverConGCell:   0.00%
---------- met4 ----------
numOverConGCell: 0, %OverConGCell:   0.00%
---------- met5 ----------
numOverConGCell: 0, %OverConGCell:   0.00%

[WARNING DRT-0203] dbGcellGrid already exists in db. Clearing existing dbGCellGrid.
[INFO DRT-0151] Reading guide.

Number of guides:     11639

[INFO DRT-0169] Post process guides.
[INFO DRT-0176] GCELLGRID X -5 DO 23 STEP 6900 ;
[INFO DRT-0177] GCELLGRID Y -5 DO 16 STEP 6900 ;
[INFO DRT-0026]   Complete 10000 origin guides.
[INFO DRT-0028]   Complete FR_MASTERSLICE.
[INFO DRT-0028]   Complete FR_VIA.
[INFO DRT-0028]   Complete li1.
[INFO DRT-0028]   Complete mcon.
[INFO DRT-0028]   Complete met1.
[INFO DRT-0028]   Complete via.
[INFO DRT-0028]   Complete met2.
[INFO DRT-0028]   Complete via2.
[INFO DRT-0028]   Complete met3.
[INFO DRT-0028]   Complete via3.
[INFO DRT-0028]   Complete met4.
[INFO DRT-0028]   Complete via4.
[INFO DRT-0028]   Complete met5.
[INFO DRT-0178] Init guide query.
[INFO DRT-0035]   Complete FR_MASTERSLICE (guide).
[INFO DRT-0035]   Complete FR_VIA (guide).
[INFO DRT-0035]   Complete li1 (guide).
[INFO DRT-0035]   Complete mcon (guide).
[INFO DRT-0035]   Complete met1 (guide).
[INFO DRT-0035]   Complete via (guide).
[INFO DRT-0035]   Complete met2 (guide).
[INFO DRT-0035]   Complete via2 (guide).
[INFO DRT-0035]   Complete met3 (guide).
[INFO DRT-0035]   Complete via3 (guide).
[INFO DRT-0035]   Complete met4 (guide).
[INFO DRT-0035]   Complete via4 (guide).
[INFO DRT-0035]   Complete met5 (guide).
[INFO DRT-0036] FR_MASTERSLICE guide region query size = 0.
[INFO DRT-0036] FR_VIA guide region query size = 0.
[INFO DRT-0036] li1 guide region query size = 2083.
[INFO DRT-0036] mcon guide region query size = 0.
[INFO DRT-0036] met1 guide region query size = 1633.
[INFO DRT-0036] via guide region query size = 0.
[INFO DRT-0036] met2 guide region query size = 976.
[INFO DRT-0036] via2 guide region query size = 0.
[INFO DRT-0036] met3 guide region query size = 324.
[INFO DRT-0036] via3 guide region query size = 0.
[INFO DRT-0036] met4 guide region query size = 89.
[INFO DRT-0036] via4 guide region query size = 0.
[INFO DRT-0036] met5 guide region query size = 19.
[INFO DRT-0179] Init gr pin query.
[INFO DRT-0181] Start track assignment.
[INFO DRT-0184] Done with 3148 vertical wires in 1 frboxes and 1976 horizontal wires in 1 frboxes.
[INFO DRT-0186] Done with 447 vertical wires in 1 frboxes and 515 horizontal wires in 1 frboxes.
[INFO DRT-0182] Complete track assignment.
[INFO DRT-0267] cpu time = 00:00:00, elapsed time = 00:00:00, memory = 576.52 (MB), peak = 590.53 (MB)
[INFO DRT-0187] Start routing data preparation.
[INFO DRT-0267] cpu time = 00:00:00, elapsed time = 00:00:00, memory = 576.52 (MB), peak = 590.53 (MB)
[INFO DRT-0194] Start detail routing.
[INFO DRT-0195] Start 0th optimization iteration.
    Completing 10% with 0 violations.
    elapsed time = 00:00:01, memory = 576.74 (MB).
    Completing 20% with 0 violations.
    elapsed time = 00:00:03, memory = 576.74 (MB).
    Completing 30% with 0 violations.
    elapsed time = 00:00:03, memory = 576.74 (MB).
    Completing 40% with 107 violations.
    elapsed time = 00:00:05, memory = 576.74 (MB).
    Completing 50% with 107 violations.
    elapsed time = 00:00:08, memory = 576.74 (MB).
    Completing 60% with 223 violations.
    elapsed time = 00:00:12, memory = 576.74 (MB).
    Completing 70% with 223 violations.
    elapsed time = 00:00:12, memory = 576.74 (MB).
    Completing 80% with 223 violations.
    elapsed time = 00:00:12, memory = 576.74 (MB).
    Completing 90% with 346 violations.
    elapsed time = 00:00:18, memory = 576.74 (MB).
    Completing 100% with 466 violations.
    elapsed time = 00:00:18, memory = 576.74 (MB).
[INFO DRT-0199]   Number of violations = 882.
[INFO DRT-0267] cpu time = 00:00:18, elapsed time = 00:00:18, memory = 776.25 (MB), peak = 775.95 (MB)
Total wire length = 20423 um.
Total wire length on LAYER li1 = 0 um.
Total wire length on LAYER met1 = 7494 um.
Total wire length on LAYER met2 = 7431 um.
Total wire length on LAYER met3 = 3881 um.
Total wire length on LAYER met4 = 1069 um.
Total wire length on LAYER met5 = 546 um.
Total number of vias = 5986.
Up-via summary (total 5986):.

-----------------------
 FR_MASTERSLICE       0
            li1    2637
           met1    2739
           met2     475
           met3     106
           met4      29
-----------------------
                   5986


[INFO DRT-0195] Start 1st optimization iteration.
    Completing 10% with 882 violations.
    elapsed time = 00:00:01, memory = 776.25 (MB).
    Completing 20% with 882 violations.
    elapsed time = 00:00:02, memory = 776.25 (MB).
    Completing 30% with 882 violations.
    elapsed time = 00:00:03, memory = 776.25 (MB).
    Completing 40% with 700 violations.
    elapsed time = 00:00:03, memory = 776.25 (MB).
    Completing 50% with 700 violations.
    elapsed time = 00:00:12, memory = 776.25 (MB).
    Completing 60% with 576 violations.
    elapsed time = 00:00:13, memory = 776.25 (MB).
    Completing 70% with 576 violations.
    elapsed time = 00:00:13, memory = 776.25 (MB).
    Completing 80% with 576 violations.
    elapsed time = 00:00:13, memory = 776.25 (MB).
    Completing 90% with 477 violations.
    elapsed time = 00:00:16, memory = 776.25 (MB).
    Completing 100% with 351 violations.
    elapsed time = 00:00:16, memory = 776.25 (MB).
[INFO DRT-0199]   Number of violations = 355.
[INFO DRT-0267] cpu time = 00:00:16, elapsed time = 00:00:16, memory = 776.25 (MB), peak = 775.95 (MB)
Total wire length = 20120 um.
Total wire length on LAYER li1 = 0 um.
Total wire length on LAYER met1 = 7559 um.
Total wire length on LAYER met2 = 7355 um.
Total wire length on LAYER met3 = 3735 um.
Total wire length on LAYER met4 = 1003 um.
Total wire length on LAYER met5 = 466 um.
Total number of vias = 5927.
Up-via summary (total 5927):.

-----------------------
 FR_MASTERSLICE       0
            li1    2635
           met1    2724
           met2     451
           met3      93
           met4      24
-----------------------
                   5927


[INFO DRT-0195] Start 2nd optimization iteration.
    Completing 10% with 355 violations.
    elapsed time = 00:00:00, memory = 776.25 (MB).
    Completing 20% with 355 violations.
    elapsed time = 00:00:00, memory = 776.25 (MB).
    Completing 30% with 355 violations.
    elapsed time = 00:00:02, memory = 776.25 (MB).
    Completing 40% with 356 violations.
    elapsed time = 00:00:02, memory = 776.25 (MB).
    Completing 50% with 356 violations.
    elapsed time = 00:00:10, memory = 776.25 (MB).
    Completing 60% with 346 violations.
    elapsed time = 00:00:12, memory = 776.25 (MB).
    Completing 70% with 346 violations.
    elapsed time = 00:00:12, memory = 776.25 (MB).
    Completing 80% with 346 violations.
    elapsed time = 00:00:14, memory = 776.25 (MB).
    Completing 90% with 323 violations.
    elapsed time = 00:00:16, memory = 776.25 (MB).
    Completing 100% with 350 violations.
    elapsed time = 00:00:18, memory = 776.25 (MB).
[INFO DRT-0199]   Number of violations = 353.
[INFO DRT-0267] cpu time = 00:00:18, elapsed time = 00:00:18, memory = 776.25 (MB), peak = 775.95 (MB)
Total wire length = 20041 um.
Total wire length on LAYER li1 = 0 um.
Total wire length on LAYER met1 = 7492 um.
Total wire length on LAYER met2 = 7348 um.
Total wire length on LAYER met3 = 3913 um.
Total wire length on LAYER met4 = 974 um.
Total wire length on LAYER met5 = 311 um.
Total number of vias = 5891.
Up-via summary (total 5891):.

-----------------------
 FR_MASTERSLICE       0
            li1    2635
           met1    2706
           met2     449
           met3      85
           met4      16
-----------------------
                   5891


[INFO DRT-0195] Start 3rd optimization iteration.
    Completing 10% with 353 violations.
    elapsed time = 00:00:06, memory = 776.25 (MB).
    Completing 20% with 353 violations.
    elapsed time = 00:00:10, memory = 776.25 (MB).
    Completing 30% with 353 violations.
    elapsed time = 00:00:10, memory = 776.25 (MB).
    Completing 40% with 316 violations.
    elapsed time = 00:00:12, memory = 776.25 (MB).
    Completing 50% with 316 violations.
    elapsed time = 00:00:20, memory = 776.25 (MB).
    Completing 60% with 178 violations.
    elapsed time = 00:00:24, memory = 776.25 (MB).
    Completing 70% with 178 violations.
    elapsed time = 00:00:24, memory = 776.25 (MB).
    Completing 80% with 178 violations.
    elapsed time = 00:00:24, memory = 776.25 (MB).
    Completing 90% with 177 violations.
    elapsed time = 00:00:34, memory = 776.25 (MB).
    Completing 100% with 151 violations.
    elapsed time = 00:00:34, memory = 776.25 (MB).
[INFO DRT-0199]   Number of violations = 151.
[INFO DRT-0267] cpu time = 00:00:34, elapsed time = 00:00:34, memory = 776.25 (MB), peak = 775.95 (MB)
Total wire length = 19997 um.
Total wire length on LAYER li1 = 0 um.
Total wire length on LAYER met1 = 7637 um.
Total wire length on LAYER met2 = 7457 um.
Total wire length on LAYER met3 = 3710 um.
Total wire length on LAYER met4 = 878 um.
Total wire length on LAYER met5 = 313 um.
Total number of vias = 5965.
Up-via summary (total 5965):.

-----------------------
 FR_MASTERSLICE       0
            li1    2635
           met1    2785
           met2     454
           met3      75
           met4      16
-----------------------
                   5965


[INFO DRT-0195] Start 4th optimization iteration.
    Completing 10% with 151 violations.
    elapsed time = 00:00:05, memory = 776.25 (MB).
    Completing 20% with 151 violations.
    elapsed time = 00:00:05, memory = 776.25 (MB).
    Completing 30% with 151 violations.
    elapsed time = 00:00:05, memory = 776.25 (MB).
    Completing 40% with 142 violations.
    elapsed time = 00:00:08, memory = 776.25 (MB).
    Completing 50% with 142 violations.
    elapsed time = 00:00:14, memory = 776.25 (MB).
    Completing 60% with 83 violations.
    elapsed time = 00:00:14, memory = 776.25 (MB).
    Completing 70% with 83 violations.
    elapsed time = 00:00:14, memory = 776.25 (MB).
    Completing 80% with 83 violations.
    elapsed time = 00:00:14, memory = 776.25 (MB).
    Completing 90% with 80 violations.
    elapsed time = 00:00:20, memory = 776.25 (MB).
    Completing 100% with 52 violations.
    elapsed time = 00:00:20, memory = 776.25 (MB).
[INFO DRT-0199]   Number of violations = 52.
[INFO DRT-0267] cpu time = 00:00:21, elapsed time = 00:00:21, memory = 776.25 (MB), peak = 775.95 (MB)
Total wire length = 19997 um.
Total wire length on LAYER li1 = 0 um.
Total wire length on LAYER met1 = 7695 um.
Total wire length on LAYER met2 = 7418 um.
Total wire length on LAYER met3 = 3688 um.
Total wire length on LAYER met4 = 882 um.
Total wire length on LAYER met5 = 312 um.
Total number of vias = 5978.
Up-via summary (total 5978):.

-----------------------
 FR_MASTERSLICE       0
            li1    2635
           met1    2800
           met2     453
           met3      74
           met4      16
-----------------------
                   5978


[INFO DRT-0195] Start 5th optimization iteration.
    Completing 10% with 52 violations.
    elapsed time = 00:00:02, memory = 776.25 (MB).
    Completing 20% with 52 violations.
    elapsed time = 00:00:02, memory = 776.25 (MB).
    Completing 30% with 52 violations.
    elapsed time = 00:00:02, memory = 776.25 (MB).
    Completing 40% with 52 violations.
    elapsed time = 00:00:05, memory = 776.25 (MB).
    Completing 50% with 52 violations.
    elapsed time = 00:00:18, memory = 776.25 (MB).
    Completing 60% with 42 violations.
    elapsed time = 00:00:18, memory = 776.25 (MB).
    Completing 70% with 42 violations.
    elapsed time = 00:00:18, memory = 776.25 (MB).
    Completing 80% with 42 violations.
    elapsed time = 00:00:18, memory = 776.25 (MB).
    Completing 90% with 42 violations.
    elapsed time = 00:00:19, memory = 776.25 (MB).
    Completing 100% with 40 violations.
    elapsed time = 00:00:19, memory = 776.25 (MB).
[INFO DRT-0199]   Number of violations = 40.
[INFO DRT-0267] cpu time = 00:00:19, elapsed time = 00:00:19, memory = 776.25 (MB), peak = 775.95 (MB)
Total wire length = 19989 um.
Total wire length on LAYER li1 = 0 um.
Total wire length on LAYER met1 = 7728 um.
Total wire length on LAYER met2 = 7417 um.
Total wire length on LAYER met3 = 3648 um.
Total wire length on LAYER met4 = 882 um.
Total wire length on LAYER met5 = 312 um.
Total number of vias = 5959.
Up-via summary (total 5959):.

-----------------------
 FR_MASTERSLICE       0
            li1    2635
           met1    2788
           met2     446
           met3      74
           met4      16
-----------------------
                   5959


[INFO DRT-0195] Start 6th optimization iteration.
    Completing 10% with 40 violations.
    elapsed time = 00:00:00, memory = 776.25 (MB).
    Completing 20% with 40 violations.
    elapsed time = 00:00:00, memory = 776.25 (MB).
    Completing 30% with 40 violations.
    elapsed time = 00:00:00, memory = 776.25 (MB).
    Completing 40% with 28 violations.
    elapsed time = 00:00:00, memory = 776.25 (MB).
    Completing 50% with 28 violations.
    elapsed time = 00:00:15, memory = 776.25 (MB).
    Completing 60% with 28 violations.
    elapsed time = 00:00:15, memory = 776.25 (MB).
    Completing 70% with 28 violations.
    elapsed time = 00:00:15, memory = 776.25 (MB).
    Completing 80% with 28 violations.
    elapsed time = 00:00:15, memory = 776.25 (MB).
    Completing 90% with 28 violations.
    elapsed time = 00:00:15, memory = 776.25 (MB).
    Completing 100% with 28 violations.
    elapsed time = 00:00:15, memory = 776.25 (MB).
[INFO DRT-0199]   Number of violations = 28.
[INFO DRT-0267] cpu time = 00:00:15, elapsed time = 00:00:15, memory = 776.25 (MB), peak = 775.95 (MB)
Total wire length = 19988 um.
Total wire length on LAYER li1 = 0 um.
Total wire length on LAYER met1 = 7700 um.
Total wire length on LAYER met2 = 7426 um.
Total wire length on LAYER met3 = 3666 um.
Total wire length on LAYER met4 = 882 um.
Total wire length on LAYER met5 = 312 um.
Total number of vias = 5970.
Up-via summary (total 5970):.

-----------------------
 FR_MASTERSLICE       0
            li1    2635
           met1    2790
           met2     455
           met3      74
           met4      16
-----------------------
                   5970


[INFO DRT-0195] Start 7th optimization iteration.
    Completing 10% with 28 violations.
    elapsed time = 00:00:00, memory = 776.25 (MB).
    Completing 20% with 28 violations.
    elapsed time = 00:00:00, memory = 776.25 (MB).
    Completing 30% with 28 violations.
    elapsed time = 00:00:00, memory = 776.25 (MB).
    Completing 40% with 28 violations.
    elapsed time = 00:00:00, memory = 776.25 (MB).
    Completing 50% with 28 violations.
    elapsed time = 00:00:26, memory = 776.25 (MB).
    Completing 60% with 27 violations.
    elapsed time = 00:00:26, memory = 776.25 (MB).
    Completing 70% with 27 violations.
    elapsed time = 00:00:26, memory = 776.25 (MB).
    Completing 80% with 27 violations.
    elapsed time = 00:00:26, memory = 776.25 (MB).
    Completing 90% with 27 violations.
    elapsed time = 00:00:26, memory = 776.25 (MB).
    Completing 100% with 27 violations.
    elapsed time = 00:00:26, memory = 776.25 (MB).
[INFO DRT-0199]   Number of violations = 27.
[INFO DRT-0267] cpu time = 00:00:26, elapsed time = 00:00:26, memory = 776.25 (MB), peak = 775.95 (MB)
Total wire length = 19988 um.
Total wire length on LAYER li1 = 0 um.
Total wire length on LAYER met1 = 7698 um.
Total wire length on LAYER met2 = 7428 um.
Total wire length on LAYER met3 = 3666 um.
Total wire length on LAYER met4 = 882 um.
Total wire length on LAYER met5 = 312 um.
Total number of vias = 5970.
Up-via summary (total 5970):.

-----------------------
 FR_MASTERSLICE       0
            li1    2635
           met1    2790
           met2     455
           met3      74
           met4      16
-----------------------
                   5970


[INFO DRT-0195] Start 8th optimization iteration.
    Completing 10% with 27 violations.
    elapsed time = 00:00:00, memory = 776.25 (MB).
    Completing 20% with 27 violations.
    elapsed time = 00:00:00, memory = 776.25 (MB).
    Completing 30% with 27 violations.
    elapsed time = 00:00:00, memory = 776.25 (MB).
    Completing 40% with 27 violations.
    elapsed time = 00:00:00, memory = 776.25 (MB).
    Completing 50% with 27 violations.
    elapsed time = 00:00:07, memory = 776.25 (MB).
    Completing 60% with 11 violations.
    elapsed time = 00:00:07, memory = 776.25 (MB).
    Completing 70% with 11 violations.
    elapsed time = 00:00:07, memory = 776.25 (MB).
    Completing 80% with 11 violations.
    elapsed time = 00:00:07, memory = 776.25 (MB).
    Completing 90% with 11 violations.
    elapsed time = 00:00:07, memory = 776.25 (MB).
    Completing 100% with 11 violations.
    elapsed time = 00:00:07, memory = 776.25 (MB).
[INFO DRT-0199]   Number of violations = 11.
[INFO DRT-0267] cpu time = 00:00:07, elapsed time = 00:00:07, memory = 776.25 (MB), peak = 775.95 (MB)
Total wire length = 20012 um.
Total wire length on LAYER li1 = 0 um.
Total wire length on LAYER met1 = 7705 um.
Total wire length on LAYER met2 = 7434 um.
Total wire length on LAYER met3 = 3677 um.
Total wire length on LAYER met4 = 882 um.
Total wire length on LAYER met5 = 312 um.
Total number of vias = 5984.
Up-via summary (total 5984):.

-----------------------
 FR_MASTERSLICE       0
            li1    2635
           met1    2801
           met2     458
           met3      74
           met4      16
-----------------------
                   5984


[INFO DRT-0195] Start 9th optimization iteration.
    Completing 10% with 11 violations.
    elapsed time = 00:00:00, memory = 776.25 (MB).
    Completing 20% with 11 violations.
    elapsed time = 00:00:00, memory = 776.25 (MB).
    Completing 30% with 11 violations.
    elapsed time = 00:00:00, memory = 776.25 (MB).
    Completing 40% with 11 violations.
    elapsed time = 00:00:00, memory = 776.25 (MB).
    Completing 50% with 11 violations.
    elapsed time = 00:00:00, memory = 776.25 (MB).
    Completing 60% with 11 violations.
    elapsed time = 00:00:00, memory = 776.25 (MB).
    Completing 70% with 0 violations.
    elapsed time = 00:00:00, memory = 776.25 (MB).
    Completing 80% with 0 violations.
    elapsed time = 00:00:00, memory = 776.25 (MB).
    Completing 90% with 0 violations.
    elapsed time = 00:00:00, memory = 776.25 (MB).
    Completing 100% with 0 violations.
    elapsed time = 00:00:00, memory = 776.25 (MB).
[INFO DRT-0199]   Number of violations = 0.
[INFO DRT-0267] cpu time = 00:00:00, elapsed time = 00:00:00, memory = 776.25 (MB), peak = 775.95 (MB)
Total wire length = 20005 um.
Total wire length on LAYER li1 = 0 um.
Total wire length on LAYER met1 = 7699 um.
Total wire length on LAYER met2 = 7434 um.
Total wire length on LAYER met3 = 3676 um.
Total wire length on LAYER met4 = 882 um.
Total wire length on LAYER met5 = 312 um.
Total number of vias = 5985.
Up-via summary (total 5985):.

-----------------------
 FR_MASTERSLICE       0
            li1    2635
           met1    2802
           met2     458
           met3      74
           met4      16
-----------------------
                   5985


[INFO DRT-0195] Start 17th optimization iteration.
    Completing 10% with 0 violations.
    elapsed time = 00:00:00, memory = 776.25 (MB).
    Completing 20% with 0 violations.
    elapsed time = 00:00:00, memory = 776.25 (MB).
    Completing 30% with 0 violations.
    elapsed time = 00:00:00, memory = 776.25 (MB).
    Completing 40% with 0 violations.
    elapsed time = 00:00:00, memory = 776.25 (MB).
    Completing 50% with 0 violations.
    elapsed time = 00:00:00, memory = 776.25 (MB).
    Completing 60% with 0 violations.
    elapsed time = 00:00:00, memory = 776.25 (MB).
    Completing 70% with 0 violations.
    elapsed time = 00:00:00, memory = 776.25 (MB).
    Completing 80% with 0 violations.
    elapsed time = 00:00:00, memory = 776.25 (MB).
    Completing 90% with 0 violations.
    elapsed time = 00:00:00, memory = 776.25 (MB).
    Completing 100% with 0 violations.
    elapsed time = 00:00:00, memory = 776.25 (MB).
[INFO DRT-0199]   Number of violations = 0.
[INFO DRT-0267] cpu time = 00:00:00, elapsed time = 00:00:00, memory = 776.25 (MB), peak = 775.95 (MB)
Total wire length = 20005 um.
Total wire length on LAYER li1 = 0 um.
Total wire length on LAYER met1 = 7699 um.
Total wire length on LAYER met2 = 7434 um.
Total wire length on LAYER met3 = 3676 um.
Total wire length on LAYER met4 = 882 um.
Total wire length on LAYER met5 = 312 um.
Total number of vias = 5985.
Up-via summary (total 5985):.

-----------------------
 FR_MASTERSLICE       0
            li1    2635
           met1    2802
           met2     458
           met3      74
           met4      16
-----------------------
                   5985


[INFO DRT-0195] Start 25th optimization iteration.
    Completing 10% with 0 violations.
    elapsed time = 00:00:00, memory = 776.25 (MB).
    Completing 20% with 0 violations.
    elapsed time = 00:00:00, memory = 776.25 (MB).
    Completing 30% with 0 violations.
    elapsed time = 00:00:00, memory = 776.25 (MB).
    Completing 40% with 0 violations.
    elapsed time = 00:00:00, memory = 776.25 (MB).
    Completing 50% with 0 violations.
    elapsed time = 00:00:00, memory = 776.25 (MB).
    Completing 60% with 0 violations.
    elapsed time = 00:00:00, memory = 776.25 (MB).
    Completing 70% with 0 violations.
    elapsed time = 00:00:00, memory = 776.25 (MB).
    Completing 80% with 0 violations.
    elapsed time = 00:00:00, memory = 776.25 (MB).
    Completing 90% with 0 violations.
    elapsed time = 00:00:00, memory = 776.25 (MB).
    Completing 100% with 0 violations.
    elapsed time = 00:00:00, memory = 776.25 (MB).
[INFO DRT-0199]   Number of violations = 0.
[INFO DRT-0267] cpu time = 00:00:00, elapsed time = 00:00:00, memory = 776.25 (MB), peak = 775.95 (MB)
Total wire length = 20005 um.
Total wire length on LAYER li1 = 0 um.
Total wire length on LAYER met1 = 7699 um.
Total wire length on LAYER met2 = 7434 um.
Total wire length on LAYER met3 = 3676 um.
Total wire length on LAYER met4 = 882 um.
Total wire length on LAYER met5 = 312 um.
Total number of vias = 5985.
Up-via summary (total 5985):.

-----------------------
 FR_MASTERSLICE       0
            li1    2635
           met1    2802
           met2     458
           met3      74
           met4      16
-----------------------
                   5985


[INFO DRT-0195] Start 33rd optimization iteration.
    Completing 10% with 0 violations.
    elapsed time = 00:00:00, memory = 776.25 (MB).
    Completing 20% with 0 violations.
    elapsed time = 00:00:00, memory = 776.25 (MB).
    Completing 30% with 0 violations.
    elapsed time = 00:00:00, memory = 776.25 (MB).
    Completing 40% with 0 violations.
    elapsed time = 00:00:00, memory = 776.25 (MB).
    Completing 50% with 0 violations.
    elapsed time = 00:00:00, memory = 776.25 (MB).
    Completing 60% with 0 violations.
    elapsed time = 00:00:00, memory = 776.25 (MB).
    Completing 70% with 0 violations.
    elapsed time = 00:00:00, memory = 776.25 (MB).
    Completing 80% with 0 violations.
    elapsed time = 00:00:00, memory = 776.25 (MB).
    Completing 90% with 0 violations.
    elapsed time = 00:00:00, memory = 776.25 (MB).
    Completing 100% with 0 violations.
    elapsed time = 00:00:00, memory = 776.25 (MB).
[INFO DRT-0199]   Number of violations = 0.
[INFO DRT-0267] cpu time = 00:00:00, elapsed time = 00:00:00, memory = 776.25 (MB), peak = 775.95 (MB)
Total wire length = 20005 um.
Total wire length on LAYER li1 = 0 um.
Total wire length on LAYER met1 = 7699 um.
Total wire length on LAYER met2 = 7434 um.
Total wire length on LAYER met3 = 3676 um.
Total wire length on LAYER met4 = 882 um.
Total wire length on LAYER met5 = 312 um.
Total number of vias = 5985.
Up-via summary (total 5985):.

-----------------------
 FR_MASTERSLICE       0
            li1    2635
           met1    2802
           met2     458
           met3      74
           met4      16
-----------------------
                   5985


[INFO DRT-0195] Start 41st optimization iteration.
    Completing 10% with 0 violations.
    elapsed time = 00:00:00, memory = 776.25 (MB).
    Completing 20% with 0 violations.
    elapsed time = 00:00:00, memory = 776.25 (MB).
    Completing 30% with 0 violations.
    elapsed time = 00:00:00, memory = 776.25 (MB).
    Completing 40% with 0 violations.
    elapsed time = 00:00:00, memory = 776.25 (MB).
    Completing 50% with 0 violations.
    elapsed time = 00:00:00, memory = 776.25 (MB).
    Completing 60% with 0 violations.
    elapsed time = 00:00:00, memory = 776.25 (MB).
    Completing 70% with 0 violations.
    elapsed time = 00:00:00, memory = 776.25 (MB).
    Completing 80% with 0 violations.
    elapsed time = 00:00:00, memory = 776.25 (MB).
    Completing 90% with 0 violations.
    elapsed time = 00:00:00, memory = 776.25 (MB).
    Completing 100% with 0 violations.
    elapsed time = 00:00:00, memory = 776.25 (MB).
[INFO DRT-0199]   Number of violations = 0.
[INFO DRT-0267] cpu time = 00:00:00, elapsed time = 00:00:00, memory = 776.25 (MB), peak = 775.95 (MB)
Total wire length = 20005 um.
Total wire length on LAYER li1 = 0 um.
Total wire length on LAYER met1 = 7699 um.
Total wire length on LAYER met2 = 7434 um.
Total wire length on LAYER met3 = 3676 um.
Total wire length on LAYER met4 = 882 um.
Total wire length on LAYER met5 = 312 um.
Total number of vias = 5985.
Up-via summary (total 5985):.

-----------------------
 FR_MASTERSLICE       0
            li1    2635
           met1    2802
           met2     458
           met3      74
           met4      16
-----------------------
                   5985


[INFO DRT-0195] Start 49th optimization iteration.
    Completing 10% with 0 violations.
    elapsed time = 00:00:00, memory = 776.25 (MB).
    Completing 20% with 0 violations.
    elapsed time = 00:00:00, memory = 776.25 (MB).
    Completing 30% with 0 violations.
    elapsed time = 00:00:00, memory = 776.25 (MB).
    Completing 40% with 0 violations.
    elapsed time = 00:00:00, memory = 776.25 (MB).
    Completing 50% with 0 violations.
    elapsed time = 00:00:00, memory = 776.25 (MB).
    Completing 60% with 0 violations.
    elapsed time = 00:00:00, memory = 776.25 (MB).
    Completing 70% with 0 violations.
    elapsed time = 00:00:00, memory = 776.25 (MB).
    Completing 80% with 0 violations.
    elapsed time = 00:00:00, memory = 776.25 (MB).
    Completing 90% with 0 violations.
    elapsed time = 00:00:00, memory = 776.25 (MB).
    Completing 100% with 0 violations.
    elapsed time = 00:00:00, memory = 776.25 (MB).
[INFO DRT-0199]   Number of violations = 0.
[INFO DRT-0267] cpu time = 00:00:00, elapsed time = 00:00:00, memory = 776.25 (MB), peak = 775.95 (MB)
Total wire length = 20005 um.
Total wire length on LAYER li1 = 0 um.
Total wire length on LAYER met1 = 7699 um.
Total wire length on LAYER met2 = 7434 um.
Total wire length on LAYER met3 = 3676 um.
Total wire length on LAYER met4 = 882 um.
Total wire length on LAYER met5 = 312 um.
Total number of vias = 5985.
Up-via summary (total 5985):.

-----------------------
 FR_MASTERSLICE       0
            li1    2635
           met1    2802
           met2     458
           met3      74
           met4      16
-----------------------
                   5985


[INFO DRT-0195] Start 57th optimization iteration.
    Completing 10% with 0 violations.
    elapsed time = 00:00:00, memory = 776.25 (MB).
    Completing 20% with 0 violations.
    elapsed time = 00:00:00, memory = 776.25 (MB).
    Completing 30% with 0 violations.
    elapsed time = 00:00:00, memory = 776.25 (MB).
    Completing 40% with 0 violations.
    elapsed time = 00:00:00, memory = 776.25 (MB).
    Completing 50% with 0 violations.
    elapsed time = 00:00:00, memory = 776.25 (MB).
    Completing 60% with 0 violations.
    elapsed time = 00:00:00, memory = 776.25 (MB).
    Completing 70% with 0 violations.
    elapsed time = 00:00:00, memory = 776.25 (MB).
    Completing 80% with 0 violations.
    elapsed time = 00:00:00, memory = 776.25 (MB).
    Completing 90% with 0 violations.
    elapsed time = 00:00:00, memory = 776.25 (MB).
    Completing 100% with 0 violations.
    elapsed time = 00:00:00, memory = 776.25 (MB).
[INFO DRT-0199]   Number of violations = 0.
[INFO DRT-0267] cpu time = 00:00:00, elapsed time = 00:00:00, memory = 776.25 (MB), peak = 775.95 (MB)
Total wire length = 20005 um.
Total wire length on LAYER li1 = 0 um.
Total wire length on LAYER met1 = 7699 um.
Total wire length on LAYER met2 = 7434 um.
Total wire length on LAYER met3 = 3676 um.
Total wire length on LAYER met4 = 882 um.
Total wire length on LAYER met5 = 312 um.
Total number of vias = 5985.
Up-via summary (total 5985):.

-----------------------
 FR_MASTERSLICE       0
            li1    2635
           met1    2802
           met2     458
           met3      74
           met4      16
-----------------------
                   5985


[INFO DRT-0198] Complete detail routing.
Total wire length = 20005 um.
Total wire length on LAYER li1 = 0 um.
Total wire length on LAYER met1 = 7699 um.
Total wire length on LAYER met2 = 7434 um.
Total wire length on LAYER met3 = 3676 um.
Total wire length on LAYER met4 = 882 um.
Total wire length on LAYER met5 = 312 um.
Total number of vias = 5985.
Up-via summary (total 5985):.

-----------------------
 FR_MASTERSLICE       0
            li1    2635
           met1    2802
           met2     458
           met3      74
           met4      16
-----------------------
                   5985


[INFO DRT-0267] cpu time = 00:02:59, elapsed time = 00:02:59, memory = 776.25 (MB), peak = 775.95 (MB)

[INFO DRT-0180] Post processing.
=== Step 10/10: Parasitics Extraction, Timing & Physical Export ===
[INFO RCX-0431] Defined process_corner X with ext_model_index 0
[INFO RCX-0029] Defined extraction corner X
[INFO RCX-0008] extracting parasitics of tt_um_ares_sentinel_project ...
Notice 0: Split top of 271 T shapes.
[INFO RCX-0435] Reading extraction model file 05_ASIC_Synthesis/pdk/rules.openrcx.sky130A.nom.spef_extractor ...
[INFO RCX-0436] RC segment generation tt_um_ares_sentinel_project (max_merge_res 50.0) ...
[INFO RCX-0040] Final 3307 rc segments
[INFO RCX-0439] Coupling Cap extraction tt_um_ares_sentinel_project ...
[INFO RCX-0440] Coupling threshhold is 0.1000 fF, coupling capacitance less than 0.1000 fF will be grounded.
[INFO RCX-0043] 6038 wires to be extracted
[INFO RCX-0442] 49% completion -- 2972 wires have been extracted
[INFO RCX-0442] 100% completion -- 6038 wires have been extracted
[INFO RCX-0045] Extract 777 nets, 4073 rsegs, 4073 caps, 5716 ccs
[INFO RCX-0015] Finished extracting tt_um_ares_sentinel_project.
[INFO RCX-0016] Writing SPEF ...
[INFO RCX-0443] 777 nets finished
[INFO RCX-0017] Finished writing SPEF ...
=== Post-Route STA Reports ===
Startpoint: rst_n (input port clocked by clk)
Endpoint: _1171_ (removal check against rising-edge clock clk)
Path Group: **async_default**
Path Type: min

Fanout     Cap    Slew   Delay    Time   Description
-----------------------------------------------------------------------------
                          0.00    0.00   clock clk (rise edge)
                          0.00    0.00   clock network delay (propagated)
                          1.00    1.00 ^ input external delay
                  0.00    0.00    1.00 ^ rst_n (in)
    42    0.14                           rst_n (net)
                  0.00    0.00    1.00 ^ _1171_/RESET_B (sky130_fd_sc_hd__dfrtp_1)
                                  1.00   data arrival time

                          0.00    0.00   clock clk (rise edge)
                          0.00    0.00   clock source latency
                  0.00    0.00    0.00 ^ clk (in)
     1    0.01                           clk (net)
                  0.00    0.01    0.01 ^ clkbuf_0_clk/A (sky130_fd_sc_hd__clkbuf_16)
                  0.06    0.13    0.14 ^ clkbuf_0_clk/X (sky130_fd_sc_hd__clkbuf_16)
    16    0.04                           clknet_0_clk (net)
                  0.06    0.00    0.14 ^ clkbuf_4_0_0_clk/A (sky130_fd_sc_hd__clkbuf_2)
                  0.15    0.18    0.32 ^ clkbuf_4_0_0_clk/X (sky130_fd_sc_hd__clkbuf_2)
    13    0.03                           clknet_4_0_0_clk (net)
                  0.15    0.00    0.33 ^ _1171_/CLK (sky130_fd_sc_hd__dfrtp_1)
                          0.10    0.43   clock uncertainty
                          0.00    0.43   clock reconvergence pessimism
                          0.34    0.76   library removal time
                                  0.76   data required time
-----------------------------------------------------------------------------
                                  0.76   data required time
                                 -1.00   data arrival time
-----------------------------------------------------------------------------
                                  0.24   slack (MET)


Startpoint: _1183_ (rising edge-triggered flip-flop clocked by clk)
Endpoint: _1190_ (rising edge-triggered flip-flop clocked by clk)
Path Group: clk
Path Type: min

Fanout     Cap    Slew   Delay    Time   Description
-----------------------------------------------------------------------------
                          0.00    0.00   clock clk (rise edge)
                          0.00    0.00   clock source latency
                  0.00    0.00    0.00 ^ clk (in)
     1    0.01                           clk (net)
                  0.00    0.01    0.01 ^ clkbuf_0_clk/A (sky130_fd_sc_hd__clkbuf_16)
                  0.06    0.13    0.14 ^ clkbuf_0_clk/X (sky130_fd_sc_hd__clkbuf_16)
    16    0.04                           clknet_0_clk (net)
                  0.06    0.00    0.14 ^ clkbuf_4_13_0_clk/A (sky130_fd_sc_hd__clkbuf_2)
                  0.10    0.15    0.29 ^ clkbuf_4_13_0_clk/X (sky130_fd_sc_hd__clkbuf_2)
     8    0.02                           clknet_4_13_0_clk (net)
                  0.10    0.00    0.29 ^ _1183_/CLK (sky130_fd_sc_hd__dfxtp_1)
                  0.05    0.33    0.62 v _1183_/Q (sky130_fd_sc_hd__dfxtp_1)
     4    0.01                           uio_out[2] (net)
                  0.05    0.00    0.63 v _0801_/A (sky130_fd_sc_hd__nand2_1)
                  0.04    0.06    0.68 ^ _0801_/Y (sky130_fd_sc_hd__nand2_1)
     1    0.00                           _0316_ (net)
                  0.04    0.00    0.69 ^ _0803_/A (sky130_fd_sc_hd__nand2_1)
                  0.03    0.04    0.73 v _0803_/Y (sky130_fd_sc_hd__nand2_1)
     1    0.00                           _0028_ (net)
                  0.03    0.00    0.73 v _1190_/D (sky130_fd_sc_hd__dfstp_2)
                                  0.73   data arrival time

                          0.00    0.00   clock clk (rise edge)
                          0.00    0.00   clock source latency
                  0.00    0.00    0.00 ^ clk (in)
     1    0.01                           clk (net)
                  0.00    0.01    0.01 ^ clkbuf_0_clk/A (sky130_fd_sc_hd__clkbuf_16)
                  0.06    0.13    0.14 ^ clkbuf_0_clk/X (sky130_fd_sc_hd__clkbuf_16)
    16    0.04                           clknet_0_clk (net)
                  0.06    0.00    0.14 ^ clkbuf_4_13_0_clk/A (sky130_fd_sc_hd__clkbuf_2)
                  0.10    0.15    0.29 ^ clkbuf_4_13_0_clk/X (sky130_fd_sc_hd__clkbuf_2)
     8    0.02                           clknet_4_13_0_clk (net)
                  0.10    0.00    0.29 ^ _1190_/CLK (sky130_fd_sc_hd__dfstp_2)
                          0.10    0.39   clock uncertainty
                          0.00    0.39   clock reconvergence pessimism
                          0.01    0.40   library hold time
                                  0.40   data required time
-----------------------------------------------------------------------------
                                  0.40   data required time
                                 -0.73   data arrival time
-----------------------------------------------------------------------------
                                  0.33   slack (MET)


Startpoint: rst_n (input port clocked by clk)
Endpoint: _1259_ (recovery check against rising-edge clock clk)
Path Group: **async_default**
Path Type: max

Fanout     Cap    Slew   Delay    Time   Description
-----------------------------------------------------------------------------
                          0.00    0.00   clock clk (rise edge)
                          0.00    0.00   clock network delay (propagated)
                          5.00    5.00 ^ input external delay
                  0.00    0.00    5.00 ^ rst_n (in)
    42    0.14                           rst_n (net)
                  0.00    0.00    5.00 ^ _0675_/A (sky130_fd_sc_hd__lpflow_isobufsrc_1)
                  6.50    4.69    9.69 ^ _0675_/X (sky130_fd_sc_hd__lpflow_isobufsrc_1)
    98    0.37                           u_base_mux.reset_n (net)
                  6.50    0.00    9.69 ^ _1259_/RESET_B (sky130_fd_sc_hd__dfrtp_1)
                                  9.69   data arrival time

                         20.00   20.00   clock clk (rise edge)
                          0.00   20.00   clock source latency
                  0.00    0.00   20.00 ^ clk (in)
     1    0.01                           clk (net)
                  0.00    0.01   20.01 ^ clkbuf_0_clk/A (sky130_fd_sc_hd__clkbuf_16)
                  0.06    0.13   20.14 ^ clkbuf_0_clk/X (sky130_fd_sc_hd__clkbuf_16)
    16    0.04                           clknet_0_clk (net)
                  0.06    0.00   20.14 ^ clkbuf_4_12_0_clk/A (sky130_fd_sc_hd__clkbuf_2)
                  0.08    0.13   20.27 ^ clkbuf_4_12_0_clk/X (sky130_fd_sc_hd__clkbuf_2)
     6    0.01                           clknet_4_12_0_clk (net)
                  0.08    0.00   20.28 ^ _1259_/CLK (sky130_fd_sc_hd__dfrtp_1)
                         -0.10   20.18   clock uncertainty
                          0.00   20.18   clock reconvergence pessimism
                         -1.47   18.71   library recovery time
                                 18.71   data required time
-----------------------------------------------------------------------------
                                 18.71   data required time
                                 -9.69   data arrival time
-----------------------------------------------------------------------------
                                  9.01   slack (MET)


Startpoint: ui_in[5] (input port clocked by clk)
Endpoint: uo_out[0] (output port clocked by clk)
Path Group: clk
Path Type: max

Fanout     Cap    Slew   Delay    Time   Description
-----------------------------------------------------------------------------
                          0.00    0.00   clock clk (rise edge)
                          0.00    0.00   clock network delay (propagated)
                          5.00    5.00 v input external delay
                  0.00    0.00    5.00 v ui_in[5] (in)
     6    0.01                           ui_in[5] (net)
                  0.00    0.00    5.00 v _0688_/A (sky130_fd_sc_hd__nor4_1)
                  0.86    0.73    5.73 ^ _0688_/Y (sky130_fd_sc_hd__nor4_1)
     8    0.02                           _0227_ (net)
                  0.86    0.00    5.74 ^ _0700_/B1 (sky130_fd_sc_hd__a222oi_1)
                  0.18    0.19    5.92 v _0700_/Y (sky130_fd_sc_hd__a222oi_1)
     1    0.00                           _0239_ (net)
                  0.18    0.00    5.93 v _0701_/D (sky130_fd_sc_hd__nand4_1)
                  0.08    0.14    6.07 ^ _0701_/Y (sky130_fd_sc_hd__nand4_1)
     1    0.00                           _0240_ (net)
                  0.08    0.00    6.08 ^ _0702_/C1 (sky130_fd_sc_hd__a221oi_1)
                  0.15    0.05    6.13 v _0702_/Y (sky130_fd_sc_hd__a221oi_1)
     1    0.00                           _0241_ (net)
                  0.15    0.00    6.13 v _0703_/B (sky130_fd_sc_hd__nor2_1)
                  0.06    0.08    6.22 ^ _0703_/Y (sky130_fd_sc_hd__nor2_1)
     1    0.00                           uo_out[0] (net)
                  0.06    0.00    6.22 ^ uo_out[0] (out)
                                  6.22   data arrival time

                         20.00   20.00   clock clk (rise edge)
                          0.00   20.00   clock network delay (propagated)
                         -0.10   19.90   clock uncertainty
                          0.00   19.90   clock reconvergence pessimism
                         -5.00   14.90   output external delay
                                 14.90   data required time
-----------------------------------------------------------------------------
                                 14.90   data required time
                                 -6.22   data arrival time
-----------------------------------------------------------------------------
                                  8.68   slack (MET)


Group                  Internal  Switching    Leakage      Total
                          Power      Power      Power      Power
----------------------------------------------------------------
Sequential             3.08e-04   2.16e-05   1.23e-09   3.30e-04  70.3%
Combinational          5.55e-05   8.38e-05   1.48e-09   1.39e-04  29.7%
Macro                  0.00e+00   0.00e+00   0.00e+00   0.00e+00   0.0%
Pad                    0.00e+00   0.00e+00   0.00e+00   0.00e+00   0.0%
----------------------------------------------------------------
Total                  3.64e-04   1.05e-04   2.72e-09   4.69e-04 100.0%
                          77.5%      22.5%       0.0%
wns 0.00
tns 0.00
=== TOP INTEGRATED PNR FLOW COMPLETED SUCCESSFULLY ===
