
Magic 8.3 revision 678 - Compiled on Mon Aug 24 01:56:40 UTC 2026.
Starting magic under Tcl interpreter
Using the terminal as the console.
WARNING: RLIMIT_NOFILE is above 1024 and Tcl_Version<9 this may cause runtime issues [rlim_cur=10240]
Using NULL graphics device.
Processing system .magicrc file
Switching to WIRING tool.
Switching to NETLIST tool.
Switching to PICK tool.
Switching to BOX tool.
Sourcing design .magicrc for technology sky130A ...
2 Magic internal units = 1 Lambda
Input style sky130(): scaleFactor=2, multiplier=2
The following types are not handled by extraction and will be treated as non-electrical types:
    ubm 
Scaled tech values by 2 / 1 to match internal grid scaling
Loading sky130A Device Generator Menu ...
Loading "05_ASIC_Synthesis/pnr/scripts/run_magic_pv.tcl" from command line.
=== Step 1/4: Reading Standard Cell GDS Library ===
Warning: Calma reading is not undoable!  I hope that's OK.
Library written using GDS-II Release 3.0
Library name: sky130_fd_sc_hd
Reading "sky130_fd_sc_hd__or4bb_4".
Reading "sky130_fd_sc_hd__probe_p_8".
Reading "sky130_fd_sc_hd__probec_p_8".
Reading "sky130_fd_sc_hd__sdfbbn_1".
Reading "sky130_fd_sc_hd__sdfsbp_2".
Reading "sky130_fd_sc_hd__sdfsbp_1".
Reading "sky130_fd_sc_hd__sdfrtp_4".
Reading "sky130_fd_sc_hd__sdfrtp_2".
Reading "sky130_fd_sc_hd__sdfrtp_1".
Reading "sky130_fd_sc_hd__sdfrtn_1".
Reading "sky130_fd_sc_hd__sdfrbp_2".
Reading "sky130_fd_sc_hd__sdfrbp_1".
Reading "sky130_fd_sc_hd__sdfbbp_1".
Reading "sky130_fd_sc_hd__sdfbbn_2".
Reading "sky130_fd_sc_hd__sdfstp_1".
Reading "sky130_fd_sc_hd__sdfstp_2".
Reading "sky130_fd_sc_hd__sdfstp_4".
Reading "sky130_fd_sc_hd__sdfxbp_1".
Reading "sky130_fd_sc_hd__sdfxbp_2".
Reading "sky130_fd_sc_hd__sdfxtp_1".
Reading "sky130_fd_sc_hd__sdfxtp_2".
Reading "sky130_fd_sc_hd__sdfxtp_4".
Reading "sky130_fd_sc_hd__sdlclkp_1".
Reading "sky130_fd_sc_hd__sdlclkp_2".
Reading "sky130_fd_sc_hd__sdlclkp_4".
Reading "sky130_fd_sc_hd__sedfxbp_1".
Reading "sky130_fd_sc_hd__sedfxbp_2".
Reading "sky130_fd_sc_hd__sedfxtp_1".
Reading "sky130_fd_sc_hd__sedfxtp_2".
Reading "sky130_fd_sc_hd__sedfxtp_4".
Reading "sky130_fd_sc_hd__tap_1".
Reading "sky130_fd_sc_hd__tap_2".
Reading "sky130_fd_sc_hd__xor2_1".
Reading "sky130_fd_sc_hd__xnor3_4".
Reading "sky130_fd_sc_hd__xnor3_2".
Reading "sky130_fd_sc_hd__xnor3_1".
Reading "sky130_fd_sc_hd__xnor2_4".
Reading "sky130_fd_sc_hd__xnor2_2".
Reading "sky130_fd_sc_hd__xnor2_1".
Reading "sky130_fd_sc_hd__tapvpwrvgnd_1".
Reading "sky130_fd_sc_hd__tapvgnd_1".
Reading "sky130_fd_sc_hd__tapvgnd2_1".
Reading "sky130_fd_sc_hd__xor2_2".
Reading "sky130_fd_sc_hd__xor2_4".
Reading "sky130_fd_sc_hd__xor3_1".
Reading "sky130_fd_sc_hd__xor3_2".
Reading "sky130_fd_sc_hd__xor3_4".
Reading "sky130_fd_sc_hd__o41a_4".
Reading "sky130_fd_sc_hd__o41ai_1".
Reading "sky130_fd_sc_hd__o41ai_2".
Reading "sky130_fd_sc_hd__o41ai_4".
Reading "sky130_fd_sc_hd__o211a_1".
Reading "sky130_fd_sc_hd__o211a_2".
Reading "sky130_fd_sc_hd__o211a_4".
Reading "sky130_fd_sc_hd__o211ai_1".
Reading "sky130_fd_sc_hd__o211ai_2".
Reading "sky130_fd_sc_hd__o211ai_4".
Reading "sky130_fd_sc_hd__o221a_1".
Reading "sky130_fd_sc_hd__o221a_2".
Reading "sky130_fd_sc_hd__o221a_4".
Reading "sky130_fd_sc_hd__o221ai_1".
Reading "sky130_fd_sc_hd__o221ai_2".
Reading "sky130_fd_sc_hd__o221ai_4".
Reading "sky130_fd_sc_hd__o2111a_4".
Reading "sky130_fd_sc_hd__o2111a_2".
Reading "sky130_fd_sc_hd__o2111a_1".
Reading "sky130_fd_sc_hd__o311ai_4".
Reading "sky130_fd_sc_hd__o311ai_2".
Reading "sky130_fd_sc_hd__o311ai_1".
Reading "sky130_fd_sc_hd__o311ai_0".
Reading "sky130_fd_sc_hd__o311a_4".
Reading "sky130_fd_sc_hd__o311a_2".
Reading "sky130_fd_sc_hd__o311a_1".
Reading "sky130_fd_sc_hd__o2111ai_1".
Reading "sky130_fd_sc_hd__o2111ai_2".
Reading "sky130_fd_sc_hd__o2111ai_4".
Reading "sky130_fd_sc_hd__or2_0".
Reading "sky130_fd_sc_hd__or2_1".
Reading "sky130_fd_sc_hd__or2_2".
Reading "sky130_fd_sc_hd__or2_4".
Reading "sky130_fd_sc_hd__or2b_1".
Reading "sky130_fd_sc_hd__or2b_2".
Reading "sky130_fd_sc_hd__or2b_4".
Reading "sky130_fd_sc_hd__or3_1".
Reading "sky130_fd_sc_hd__or3_2".
Reading "sky130_fd_sc_hd__or3_4".
Reading "sky130_fd_sc_hd__or3b_1".
Reading "sky130_fd_sc_hd__or3b_2".
Reading "sky130_fd_sc_hd__or3b_4".
Reading "sky130_fd_sc_hd__or4_1".
Reading "sky130_fd_sc_hd__or4_2".
Reading "sky130_fd_sc_hd__or4_4".
Reading "sky130_fd_sc_hd__or4b_1".
Reading "sky130_fd_sc_hd__or4b_2".
Reading "sky130_fd_sc_hd__or4b_4".
Reading "sky130_fd_sc_hd__or4bb_1".
Reading "sky130_fd_sc_hd__or4bb_2".
Reading "sky130_fd_sc_hd__nor3b_2".
Reading "sky130_fd_sc_hd__nor3b_4".
Reading "sky130_fd_sc_hd__nor4_1".
Reading "sky130_fd_sc_hd__nor4_2".
Reading "sky130_fd_sc_hd__nor4_4".
Reading "sky130_fd_sc_hd__nor4b_1".
Reading "sky130_fd_sc_hd__nor4b_2".
Reading "sky130_fd_sc_hd__nor4b_4".
Reading "sky130_fd_sc_hd__nor4bb_1".
Reading "sky130_fd_sc_hd__nor4bb_2".
Reading "sky130_fd_sc_hd__nor4bb_4".
Moving label "k" from mvpsubdiff to ndiff in cell sky130_fd_sc_hd__nor4bb_4.
Reading "sky130_fd_sc_hd__o2bb2a_1".
Reading "sky130_fd_sc_hd__o2bb2a_2".
Reading "sky130_fd_sc_hd__o2bb2a_4".
Reading "sky130_fd_sc_hd__o2bb2ai_1".
Reading "sky130_fd_sc_hd__o2bb2ai_2".
Reading "sky130_fd_sc_hd__o2bb2ai_4".
Reading "sky130_fd_sc_hd__o21a_1".
Reading "sky130_fd_sc_hd__o21a_2".
Reading "sky130_fd_sc_hd__o21ai_2".
Reading "sky130_fd_sc_hd__o21ai_1".
Reading "sky130_fd_sc_hd__o21ai_0".
Reading "sky130_fd_sc_hd__o21a_4".
Reading "sky130_fd_sc_hd__o21ba_2".
Reading "sky130_fd_sc_hd__o21ba_1".
Reading "sky130_fd_sc_hd__o21ai_4".
Reading "sky130_fd_sc_hd__o21bai_2".
Reading "sky130_fd_sc_hd__o21bai_1".
Reading "sky130_fd_sc_hd__o21ba_4".
Reading "sky130_fd_sc_hd__o21bai_4".
Reading "sky130_fd_sc_hd__o22a_1".
Reading "sky130_fd_sc_hd__o22a_2".
Reading "sky130_fd_sc_hd__o22a_4".
Reading "sky130_fd_sc_hd__o22ai_1".
Reading "sky130_fd_sc_hd__o22ai_2".
Reading "sky130_fd_sc_hd__o22ai_4".
Reading "sky130_fd_sc_hd__o31a_1".
Reading "sky130_fd_sc_hd__o31a_2".
Reading "sky130_fd_sc_hd__o31a_4".
Reading "sky130_fd_sc_hd__o31ai_1".
Reading "sky130_fd_sc_hd__o31ai_2".
Reading "sky130_fd_sc_hd__o31ai_4".
Reading "sky130_fd_sc_hd__o32a_1".
Reading "sky130_fd_sc_hd__o32a_2".
Reading "sky130_fd_sc_hd__o32a_4".
Reading "sky130_fd_sc_hd__o32ai_1".
Reading "sky130_fd_sc_hd__o32ai_2".
Reading "sky130_fd_sc_hd__o32ai_4".
Reading "sky130_fd_sc_hd__o41a_1".
Reading "sky130_fd_sc_hd__o41a_2".
Reading "sky130_fd_sc_hd__lpflow_lsbuf_lh_hl_isowell_tap_1".
CIF file read warning: CIF style sky130(): units rescaled by factor of 5 / 1
Reading "sky130_fd_sc_hd__lpflow_lsbuf_lh_hl_isowell_tap_2".
Reading "sky130_fd_sc_hd__lpflow_lsbuf_lh_hl_isowell_tap_4".
Reading "sky130_fd_sc_hd__lpflow_lsbuf_lh_isowell_4".
Reading "sky130_fd_sc_hd__lpflow_lsbuf_lh_isowell_tap_1".
Reading "sky130_fd_sc_hd__lpflow_lsbuf_lh_isowell_tap_2".
Reading "sky130_fd_sc_hd__lpflow_lsbuf_lh_isowell_tap_4".
Reading "sky130_fd_sc_hd__nor2_2".
Reading "sky130_fd_sc_hd__nand2_2".
Reading "sky130_fd_sc_hd__inv_2".
Reading "sky130_fd_sc_hd__conb_1".
Reading "sky130_fd_sc_hd__macro_sparecell".
Reading "sky130_fd_sc_hd__maj3_1".
Reading "sky130_fd_sc_hd__maj3_2".
Reading "sky130_fd_sc_hd__maj3_4".
Reading "sky130_fd_sc_hd__mux2_1".
Reading "sky130_fd_sc_hd__mux2_2".
Reading "sky130_fd_sc_hd__mux2_4".
Reading "sky130_fd_sc_hd__mux2_8".
Reading "sky130_fd_sc_hd__mux2i_1".
Reading "sky130_fd_sc_hd__mux2i_2".
Reading "sky130_fd_sc_hd__nand2_1".
Reading "sky130_fd_sc_hd__nand2_4".
Reading "sky130_fd_sc_hd__nand2_8".
Reading "sky130_fd_sc_hd__nand2b_1".
Reading "sky130_fd_sc_hd__mux2i_4".
Reading "sky130_fd_sc_hd__mux4_1".
Reading "sky130_fd_sc_hd__mux4_2".
Reading "sky130_fd_sc_hd__mux4_4".
Reading "sky130_fd_sc_hd__nand2b_2".
Reading "sky130_fd_sc_hd__nand2b_4".
Reading "sky130_fd_sc_hd__nand3_1".
Reading "sky130_fd_sc_hd__nand3_2".
Reading "sky130_fd_sc_hd__nand3_4".
Reading "sky130_fd_sc_hd__nand3b_1".
Reading "sky130_fd_sc_hd__nand3b_2".
Reading "sky130_fd_sc_hd__nand3b_4".
Reading "sky130_fd_sc_hd__nand4_1".
Reading "sky130_fd_sc_hd__nand4_2".
Reading "sky130_fd_sc_hd__nand4_4".
Reading "sky130_fd_sc_hd__nand4b_1".
Reading "sky130_fd_sc_hd__nand4b_2".
Reading "sky130_fd_sc_hd__nand4b_4".
Reading "sky130_fd_sc_hd__nand4bb_1".
Reading "sky130_fd_sc_hd__nand4bb_2".
Reading "sky130_fd_sc_hd__nand4bb_4".
Reading "sky130_fd_sc_hd__nor2_1".
Reading "sky130_fd_sc_hd__nor2_4".
Reading "sky130_fd_sc_hd__nor2_8".
Reading "sky130_fd_sc_hd__nor2b_1".
Reading "sky130_fd_sc_hd__nor2b_2".
Reading "sky130_fd_sc_hd__nor2b_4".
Reading "sky130_fd_sc_hd__nor3_1".
Reading "sky130_fd_sc_hd__nor3_2".
Reading "sky130_fd_sc_hd__nor3_4".
Reading "sky130_fd_sc_hd__nor3b_1".
Reading "sky130_fd_sc_hd__einvp_1".
Reading "sky130_fd_sc_hd__einvp_2".
Reading "sky130_fd_sc_hd__einvp_4".
Reading "sky130_fd_sc_hd__einvp_8".
Reading "sky130_fd_sc_hd__fa_1".
Reading "sky130_fd_sc_hd__fa_2".
Reading "sky130_fd_sc_hd__fa_4".
Reading "sky130_fd_sc_hd__fah_1".
Reading "sky130_fd_sc_hd__fahcin_1".
Reading "sky130_fd_sc_hd__fahcon_1".
Reading "sky130_fd_sc_hd__fill_1".
Reading "sky130_fd_sc_hd__fill_2".
Reading "sky130_fd_sc_hd__fill_4".
Reading "sky130_fd_sc_hd__fill_8".
Reading "sky130_fd_sc_hd__ha_1".
Reading "sky130_fd_sc_hd__ha_2".
Reading "sky130_fd_sc_hd__ha_4".
Reading "sky130_fd_sc_hd__inv_1".
Reading "sky130_fd_sc_hd__inv_16".
Reading "sky130_fd_sc_hd__inv_12".
Reading "sky130_fd_sc_hd__inv_8".
Reading "sky130_fd_sc_hd__inv_6".
Reading "sky130_fd_sc_hd__inv_4".
Reading "sky130_fd_sc_hd__lpflow_clkbufkapwr_4".
Reading "sky130_fd_sc_hd__lpflow_clkbufkapwr_2".
Reading "sky130_fd_sc_hd__lpflow_clkbufkapwr_1".
Reading "sky130_fd_sc_hd__lpflow_bleeder_1".
Reading "sky130_fd_sc_hd__lpflow_clkbufkapwr_8".
Reading "sky130_fd_sc_hd__lpflow_clkbufkapwr_16".
Reading "sky130_fd_sc_hd__lpflow_clkinvkapwr_1".
Reading "sky130_fd_sc_hd__lpflow_clkinvkapwr_2".
Reading "sky130_fd_sc_hd__lpflow_clkinvkapwr_4".
Reading "sky130_fd_sc_hd__lpflow_clkinvkapwr_8".
Reading "sky130_fd_sc_hd__lpflow_clkinvkapwr_16".
Reading "sky130_fd_sc_hd__lpflow_decapkapwr_3".
Reading "sky130_fd_sc_hd__lpflow_decapkapwr_4".
Reading "sky130_fd_sc_hd__lpflow_decapkapwr_6".
Reading "sky130_fd_sc_hd__lpflow_inputiso0n_1".
Reading "sky130_fd_sc_hd__lpflow_decapkapwr_12".
Reading "sky130_fd_sc_hd__lpflow_decapkapwr_8".
Reading "sky130_fd_sc_hd__lpflow_inputisolatch_1".
Reading "sky130_fd_sc_hd__lpflow_inputiso1p_1".
Reading "sky130_fd_sc_hd__lpflow_inputiso1n_1".
Reading "sky130_fd_sc_hd__lpflow_inputiso0p_1".
Reading "sky130_fd_sc_hd__lpflow_isobufsrc_4".
Reading "sky130_fd_sc_hd__lpflow_isobufsrc_2".
Reading "sky130_fd_sc_hd__lpflow_isobufsrc_1".
Reading "sky130_fd_sc_hd__lpflow_isobufsrc_8".
Reading "sky130_fd_sc_hd__lpflow_isobufsrc_16".
Reading "sky130_fd_sc_hd__lpflow_isobufsrckapwr_16".
Reading "sky130_fd_sc_hd__dfrtp_2".
Reading "sky130_fd_sc_hd__dfrtp_4".
Reading "sky130_fd_sc_hd__dfsbp_1".
Reading "sky130_fd_sc_hd__dfsbp_2".
Reading "sky130_fd_sc_hd__dfstp_1".
Reading "sky130_fd_sc_hd__dfstp_2".
Reading "sky130_fd_sc_hd__dfstp_4".
Reading "sky130_fd_sc_hd__dfxbp_1".
Reading "sky130_fd_sc_hd__dfxbp_2".
Reading "sky130_fd_sc_hd__dfxtp_1".
Reading "sky130_fd_sc_hd__dfxtp_2".
Reading "sky130_fd_sc_hd__dfxtp_4".
Reading "sky130_fd_sc_hd__diode_2".
Reading "sky130_fd_sc_hd__dlclkp_1".
Reading "sky130_fd_sc_hd__dlclkp_2".
Reading "sky130_fd_sc_hd__dlclkp_4".
Reading "sky130_fd_sc_hd__dlrbn_1".
Reading "sky130_fd_sc_hd__dlrbp_1".
Reading "sky130_fd_sc_hd__dlrtn_1".
Reading "sky130_fd_sc_hd__dlrtn_2".
Reading "sky130_fd_sc_hd__dlrbn_2".
Reading "sky130_fd_sc_hd__dlrbp_2".
Reading "sky130_fd_sc_hd__dlrtn_4".
Reading "sky130_fd_sc_hd__dlrtp_1".
Reading "sky130_fd_sc_hd__dlrtp_2".
Reading "sky130_fd_sc_hd__dlrtp_4".
Reading "sky130_fd_sc_hd__dlxbn_1".
Reading "sky130_fd_sc_hd__dlxbn_2".
Reading "sky130_fd_sc_hd__dlxbp_1".
Reading "sky130_fd_sc_hd__dlxtn_1".
Reading "sky130_fd_sc_hd__dlxtn_2".
Reading "sky130_fd_sc_hd__dlxtn_4".
Reading "sky130_fd_sc_hd__dlxtp_1".
Reading "sky130_fd_sc_hd__dlygate4sd1_1".
Reading "sky130_fd_sc_hd__dlygate4sd2_1".
Reading "sky130_fd_sc_hd__dlygate4sd3_1".
Reading "sky130_fd_sc_hd__dlymetal6s2s_1".
Reading "sky130_fd_sc_hd__dlymetal6s4s_1".
Reading "sky130_fd_sc_hd__dlymetal6s6s_1".
Reading "sky130_fd_sc_hd__ebufn_1".
Reading "sky130_fd_sc_hd__ebufn_2".
Reading "sky130_fd_sc_hd__ebufn_4".
Reading "sky130_fd_sc_hd__einvn_0".
Reading "sky130_fd_sc_hd__einvn_1".
Reading "sky130_fd_sc_hd__einvn_2".
Reading "sky130_fd_sc_hd__einvn_4".
Reading "sky130_fd_sc_hd__ebufn_8".
Reading "sky130_fd_sc_hd__edfxbp_1".
Reading "sky130_fd_sc_hd__edfxtp_1".
Reading "sky130_fd_sc_hd__einvn_8".
Reading "sky130_fd_sc_hd__and4_4".
Reading "sky130_fd_sc_hd__and4b_1".
Reading "sky130_fd_sc_hd__and4b_2".
Reading "sky130_fd_sc_hd__and4b_4".
Reading "sky130_fd_sc_hd__and4bb_1".
Reading "sky130_fd_sc_hd__and4bb_2".
Reading "sky130_fd_sc_hd__and4bb_4".
Reading "sky130_fd_sc_hd__buf_1".
Reading "sky130_fd_sc_hd__buf_2".
Reading "sky130_fd_sc_hd__buf_4".
Reading "sky130_fd_sc_hd__buf_6".
Reading "sky130_fd_sc_hd__buf_8".
Reading "sky130_fd_sc_hd__buf_12".
Reading "sky130_fd_sc_hd__buf_16".
Reading "sky130_fd_sc_hd__bufbuf_8".
Reading "sky130_fd_sc_hd__clkdlybuf4s15_2".
Reading "sky130_fd_sc_hd__clkdlybuf4s15_1".
Reading "sky130_fd_sc_hd__clkbuf_16".
Reading "sky130_fd_sc_hd__clkbuf_8".
Reading "sky130_fd_sc_hd__clkbuf_4".
Reading "sky130_fd_sc_hd__clkbuf_2".
Reading "sky130_fd_sc_hd__clkbuf_1".
Reading "sky130_fd_sc_hd__bufinv_16".
Reading "sky130_fd_sc_hd__bufinv_8".
Reading "sky130_fd_sc_hd__bufbuf_16".
Reading "sky130_fd_sc_hd__clkdlybuf4s18_1".
Reading "sky130_fd_sc_hd__clkdlybuf4s18_2".
Reading "sky130_fd_sc_hd__clkdlybuf4s25_1".
Reading "sky130_fd_sc_hd__clkdlybuf4s25_2".
Reading "sky130_fd_sc_hd__clkdlybuf4s50_1".
Reading "sky130_fd_sc_hd__clkdlybuf4s50_2".
Reading "sky130_fd_sc_hd__clkinv_1".
Reading "sky130_fd_sc_hd__clkinv_2".
Reading "sky130_fd_sc_hd__clkinv_4".
Reading "sky130_fd_sc_hd__dfbbn_1".
Reading "sky130_fd_sc_hd__decap_12".
Reading "sky130_fd_sc_hd__decap_8".
Reading "sky130_fd_sc_hd__decap_6".
Reading "sky130_fd_sc_hd__decap_4".
Reading "sky130_fd_sc_hd__decap_3".
Reading "sky130_fd_sc_hd__clkinvlp_4".
Reading "sky130_fd_sc_hd__clkinvlp_2".
Reading "sky130_fd_sc_hd__clkinv_16".
Reading "sky130_fd_sc_hd__clkinv_8".
Reading "sky130_fd_sc_hd__dfbbn_2".
Reading "sky130_fd_sc_hd__dfbbp_1".
Reading "sky130_fd_sc_hd__dfrbp_1".
Reading "sky130_fd_sc_hd__dfrbp_2".
Reading "sky130_fd_sc_hd__dfrtn_1".
Reading "sky130_fd_sc_hd__dfrtp_1".
Reading "sky130_fd_sc_hd__a32oi_1".
Reading "sky130_fd_sc_hd__a32oi_2".
Reading "sky130_fd_sc_hd__a32oi_4".
Reading "sky130_fd_sc_hd__a41o_1".
Reading "sky130_fd_sc_hd__a41o_2".
Reading "sky130_fd_sc_hd__a41o_4".
Reading "sky130_fd_sc_hd__a41oi_1".
Reading "sky130_fd_sc_hd__a41oi_2".
Reading "sky130_fd_sc_hd__a41oi_4".
Reading "sky130_fd_sc_hd__a221o_4".
Reading "sky130_fd_sc_hd__a221o_2".
Reading "sky130_fd_sc_hd__a221oi_1".
Reading "sky130_fd_sc_hd__a211oi_2".
Reading "sky130_fd_sc_hd__a211oi_1".
Reading "sky130_fd_sc_hd__a211o_4".
Reading "sky130_fd_sc_hd__a211o_2".
Reading "sky130_fd_sc_hd__a211o_1".
Reading "sky130_fd_sc_hd__a221o_1".
Reading "sky130_fd_sc_hd__a211oi_4".
Reading "sky130_fd_sc_hd__a221oi_2".
Reading "sky130_fd_sc_hd__a221oi_4".
Reading "sky130_fd_sc_hd__a222oi_1".
Reading "sky130_fd_sc_hd__a311o_1".
Reading "sky130_fd_sc_hd__a311o_2".
Reading "sky130_fd_sc_hd__a311o_4".
Reading "sky130_fd_sc_hd__a311oi_1".
Reading "sky130_fd_sc_hd__a311oi_2".
Reading "sky130_fd_sc_hd__a311oi_4".
Reading "sky130_fd_sc_hd__a2111o_1".
Reading "sky130_fd_sc_hd__a2111o_2".
Reading "sky130_fd_sc_hd__a2111o_4".
Reading "sky130_fd_sc_hd__a2111oi_0".
Reading "sky130_fd_sc_hd__a2111oi_1".
CIF file read warning: Input off lambda grid by 2/5; snapped to grid.
Reading "sky130_fd_sc_hd__a2111oi_2".
Reading "sky130_fd_sc_hd__a2111oi_4".
Reading "sky130_fd_sc_hd__and2_0".
Reading "sky130_fd_sc_hd__and2_1".
Reading "sky130_fd_sc_hd__and2b_1".
Reading "sky130_fd_sc_hd__and2_4".
Reading "sky130_fd_sc_hd__and2_2".
Reading "sky130_fd_sc_hd__and2b_4".
Reading "sky130_fd_sc_hd__and2b_2".
Reading "sky130_fd_sc_hd__and3_4".
Reading "sky130_fd_sc_hd__and3_2".
Reading "sky130_fd_sc_hd__and3_1".
Reading "sky130_fd_sc_hd__and3b_2".
Reading "sky130_fd_sc_hd__and3b_1".
Reading "sky130_fd_sc_hd__and3b_4".
Reading "sky130_fd_sc_hd__and4_1".
Reading "sky130_fd_sc_hd__and4_2".
Reading "sky130_ef_sc_hd__decap_12".
Reading "sky130_ef_sc_hd__fill_4".
Reading "sky130_ef_sc_hd__fill_8".
Reading "sky130_ef_sc_hd__fill_12".
Reading "sky130_fd_sc_hd__a2bb2o_1".
Reading "sky130_fd_sc_hd__a2bb2o_2".
Reading "sky130_fd_sc_hd__a2bb2o_4".
Reading "sky130_fd_sc_hd__a2bb2oi_1".
Reading "sky130_fd_sc_hd__a2bb2oi_2".
Reading "sky130_fd_sc_hd__a2bb2oi_4".
Reading "sky130_fd_sc_hd__a21bo_1".
Reading "sky130_fd_sc_hd__a21bo_2".
Reading "sky130_fd_sc_hd__a21bo_4".
Reading "sky130_fd_sc_hd__a21boi_0".
Reading "sky130_fd_sc_hd__a21boi_1".
Reading "sky130_fd_sc_hd__a21boi_2".
Reading "sky130_fd_sc_hd__a21boi_4".
Reading "sky130_fd_sc_hd__a21o_1".
Reading "sky130_fd_sc_hd__a21o_2".
Reading "sky130_fd_sc_hd__a22o_1".
Reading "sky130_fd_sc_hd__a21oi_4".
Reading "sky130_fd_sc_hd__a21oi_2".
Reading "sky130_fd_sc_hd__a22oi_2".
Reading "sky130_fd_sc_hd__a22oi_1".
Reading "sky130_fd_sc_hd__a22o_4".
Reading "sky130_fd_sc_hd__a22o_2".
Reading "sky130_fd_sc_hd__a22oi_4".
Reading "sky130_fd_sc_hd__a21oi_1".
Reading "sky130_fd_sc_hd__a21o_4".
Reading "sky130_fd_sc_hd__a31o_1".
Reading "sky130_fd_sc_hd__a31o_2".
Reading "sky130_fd_sc_hd__a31o_4".
Reading "sky130_fd_sc_hd__a31oi_1".
Reading "sky130_fd_sc_hd__a31oi_2".
Reading "sky130_fd_sc_hd__a31oi_4".
Reading "sky130_fd_sc_hd__a32o_1".
Reading "sky130_fd_sc_hd__a32o_2".
Reading "sky130_fd_sc_hd__a32o_4".
=== Step 2/4: Reading Routed DEF File ===
Reading DEF data from file 05_ASIC_Synthesis/pnr/results/baseline/baseline_routed.def.
This action cannot be undone.
  Processed 3 vias total.
  Processed 2592 subcell instances total.
  Processed 45 pins total.
  Processed 2 special nets total.
DEF read, Line 3385 (Error): Via name "L1M1_PR_MR" unknown in route.
DEF read, Line 3386 (Error): Via name "M1M2_PR" unknown in route.
DEF read, Line 3387 (Error): Via name "M1M2_PR" unknown in route.
DEF read, Line 3388 (Error): Via name "L1M1_PR_MR" unknown in route.
DEF read, Line 3392 (Error): Via name "L1M1_PR_MR" unknown in route.
DEF read, Line 3393 (Error): Via name "L1M1_PR_MR" unknown in route.
DEF read, Line 3398 (Error): Via name "L1M1_PR_MR" unknown in route.
DEF read, Line 3399 (Error): Via name "M1M2_PR" unknown in route.
DEF read, Line 3400 (Error): Via name "M1M2_PR" unknown in route.
DEF read, Line 3401 (Error): Via name "L1M1_PR_MR" unknown in route.
DEF read, Line 3406 (Error): Via name "L1M1_PR_MR" unknown in route.
DEF read, Line 3407 (Error): Via name "M1M2_PR" unknown in route.
DEF read, Line 3408 (Error): Via name "L1M1_PR_MR" unknown in route.
DEF read, Line 3409 (Error): Via name "M1M2_PR" unknown in route.
DEF read, Line 3416 (Error): Via name "M1M2_PR" unknown in route.
DEF read, Line 3417 (Error): Via name "L1M1_PR_MR" unknown in route.
DEF read, Line 3418 (Error): Via name "M1M2_PR" unknown in route.
DEF read, Line 3419 (Error): Via name "L1M1_PR_MR" unknown in route.
DEF read, Line 3424 (Error): Via name "L1M1_PR_MR" unknown in route.
DEF read, Line 3425 (Error): Via name "M1M2_PR" unknown in route.
DEF read, Line 3426 (Error): Via name "L1M1_PR_MR" unknown in route.
DEF read, Line 3427 (Error): Via name "M1M2_PR" unknown in route.
DEF read, Line 3433 (Error): Via name "L1M1_PR_MR" unknown in route.
DEF read, Line 3434 (Error): Via name "M1M2_PR" unknown in route.
DEF read, Line 3435 (Error): Via name "M2M3_PR" unknown in route.
DEF read, Line 3436 (Error): Via name "M2M3_PR" unknown in route.
DEF read, Line 3437 (Error): Via name "L1M1_PR_MR" unknown in route.
DEF read, Line 3438 (Error): Via name "M1M2_PR" unknown in route.
DEF read, Line 3445 (Error): Via name "L1M1_PR_MR" unknown in route.
DEF read, Line 3446 (Error): Via name "M1M2_PR" unknown in route.
DEF read, Line 3447 (Error): Via name "M2M3_PR" unknown in route.
DEF read, Line 3448 (Error): Via name "M2M3_PR" unknown in route.
DEF read, Line 3449 (Error): Via name "L1M1_PR_MR" unknown in route.
DEF read, Line 3450 (Error): Via name "M1M2_PR" unknown in route.
DEF read, Line 3456 (Error): Via name "L1M1_PR_MR" unknown in route.
DEF read, Line 3457 (Error): Via name "M1M2_PR" unknown in route.
DEF read, Line 3458 (Error): Via name "L1M1_PR_MR" unknown in route.
DEF read, Line 3459 (Error): Via name "M1M2_PR" unknown in route.
DEF read, Line 3465 (Error): Via name "L1M1_PR_MR" unknown in route.
DEF read, Line 3466 (Error): Via name "M1M2_PR" unknown in route.
DEF read, Line 3467 (Error): Via name "M1M2_PR" unknown in route.
DEF read, Line 3468 (Error): Via name "M1M2_PR" unknown in route.
DEF read, Line 3469 (Error): Via name "L1M1_PR_MR" unknown in route.
DEF read, Line 3470 (Error): Via name "M1M2_PR" unknown in route.
DEF read, Line 3476 (Error): Via name "L1M1_PR_MR" unknown in route.
DEF read, Line 3477 (Error): Via name "L1M1_PR_MR" unknown in route.
DEF read, Line 3483 (Error): Via name "L1M1_PR_MR" unknown in route.
DEF read, Line 3484 (Error): Via name "M1M2_PR" unknown in route.
DEF read, Line 3485 (Error): Via name "M1M2_PR" unknown in route.
DEF read, Line 3486 (Error): Via name "L1M1_PR_MR" unknown in route.
DEF read, Line 3491 (Error): Via name "L1M1_PR_MR" unknown in route.
DEF read, Line 3492 (Error): Via name "M1M2_PR" unknown in route.
DEF read, Line 3493 (Error): Via name "M1M2_PR" unknown in route.
DEF read, Line 3494 (Error): Via name "L1M1_PR_MR" unknown in route.
DEF read, Line 3498 (Error): Via name "L1M1_PR_MR" unknown in route.
DEF read, Line 3499 (Error): Via name "M1M2_PR" unknown in route.
DEF read, Line 3500 (Error): Via name "M1M2_PR" unknown in route.
DEF read, Line 3501 (Error): Via name "L1M1_PR_MR" unknown in route.
DEF read, Line 3506 (Error): Via name "L1M1_PR_MR" unknown in route.
DEF read, Line 3507 (Error): Via name "M1M2_PR" unknown in route.
DEF read, Line 3508 (Error): Via name "L1M1_PR_MR" unknown in route.
DEF read, Line 3509 (Error): Via name "M1M2_PR" unknown in route.
DEF read, Line 3515 (Error): Via name "L1M1_PR_MR" unknown in route.
DEF read, Line 3516 (Error): Via name "M1M2_PR" unknown in route.
DEF read, Line 3517 (Error): Via name "M1M2_PR" unknown in route.
DEF read, Line 3518 (Error): Via name "L1M1_PR_MR" unknown in route.
DEF read, Line 3523 (Error): Via name "L1M1_PR_MR" unknown in route.
DEF read, Line 3524 (Error): Via name "M1M2_PR" unknown in route.
DEF read, Line 3525 (Error): Via name "L1M1_PR_MR" unknown in route.
DEF read, Line 3526 (Error): Via name "M1M2_PR" unknown in route.
DEF read, Line 3532 (Error): Via name "L1M1_PR_MR" unknown in route.
DEF read, Line 3533 (Error): Via name "M1M2_PR" unknown in route.
DEF read, Line 3534 (Error): Via name "L1M1_PR_MR" unknown in route.
DEF read, Line 3535 (Error): Via name "M1M2_PR" unknown in route.
DEF read, Line 3540 (Error): Via name "L1M1_PR_MR" unknown in route.
DEF read, Line 3541 (Error): Via name "M1M2_PR" unknown in route.
DEF read, Line 3542 (Error): Via name "L1M1_PR_MR" unknown in route.
DEF read, Line 3543 (Error): Via name "M1M2_PR" unknown in route.
DEF read, Line 3549 (Error): Via name "L1M1_PR_MR" unknown in route.
DEF read, Line 3550 (Error): Via name "M1M2_PR" unknown in route.
DEF read, Line 3551 (Error): Via name "M1M2_PR" unknown in route.
DEF read, Line 3552 (Error): Via name "L1M1_PR_MR" unknown in route.
DEF read, Line 3556 (Error): Via name "L1M1_PR_MR" unknown in route.
DEF read, Line 3557 (Error): Via name "M1M2_PR" unknown in route.
DEF read, Line 3558 (Error): Via name "M1M2_PR" unknown in route.
DEF read, Line 3559 (Error): Via name "L1M1_PR_MR" unknown in route.
DEF read, Line 3565 (Error): Via name "L1M1_PR_MR" unknown in route.
DEF read, Line 3566 (Error): Via name "L1M1_PR_MR" unknown in route.
DEF read, Line 3570 (Error): Via name "L1M1_PR_MR" unknown in route.
DEF read, Line 3571 (Error): Via name "M1M2_PR" unknown in route.
DEF read, Line 3572 (Error): Via name "L1M1_PR_MR" unknown in route.
DEF read, Line 3573 (Error): Via name "M1M2_PR" unknown in route.
DEF read, Line 3580 (Error): Via name "L1M1_PR_MR" unknown in route.
DEF read, Line 3581 (Error): Via name "M1M2_PR" unknown in route.
DEF read, Line 3582 (Error): Via name "M1M2_PR" unknown in route.
DEF read, Line 3583 (Error): Via name "L1M1_PR_MR" unknown in route.
DEF read, Line 3587 (Error): Via name "L1M1_PR_MR" unknown in route.
DEF read, Line 3588 (Error): Via name "M1M2_PR" unknown in route.
DEF read, Line 3589 (Error): Via name "M1M2_PR" unknown in route.
DEF read, Line 3590 (Error): Via name "L1M1_PR_MR" unknown in route.
DEF Read:  Further errors will not be reported.
  Processed 613 nets total.
DEF read: Processed 14388 lines.
DEF Read: encountered 4803 errors total.
=== Step 3/4: Loading Top Cell & Writing Merged GDS ===
   Copying output for cell sky130_fd_sc_hd__fill_8 from 05_ASIC_Synthesis/pdk/sky130_fd_sc_hd.gds
   Copying output for cell sky130_fd_sc_hd__decap_3 from 05_ASIC_Synthesis/pdk/sky130_fd_sc_hd.gds
   Copying output for cell sky130_fd_sc_hd__fill_2 from 05_ASIC_Synthesis/pdk/sky130_fd_sc_hd.gds
   Copying output for cell sky130_fd_sc_hd__fill_1 from 05_ASIC_Synthesis/pdk/sky130_fd_sc_hd.gds
   Copying output for cell sky130_fd_sc_hd__tapvpwrvgnd_1 from 05_ASIC_Synthesis/pdk/sky130_fd_sc_hd.gds
   Copying output for cell sky130_fd_sc_hd__fill_4 from 05_ASIC_Synthesis/pdk/sky130_fd_sc_hd.gds
   Copying output for cell sky130_fd_sc_hd__nand2_1 from 05_ASIC_Synthesis/pdk/sky130_fd_sc_hd.gds
   Copying output for cell sky130_fd_sc_hd__o21ai_0 from 05_ASIC_Synthesis/pdk/sky130_fd_sc_hd.gds
   Copying output for cell sky130_fd_sc_hd__or3_1 from 05_ASIC_Synthesis/pdk/sky130_fd_sc_hd.gds
   Copying output for cell sky130_fd_sc_hd__nand4_1 from 05_ASIC_Synthesis/pdk/sky130_fd_sc_hd.gds
   Copying output for cell sky130_fd_sc_hd__nor2_1 from 05_ASIC_Synthesis/pdk/sky130_fd_sc_hd.gds
   Copying output for cell sky130_fd_sc_hd__nor4bb_1 from 05_ASIC_Synthesis/pdk/sky130_fd_sc_hd.gds
   Copying output for cell sky130_fd_sc_hd__nor4b_1 from 05_ASIC_Synthesis/pdk/sky130_fd_sc_hd.gds
   Copying output for cell sky130_fd_sc_hd__nand3_1 from 05_ASIC_Synthesis/pdk/sky130_fd_sc_hd.gds
   Copying output for cell sky130_fd_sc_hd__nand4b_1 from 05_ASIC_Synthesis/pdk/sky130_fd_sc_hd.gds
   Copying output for cell sky130_fd_sc_hd__dfrtp_1 from 05_ASIC_Synthesis/pdk/sky130_fd_sc_hd.gds
   Copying output for cell sky130_fd_sc_hd__and4b_1 from 05_ASIC_Synthesis/pdk/sky130_fd_sc_hd.gds
   Copying output for cell sky130_fd_sc_hd__nor3_1 from 05_ASIC_Synthesis/pdk/sky130_fd_sc_hd.gds
   Copying output for cell sky130_fd_sc_hd__a22oi_1 from 05_ASIC_Synthesis/pdk/sky130_fd_sc_hd.gds
   Copying output for cell sky130_fd_sc_hd__clkbuf_16 from 05_ASIC_Synthesis/pdk/sky130_fd_sc_hd.gds
   Copying output for cell sky130_fd_sc_hd__nor4_1 from 05_ASIC_Synthesis/pdk/sky130_fd_sc_hd.gds
   Copying output for cell sky130_fd_sc_hd__a222oi_1 from 05_ASIC_Synthesis/pdk/sky130_fd_sc_hd.gds
   Copying output for cell sky130_fd_sc_hd__or4b_1 from 05_ASIC_Synthesis/pdk/sky130_fd_sc_hd.gds
   Copying output for cell sky130_fd_sc_hd__or4_1 from 05_ASIC_Synthesis/pdk/sky130_fd_sc_hd.gds
   Copying output for cell sky130_fd_sc_hd__o21a_1 from 05_ASIC_Synthesis/pdk/sky130_fd_sc_hd.gds
   Copying output for cell sky130_fd_sc_hd__a22o_1 from 05_ASIC_Synthesis/pdk/sky130_fd_sc_hd.gds
   Copying output for cell sky130_fd_sc_hd__nand2b_1 from 05_ASIC_Synthesis/pdk/sky130_fd_sc_hd.gds
   Copying output for cell sky130_fd_sc_hd__lpflow_inputiso1p_1 from 05_ASIC_Synthesis/pdk/sky130_fd_sc_hd.gds
   Copying output for cell sky130_fd_sc_hd__dfxtp_1 from 05_ASIC_Synthesis/pdk/sky130_fd_sc_hd.gds
   Copying output for cell sky130_fd_sc_hd__dfstp_2 from 05_ASIC_Synthesis/pdk/sky130_fd_sc_hd.gds
   Copying output for cell sky130_fd_sc_hd__o22a_1 from 05_ASIC_Synthesis/pdk/sky130_fd_sc_hd.gds
   Copying output for cell sky130_fd_sc_hd__a21oi_1 from 05_ASIC_Synthesis/pdk/sky130_fd_sc_hd.gds
   Copying output for cell sky130_fd_sc_hd__a32oi_1 from 05_ASIC_Synthesis/pdk/sky130_fd_sc_hd.gds
   Copying output for cell sky130_fd_sc_hd__a21boi_0 from 05_ASIC_Synthesis/pdk/sky130_fd_sc_hd.gds
   Copying output for cell sky130_fd_sc_hd__mux2_1 from 05_ASIC_Synthesis/pdk/sky130_fd_sc_hd.gds
   Copying output for cell sky130_fd_sc_hd__o41ai_1 from 05_ASIC_Synthesis/pdk/sky130_fd_sc_hd.gds
   Copying output for cell sky130_fd_sc_hd__a21o_1 from 05_ASIC_Synthesis/pdk/sky130_fd_sc_hd.gds
   Copying output for cell sky130_fd_sc_hd__conb_1 from 05_ASIC_Synthesis/pdk/sky130_fd_sc_hd.gds
   Copying output for cell sky130_fd_sc_hd__o32ai_1 from 05_ASIC_Synthesis/pdk/sky130_fd_sc_hd.gds
   Copying output for cell sky130_fd_sc_hd__lpflow_isobufsrc_1 from 05_ASIC_Synthesis/pdk/sky130_fd_sc_hd.gds
   Copying output for cell sky130_fd_sc_hd__xnor2_1 from 05_ASIC_Synthesis/pdk/sky130_fd_sc_hd.gds
   Copying output for cell sky130_fd_sc_hd__o31ai_1 from 05_ASIC_Synthesis/pdk/sky130_fd_sc_hd.gds
   Copying output for cell sky130_fd_sc_hd__and2_0 from 05_ASIC_Synthesis/pdk/sky130_fd_sc_hd.gds
   Copying output for cell sky130_fd_sc_hd__clkinv_1 from 05_ASIC_Synthesis/pdk/sky130_fd_sc_hd.gds
   Generating output for cell tt_um_dusterthefirst_project
Merged GDS written to: 05_ASIC_Synthesis/pnr/results/baseline/tt_um_dusterthefirst_project.gds
=== Step 4/4: DRC Check & SPICE Extraction for LVS ===
Loading DRC CIF style.
TOTAL DRC ERRORS: 756
Extracting sky130_fd_sc_hd__fill_8 into sky130_fd_sc_hd__fill_8.ext:
Processing sky130_fd_sc_hd__fill_8
Extracting sky130_fd_sc_hd__decap_3 into sky130_fd_sc_hd__decap_3.ext:
Processing sky130_fd_sc_hd__decap_3
freeMagic called with NULL argument.
sky130_fd_sc_hd__decap_3: 2 warnings
Extracting sky130_fd_sc_hd__fill_2 into sky130_fd_sc_hd__fill_2.ext:
Processing sky130_fd_sc_hd__fill_2
Extracting sky130_fd_sc_hd__fill_1 into sky130_fd_sc_hd__fill_1.ext:
Processing sky130_fd_sc_hd__fill_1
Extracting sky130_fd_sc_hd__tapvpwrvgnd_1 into sky130_fd_sc_hd__tapvpwrvgnd_1.ext:
Processing sky130_fd_sc_hd__tapvpwrvgnd_1
Extracting sky130_fd_sc_hd__fill_4 into sky130_fd_sc_hd__fill_4.ext:
Processing sky130_fd_sc_hd__fill_4
Extracting sky130_fd_sc_hd__nand2_1 into sky130_fd_sc_hd__nand2_1.ext:
Processing sky130_fd_sc_hd__nand2_1
Extracting sky130_fd_sc_hd__o21ai_0 into sky130_fd_sc_hd__o21ai_0.ext:
Processing sky130_fd_sc_hd__o21ai_0
Extracting sky130_fd_sc_hd__or3_1 into sky130_fd_sc_hd__or3_1.ext:
Processing sky130_fd_sc_hd__or3_1
Extracting sky130_fd_sc_hd__nand4_1 into sky130_fd_sc_hd__nand4_1.ext:
Processing sky130_fd_sc_hd__nand4_1
Extracting sky130_fd_sc_hd__nor2_1 into sky130_fd_sc_hd__nor2_1.ext:
Processing sky130_fd_sc_hd__nor2_1
Extracting sky130_fd_sc_hd__nor4bb_1 into sky130_fd_sc_hd__nor4bb_1.ext:
Processing sky130_fd_sc_hd__nor4bb_1
Extracting sky130_fd_sc_hd__nor4b_1 into sky130_fd_sc_hd__nor4b_1.ext:
Processing sky130_fd_sc_hd__nor4b_1
Extracting sky130_fd_sc_hd__nand3_1 into sky130_fd_sc_hd__nand3_1.ext:
Processing sky130_fd_sc_hd__nand3_1
Extracting sky130_fd_sc_hd__nand4b_1 into sky130_fd_sc_hd__nand4b_1.ext:
Processing sky130_fd_sc_hd__nand4b_1
Extracting sky130_fd_sc_hd__dfrtp_1 into sky130_fd_sc_hd__dfrtp_1.ext:
Processing sky130_fd_sc_hd__dfrtp_1
Extracting sky130_fd_sc_hd__and4b_1 into sky130_fd_sc_hd__and4b_1.ext:
Processing sky130_fd_sc_hd__and4b_1
Extracting sky130_fd_sc_hd__nor3_1 into sky130_fd_sc_hd__nor3_1.ext:
Processing sky130_fd_sc_hd__nor3_1
Extracting sky130_fd_sc_hd__a22oi_1 into sky130_fd_sc_hd__a22oi_1.ext:
Processing sky130_fd_sc_hd__a22oi_1
Extracting sky130_fd_sc_hd__clkbuf_16 into sky130_fd_sc_hd__clkbuf_16.ext:
Processing sky130_fd_sc_hd__clkbuf_16
Extracting sky130_fd_sc_hd__nor4_1 into sky130_fd_sc_hd__nor4_1.ext:
Processing sky130_fd_sc_hd__nor4_1
Extracting sky130_fd_sc_hd__a222oi_1 into sky130_fd_sc_hd__a222oi_1.ext:
Processing sky130_fd_sc_hd__a222oi_1
Extracting sky130_fd_sc_hd__or4b_1 into sky130_fd_sc_hd__or4b_1.ext:
Processing sky130_fd_sc_hd__or4b_1
Extracting sky130_fd_sc_hd__or4_1 into sky130_fd_sc_hd__or4_1.ext:
Processing sky130_fd_sc_hd__or4_1
Extracting sky130_fd_sc_hd__o21a_1 into sky130_fd_sc_hd__o21a_1.ext:
Processing sky130_fd_sc_hd__o21a_1
Extracting sky130_fd_sc_hd__a22o_1 into sky130_fd_sc_hd__a22o_1.ext:
Processing sky130_fd_sc_hd__a22o_1
Extracting sky130_fd_sc_hd__nand2b_1 into sky130_fd_sc_hd__nand2b_1.ext:
Processing sky130_fd_sc_hd__nand2b_1
Extracting sky130_fd_sc_hd__lpflow_inputiso1p_1 into sky130_fd_sc_hd__lpflow_inputiso1p_1.ext:
Processing sky130_fd_sc_hd__lpflow_inputiso1p_1
Extracting sky130_fd_sc_hd__dfxtp_1 into sky130_fd_sc_hd__dfxtp_1.ext:
Processing sky130_fd_sc_hd__dfxtp_1
Extracting sky130_fd_sc_hd__dfstp_2 into sky130_fd_sc_hd__dfstp_2.ext:
Processing sky130_fd_sc_hd__dfstp_2
Extracting sky130_fd_sc_hd__o22a_1 into sky130_fd_sc_hd__o22a_1.ext:
Processing sky130_fd_sc_hd__o22a_1
Extracting sky130_fd_sc_hd__a21oi_1 into sky130_fd_sc_hd__a21oi_1.ext:
Processing sky130_fd_sc_hd__a21oi_1
Extracting sky130_fd_sc_hd__a32oi_1 into sky130_fd_sc_hd__a32oi_1.ext:
Processing sky130_fd_sc_hd__a32oi_1
Extracting sky130_fd_sc_hd__a21boi_0 into sky130_fd_sc_hd__a21boi_0.ext:
Processing sky130_fd_sc_hd__a21boi_0
Extracting sky130_fd_sc_hd__mux2_1 into sky130_fd_sc_hd__mux2_1.ext:
Processing sky130_fd_sc_hd__mux2_1
Extracting sky130_fd_sc_hd__o41ai_1 into sky130_fd_sc_hd__o41ai_1.ext:
Processing sky130_fd_sc_hd__o41ai_1
Extracting sky130_fd_sc_hd__a21o_1 into sky130_fd_sc_hd__a21o_1.ext:
Processing sky130_fd_sc_hd__a21o_1
Extracting sky130_fd_sc_hd__conb_1 into sky130_fd_sc_hd__conb_1.ext:
Processing sky130_fd_sc_hd__conb_1
Extracting sky130_fd_sc_hd__o32ai_1 into sky130_fd_sc_hd__o32ai_1.ext:
Processing sky130_fd_sc_hd__o32ai_1
Extracting sky130_fd_sc_hd__lpflow_isobufsrc_1 into sky130_fd_sc_hd__lpflow_isobufsrc_1.ext:
Processing sky130_fd_sc_hd__lpflow_isobufsrc_1
Extracting sky130_fd_sc_hd__xnor2_1 into sky130_fd_sc_hd__xnor2_1.ext:
Processing sky130_fd_sc_hd__xnor2_1
Extracting sky130_fd_sc_hd__o31ai_1 into sky130_fd_sc_hd__o31ai_1.ext:
Processing sky130_fd_sc_hd__o31ai_1
Extracting sky130_fd_sc_hd__and2_0 into sky130_fd_sc_hd__and2_0.ext:
Processing sky130_fd_sc_hd__and2_0
Extracting sky130_fd_sc_hd__clkinv_1 into sky130_fd_sc_hd__clkinv_1.ext:
Processing sky130_fd_sc_hd__clkinv_1
Extracting tt_um_dusterthefirst_project into tt_um_dusterthefirst_project.ext:
Processing tt_um_dusterthefirst_project
Total of 2 warnings.
exttospice finished.
Extracted SPICE written to: 05_ASIC_Synthesis/pnr/results/baseline/tt_um_dusterthefirst_project_extracted.spice
