OpenROAD f12e2f474102bfb875eeee57fb610d7d7de17770 
This program is licensed under the BSD-3 license. See the LICENSE file for details.
Components of this program may be licensed under more restrictive licenses which must be honored.
=== Step 1/10: Reading PDK LEF Files ===
[INFO ODB-0222] Reading LEF file: 05_ASIC_Synthesis/pdk/sky130_fd_sc_hd__nom.tlef
[INFO ODB-0223]     Created 13 technology layers
[INFO ODB-0224]     Created 25 technology vias
[INFO ODB-0226] Finished LEF file:  05_ASIC_Synthesis/pdk/sky130_fd_sc_hd__nom.tlef
[INFO ODB-0222] Reading LEF file: 05_ASIC_Synthesis/pdk/sky130_fd_sc_hd.lef
[WARNING ODB-0220] WARNING (LEFPARS-2008): NOWIREEXTENSIONATPIN statement is obsolete in version 5.6 or later.
The NOWIREEXTENSIONATPIN statement will be ignored. See file 05_ASIC_Synthesis/pdk/sky130_fd_sc_hd.lef at line 2.

[INFO ODB-0225]     Created 437 library cells
[INFO ODB-0226] Finished LEF file:  05_ASIC_Synthesis/pdk/sky130_fd_sc_hd.lef
=== Step 2/10: Reading Liberty Timing Library ===
=== Step 3/10: Reading Synthesized Gate-Level Netlist ===
=== Step 4/10: Linking Design & Loading SDC Constraints ===
=== Step 5/10: Floorplan & Pin Initialization from TT08 Template ===
[INFO ODB-0127] Reading DEF file: 05_ASIC_Synthesis/pdk/tt_block_1x1_pg.def
[INFO ODB-0128] Design: tt_um_template
[WARNING ODB-0249] skipping undefined net VGND encountered in FLOORPLAN DEF
[WARNING ODB-0249] skipping undefined net VPWR encountered in FLOORPLAN DEF
[INFO ODB-0252]     Updated 43 pins.
[INFO ODB-0254]     Updated 43 nets and 0 connections.
[INFO ODB-0134] Finished DEF file: 05_ASIC_Synthesis/pdk/tt_block_1x1_pg.def
=== Step 6/10: Power Distribution Network (PDN) Synthesis ===
[INFO PDN-0008] Design name is tt_um_dusterthefirst_project.
[INFO PDN-0009] Reading technology data.
[WARNING PDN-0018] No macro grid specifications found - no straps added.
[INFO PDN-0011] ****** INFO ******
Type: stdcell, stdcell_grid
    Stdcell Rails
      Layer: met1  -  width: 0.480  pitch: 5.440 
    Straps
      Layer: met4  -  width: 1.600  pitch: 38.870  offset: 16.320 
    Connect: {met1 met4}
[INFO PDN-0012] **** END INFO ****
[INFO PDN-0013] Inserting stdcell grid - stdcell_grid.
[INFO PDN-0015] Writing to database.
=== Step 7/10: Tapcell Insertion & Placement ===
[INFO TAP-0001] Found 0 macro blocks.
[INFO TAP-0002] Original rows: 39
[INFO TAP-0003] Created 0 rows for a total of 39 rows.
[INFO TAP-0004] Inserted 78 endcaps.
[INFO TAP-0005] Inserted 225 tapcells.
[INFO GPL-0002] DBU: 1000
[INFO GPL-0003] SiteSize: 460 2720
[INFO GPL-0004] CoreAreaLxLy: 2760 2720
[INFO GPL-0005] CoreAreaUxUy: 158240 108800
[INFO GPL-0006] NumInstances: 888
[INFO GPL-0007] NumPlaceInstances: 585
[INFO GPL-0008] NumFixedInstances: 303
[INFO GPL-0009] NumDummyInstances: 0
[INFO GPL-0010] NumNets: 604
[INFO GPL-0011] NumPins: 2165
[INFO GPL-0012] DieAreaLxLy: 0 0
[INFO GPL-0013] DieAreaUxUy: 161000 111520
[INFO GPL-0014] CoreAreaLxLy: 2760 2720
[INFO GPL-0015] CoreAreaUxUy: 158240 108800
[INFO GPL-0016] CoreArea: 16493318400
[INFO GPL-0017] NonPlaceInstsArea: 574300800
[INFO GPL-0018] PlaceInstsArea: 7945120000
[INFO GPL-0019] Util(%): 49.91
[INFO GPL-0020] StdInstsArea: 7945120000
[INFO GPL-0021] MacroInstsArea: 0
[InitialPlace]  Iter: 1 CG residual: 0.00000010 HPWL: 10380200
[InitialPlace]  Iter: 2 CG residual: 0.00000011 HPWL: 5167421
[InitialPlace]  Iter: 3 CG residual: 0.00000010 HPWL: 5178160
[InitialPlace]  Iter: 4 CG residual: 0.00000004 HPWL: 5192681
[InitialPlace]  Iter: 5 CG residual: 0.00000009 HPWL: 5197753
[INFO GPL-0031] FillerInit: NumGCells: 647
[INFO GPL-0032] FillerInit: NumGNets: 604
[INFO GPL-0033] FillerInit: NumGPins: 2165
[INFO GPL-0023] TargetDensity: 0.55
[INFO GPL-0024] AveragePlaceInstArea: 13581401
[INFO GPL-0025] IdealBinArea: 24693456
[INFO GPL-0026] IdealBinCnt: 667
[INFO GPL-0027] TotalBinArea: 16493318400
[INFO GPL-0028] BinCnt: 16 16
[INFO GPL-0029] BinSize: 9718 6630
[INFO GPL-0030] NumBins: 256
[NesterovSolve] Iter: 1 overflow: 0.962077 HPWL: 1883230
[NesterovSolve] Iter: 10 overflow: 0.953953 HPWL: 2023930
[NesterovSolve] Iter: 20 overflow: 0.954815 HPWL: 2019818
[NesterovSolve] Iter: 30 overflow: 0.954905 HPWL: 2022564
[NesterovSolve] Iter: 40 overflow: 0.95462 HPWL: 2025852
[NesterovSolve] Iter: 50 overflow: 0.954081 HPWL: 2028900
[NesterovSolve] Iter: 60 overflow: 0.953593 HPWL: 2030677
[NesterovSolve] Iter: 70 overflow: 0.953013 HPWL: 2032387
[NesterovSolve] Iter: 80 overflow: 0.952684 HPWL: 2033339
[NesterovSolve] Iter: 90 overflow: 0.952665 HPWL: 2034226
[NesterovSolve] Iter: 100 overflow: 0.95271 HPWL: 2035303
[NesterovSolve] Iter: 110 overflow: 0.953027 HPWL: 2038161
[NesterovSolve] Iter: 120 overflow: 0.953234 HPWL: 2045467
[NesterovSolve] Iter: 130 overflow: 0.953279 HPWL: 2062393
[NesterovSolve] Iter: 140 overflow: 0.953141 HPWL: 2098356
[NesterovSolve] Iter: 150 overflow: 0.952733 HPWL: 2160388
[NesterovSolve] Iter: 160 overflow: 0.945051 HPWL: 2255868
[NesterovSolve] Iter: 170 overflow: 0.942306 HPWL: 2387448
[NesterovSolve] Iter: 180 overflow: 0.940165 HPWL: 2533215
[NesterovSolve] Iter: 190 overflow: 0.927136 HPWL: 2716040
[NesterovSolve] Iter: 200 overflow: 0.919315 HPWL: 2993137
[NesterovSolve] Iter: 210 overflow: 0.904068 HPWL: 3472350
[NesterovSolve] Iter: 220 overflow: 0.879285 HPWL: 3992525
[NesterovSolve] Iter: 230 overflow: 0.852331 HPWL: 4438102
[NesterovSolve] Iter: 240 overflow: 0.82112 HPWL: 4969766
[NesterovSolve] Iter: 250 overflow: 0.792602 HPWL: 5407382
[INFO GPL-0100] worst slack 9e-09
[INFO GPL-0103] Weighted 70 nets.
[NesterovSolve] Iter: 260 overflow: 0.793103 HPWL: 6194014
[NesterovSolve] Iter: 270 overflow: 0.78002 HPWL: 9137976
[NesterovSolve] Iter: 280 overflow: 0.778389 HPWL: 10811175
[NesterovSolve] Iter: 290 overflow: 0.785314 HPWL: 9987747
[NesterovSolve] Iter: 300 overflow: 0.777695 HPWL: 8555984
[NesterovSolve] Iter: 310 overflow: 0.713077 HPWL: 9517416
[INFO GPL-0100] worst slack 9e-09
[INFO GPL-0103] Weighted 70 nets.
[NesterovSolve] Iter: 320 overflow: 0.60924 HPWL: 12732805
[NesterovSolve] Iter: 330 overflow: 0.528202 HPWL: 15208559
[INFO GPL-0100] worst slack 9e-09
[INFO GPL-0103] Weighted 70 nets.
[NesterovSolve] Iter: 340 overflow: 0.474644 HPWL: 16115283
[NesterovSolve] Iter: 350 overflow: 0.446526 HPWL: 15777692
[NesterovSolve] Iter: 360 overflow: 0.430293 HPWL: 14871592
[NesterovSolve] Iter: 370 overflow: 0.393011 HPWL: 14643844
[NesterovSolve] Iter: 380 overflow: 0.299013 HPWL: 15402387
[INFO GPL-0100] worst slack 9e-09
[INFO GPL-0103] Weighted 70 nets.
[NesterovSolve] Iter: 390 overflow: 0.218328 HPWL: 16132572
[INFO GPL-0100] worst slack 9e-09
[INFO GPL-0103] Weighted 70 nets.
[NesterovSolve] Iter: 400 overflow: 0.20497 HPWL: 16512626
[NesterovSolve] Iter: 410 overflow: 0.208916 HPWL: 16413784
[NesterovSolve] Iter: 420 overflow: 0.188354 HPWL: 16093163
[NesterovSolve] Iter: 430 overflow: 0.153382 HPWL: 16034395
[INFO GPL-0100] worst slack 9e-09
[INFO GPL-0103] Weighted 70 nets.
[NesterovSolve] Iter: 440 overflow: 0.13938 HPWL: 16178900
[NesterovSolve] Iter: 450 overflow: 0.10712 HPWL: 16164292
[NesterovSolve] Finished with Overflow: 0.099329
Placement Analysis
---------------------------------
total displacement       1068.4 u
average displacement        1.2 u
max displacement           10.1 u
original HPWL           16147.0 u
legalized HPWL          16452.3 u
delta HPWL                    2 %

=== Step 8/10: Clock Tree Synthesis (CTS) ===
[WARNING CTS-0104] Clock wire resistance/capacitance values are zero.
Use set_wire_rc to set them.
[INFO CTS-0038] Number of created patterns = 50000.
[INFO CTS-0038] Number of created patterns = 100000.
[INFO CTS-0038] Number of created patterns = 150000.
[INFO CTS-0038] Number of created patterns = 200000.
[INFO CTS-0038] Number of created patterns = 250000.
[INFO CTS-0038] Number of created patterns = 300000.
[INFO CTS-0039] Number of created patterns = 313632.
[INFO CTS-0084] Compiling LUT.
Min. len    Max. len    Min. cap    Max. cap    Min. slew   Max. slew
2           8           1           34          1           30          
[WARNING CTS-0043] 6336 wires are pure wire and no slew degradation.
TritonCTS forced slew degradation on these wires.
[INFO CTS-0046]     Number of wire segments: 313632.
[INFO CTS-0047]     Number of keys in characterization LUT: 1672.
[INFO CTS-0048]     Actual min input cap: 1.
[INFO CTS-0007] Net "clk" found for clock "clk".
[INFO CTS-0010]  Clock net "clk" has 110 sinks.
[INFO CTS-0008] TritonCTS found 1 clock nets.
[INFO CTS-0097] Characterization used 4 buffer(s) types.
[INFO CTS-0027] Generating H-Tree topology for net clk.
[INFO CTS-0028]  Total number of sinks: 110.
[INFO CTS-0030]  Number of static layers: 0.
[INFO CTS-0020]  Wire segment unit: 13000  dbu (13 um).
[INFO CTS-0023]  Original sink region: [(33845, 25780), (141485, 104780)].
[INFO CTS-0024]  Normalized sink region: [(2.60346, 1.98308), (10.8835, 8.06)].
[INFO CTS-0025]     Width:  8.2800.
[INFO CTS-0026]     Height: 6.0769.
 Level 1
    Direction: Horizontal
    Sinks per sub-region: 55
    Sub-region size: 4.1400 X 6.0769
[INFO CTS-0034]     Segment length (rounded): 2.
    Key: 0 outSlew: 2 load: 1 length: 2 isBuffered: false
[WARNING CTS-0045] Creating fake entries in the LUT.
 Level 2
    Direction: Vertical
    Sinks per sub-region: 28
    Sub-region size: 4.1400 X 3.0385
[INFO CTS-0034]     Segment length (rounded): 1.
    Key: 313632 outSlew: 2 load: 1 length: 1 isBuffered: false
 Level 3
    Direction: Horizontal
    Sinks per sub-region: 14
    Sub-region size: 2.0700 X 3.0385
[INFO CTS-0034]     Segment length (rounded): 1.
    Key: 313636 outSlew: 3 load: 1 length: 1 isBuffered: false
 Out of 32 sinks, 1 sinks closer to other cluster.
 Out of 28 sinks, 1 sinks closer to other cluster.
 Out of 22 sinks, 1 sinks closer to other cluster.
[INFO CTS-0032]  Stop criterion found. Max number of sinks is 15.
[INFO CTS-0035]  Number of sinks covered: 110.
[INFO CTS-0036]  Average source sink dist: 21852.14 dbu.
[INFO CTS-0037]  Number of outlier sinks: 0.
[INFO CTS-0018]     Created 9 clock buffers.
[INFO CTS-0012]     Minimum number of buffers in the clock path: 2.
[INFO CTS-0013]     Maximum number of buffers in the clock path: 2.
[INFO CTS-0015]     Created 9 clock nets.
[INFO CTS-0016]     Fanout distribution for the current clock = 9:1, 12:2, 13:2, 16:2, 19:1..
[INFO CTS-0017]     Max level of the clock tree: 3.
[INFO CTS-0098] Clock net "clk"
[INFO CTS-0099]  Sinks 110
[INFO CTS-0100]  Leaf buffers 0
[INFO CTS-0101]  Average sink wire length 172.85 um
[INFO CTS-0102]  Path depth 2 - 2
Placement Analysis
---------------------------------
total displacement         47.2 u
average displacement        0.1 u
max displacement            9.3 u
original HPWL           16943.4 u
legalized HPWL          16954.8 u
delta HPWL                    0 %

=== Step 9/10: Filler Insertion & Routing ===
[INFO DPL-0001] Placed 1695 filler instances.
[INFO DRT-0149] Reading tech and libs.

Units:                1000
Number of layers:     13
Number of macros:     437
Number of vias:       25
Number of viarulegen: 25

[INFO DRT-0150] Reading design.

Design:                   tt_um_dusterthefirst_project
Die area:                 ( 0 0 ) ( 161000 111520 )
Number of track patterns: 12
Number of DEF vias:       3
Number of components:     2592
Number of terminals:      45
Number of snets:          2
Number of nets:           613

[INFO DRT-0167] List of default vias:
  Layer mcon
    default via: L1M1_PR
  Layer via
    default via: M1M2_PR
  Layer via2
    default via: M2M3_PR
  Layer via3
    default via: M3M4_PR
  Layer via4
    default via: M4M5_PR
[INFO DRT-0162] Library cell analysis.
[INFO DRT-0163] Instance analysis.
[INFO DRT-0164] Number of unique instances = 72.
[INFO DRT-0168] Init region query.
[INFO DRT-0024]   Complete FR_MASTERSLICE.
[INFO DRT-0024]   Complete FR_VIA.
[INFO DRT-0024]   Complete li1.
[INFO DRT-0024]   Complete mcon.
[INFO DRT-0024]   Complete met1.
[INFO DRT-0024]   Complete via.
[INFO DRT-0024]   Complete met2.
[INFO DRT-0024]   Complete via2.
[INFO DRT-0024]   Complete met3.
[INFO DRT-0024]   Complete via3.
[INFO DRT-0024]   Complete met4.
[INFO DRT-0024]   Complete via4.
[INFO DRT-0024]   Complete met5.
[INFO DRT-0033] FR_MASTERSLICE shape region query size = 0.
[INFO DRT-0033] FR_VIA shape region query size = 0.
[INFO DRT-0033] li1 shape region query size = 20532.
[INFO DRT-0033] mcon shape region query size = 27317.
[INFO DRT-0033] met1 shape region query size = 7513.
[INFO DRT-0033] via shape region query size = 800.
[INFO DRT-0033] met2 shape region query size = 320.
[INFO DRT-0033] via2 shape region query size = 640.
[INFO DRT-0033] met3 shape region query size = 320.
[INFO DRT-0033] via3 shape region query size = 640.
[INFO DRT-0033] met4 shape region query size = 219.
[INFO DRT-0033] via4 shape region query size = 0.
[INFO DRT-0033] met5 shape region query size = 0.
[INFO DRT-0165] Start pin access.
[INFO DRT-0076]   Complete 100 pins.
[INFO DRT-0076]   Complete 200 pins.
[INFO DRT-0078]   Complete 239 pins.
[INFO DRT-0081]   Complete 58 unique inst patterns.
[INFO DRT-0084]   Complete 392 groups.
#scanned instances     = 2592
#unique  instances     = 72
#stdCellGenAp          = 1936
#stdCellValidPlanarAp  = 13
#stdCellValidViaAp     = 1471
#stdCellPinNoAp        = 0
#stdCellPinCnt         = 2140
#instTermValidViaApCnt = 0
#macroGenAp            = 0
#macroValidPlanarAp    = 0
#macroValidViaAp       = 0
#macroNoAp             = 0
[INFO DRT-0166] Complete pin access.
[INFO DRT-0267] cpu time = 00:00:01, elapsed time = 00:00:01, memory = 575.49 (MB), peak = 590.05 (MB)
[INFO DRT-0185] Post process initialize RPin region query.

Generating GCell with size = 15 tracks, using layer li1 pitch  = 0.46
li1 V Track-Pitch = 0.46000  line-2-Via Pitch = 0.34000
met1 H Track-Pitch = 0.34000  line-2-Via Pitch = 0.32500
met2 V Track-Pitch = 0.46000  line-2-Via Pitch = 0.34000
met3 H Track-Pitch = 0.68000  line-2-Via Pitch = 0.61000
met4 V Track-Pitch = 0.92000  line-2-Via Pitch = 0.61500
met5 H Track-Pitch = 3.40000  line-2-Via Pitch = 3.11000

initializing congestion map...

start routing resource analysis ...

             Routing   #Avail     #Track     #Total     %Gcell
Layer      Direction    Track    Blocked      Gcell    Blocked
--------------------------------------------------------------
li1             V         350          0        368     91.30%
met1            H         328          0        368      0.00%
met2            V         350          0        368      0.00%
met3            H         164          0        368      0.00%
met4            V         175          0        368      0.00%
met5            H          33          0        368      0.00%
--------------------------------------------------------------
Total                    1400      0.00%       2208     15.22%

[INFO DRT-0267] cpu time = 00:00:00, elapsed time = 00:00:00, memory = 575.68 (MB), peak = 590.05 (MB)


generating net topology...
done net topology...
[INFO DRT-0032] FR_MASTERSLICE grObj region query size = 0.
[INFO DRT-0032] FR_VIA grObj region query size = 0.
[INFO DRT-0032] li1 grObj region query size = 1700.
[INFO DRT-0032] mcon grObj region query size = 0.
[INFO DRT-0032] met1 grObj region query size = 0.
[INFO DRT-0032] via grObj region query size = 0.
[INFO DRT-0032] met2 grObj region query size = 0.
[INFO DRT-0032] via2 grObj region query size = 0.
[INFO DRT-0032] met3 grObj region query size = 0.
[INFO DRT-0032] via3 grObj region query size = 0.
[INFO DRT-0032] met4 grObj region query size = 0.
[INFO DRT-0032] via4 grObj region query size = 0.
[INFO DRT-0032] met5 grObj region query size = 0.

start reporting 2D congestion ...

              #OverCon  %OverCon
Direction        GCell     GCell
--------------------------------
    H               0     0.00%
    V               0     0.00%
worstConH:  84.85%
worstConV:  54.55%


start 0th optimization iteration ...
[INFO DRT-0267] cpu time = 00:00:00, elapsed time = 00:00:00, memory = 575.80 (MB), peak = 590.05 (MB)


start 1st optimization iteration ...
[INFO DRT-0267] cpu time = 00:00:00, elapsed time = 00:00:00, memory = 575.80 (MB), peak = 590.05 (MB)


start 2nd optimization iteration ...
[INFO DRT-0267] cpu time = 00:00:00, elapsed time = 00:00:00, memory = 575.86 (MB), peak = 590.05 (MB)


start reporting 2D congestion ...

              #OverCon  %OverCon
Direction        GCell     GCell
--------------------------------
    H               0     0.00%
    V               0     0.00%
worstConH:  78.79%
worstConV:  56.52%

layer assignment...
done layer assignment...

start 0th optimization iteration ...
[INFO DRT-0267] cpu time = 00:00:00, elapsed time = 00:00:00, memory = 575.86 (MB), peak = 590.05 (MB)


start reporting 3D congestion ...

---------- li1 ----------
numOverConGCell: 0, %OverConGCell:   0.00%
---------- met1 ----------
numOverConGCell: 1, %OverConGCell:   0.27%
---------- met2 ----------
numOverConGCell: 0, %OverConGCell:   0.00%
---------- met3 ----------
numOverConGCell: 0, %OverConGCell:   0.00%
---------- met4 ----------
numOverConGCell: 0, %OverConGCell:   0.00%
---------- met5 ----------
numOverConGCell: 0, %OverConGCell:   0.00%

[WARNING DRT-0203] dbGcellGrid already exists in db. Clearing existing dbGCellGrid.
[INFO DRT-0151] Reading guide.

Number of guides:     9765

[INFO DRT-0169] Post process guides.
[INFO DRT-0176] GCELLGRID X -5 DO 23 STEP 6900 ;
[INFO DRT-0177] GCELLGRID Y -5 DO 16 STEP 6900 ;
[INFO DRT-0028]   Complete FR_MASTERSLICE.
[INFO DRT-0028]   Complete FR_VIA.
[INFO DRT-0028]   Complete li1.
[INFO DRT-0028]   Complete mcon.
[INFO DRT-0028]   Complete met1.
[INFO DRT-0028]   Complete via.
[INFO DRT-0028]   Complete met2.
[INFO DRT-0028]   Complete via2.
[INFO DRT-0028]   Complete met3.
[INFO DRT-0028]   Complete via3.
[INFO DRT-0028]   Complete met4.
[INFO DRT-0028]   Complete via4.
[INFO DRT-0028]   Complete met5.
[INFO DRT-0178] Init guide query.
[INFO DRT-0035]   Complete FR_MASTERSLICE (guide).
[INFO DRT-0035]   Complete FR_VIA (guide).
[INFO DRT-0035]   Complete li1 (guide).
[INFO DRT-0035]   Complete mcon (guide).
[INFO DRT-0035]   Complete met1 (guide).
[INFO DRT-0035]   Complete via (guide).
[INFO DRT-0035]   Complete met2 (guide).
[INFO DRT-0035]   Complete via2 (guide).
[INFO DRT-0035]   Complete met3 (guide).
[INFO DRT-0035]   Complete via3 (guide).
[INFO DRT-0035]   Complete met4 (guide).
[INFO DRT-0035]   Complete via4 (guide).
[INFO DRT-0035]   Complete met5 (guide).
[INFO DRT-0036] FR_MASTERSLICE guide region query size = 0.
[INFO DRT-0036] FR_VIA guide region query size = 0.
[INFO DRT-0036] li1 guide region query size = 1770.
[INFO DRT-0036] mcon guide region query size = 0.
[INFO DRT-0036] met1 guide region query size = 1459.
[INFO DRT-0036] via guide region query size = 0.
[INFO DRT-0036] met2 guide region query size = 948.
[INFO DRT-0036] via2 guide region query size = 0.
[INFO DRT-0036] met3 guide region query size = 350.
[INFO DRT-0036] via3 guide region query size = 0.
[INFO DRT-0036] met4 guide region query size = 110.
[INFO DRT-0036] via4 guide region query size = 0.
[INFO DRT-0036] met5 guide region query size = 33.
[INFO DRT-0179] Init gr pin query.
[INFO DRT-0181] Start track assignment.
[INFO DRT-0184] Done with 2828 vertical wires in 1 frboxes and 1842 horizontal wires in 1 frboxes.
[INFO DRT-0186] Done with 403 vertical wires in 1 frboxes and 472 horizontal wires in 1 frboxes.
[INFO DRT-0182] Complete track assignment.
[INFO DRT-0267] cpu time = 00:00:00, elapsed time = 00:00:00, memory = 575.93 (MB), peak = 590.05 (MB)
[INFO DRT-0187] Start routing data preparation.
[INFO DRT-0267] cpu time = 00:00:00, elapsed time = 00:00:00, memory = 575.93 (MB), peak = 590.05 (MB)
[INFO DRT-0194] Start detail routing.
[INFO DRT-0195] Start 0th optimization iteration.
    Completing 10% with 0 violations.
    elapsed time = 00:00:00, memory = 576.15 (MB).
    Completing 20% with 0 violations.
    elapsed time = 00:00:01, memory = 576.15 (MB).
    Completing 30% with 0 violations.
    elapsed time = 00:00:01, memory = 576.15 (MB).
    Completing 40% with 50 violations.
    elapsed time = 00:00:03, memory = 576.15 (MB).
    Completing 50% with 50 violations.
    elapsed time = 00:00:05, memory = 576.15 (MB).
    Completing 60% with 149 violations.
    elapsed time = 00:00:06, memory = 576.15 (MB).
    Completing 70% with 149 violations.
    elapsed time = 00:00:06, memory = 576.15 (MB).
    Completing 80% with 149 violations.
    elapsed time = 00:00:07, memory = 576.15 (MB).
    Completing 90% with 203 violations.
    elapsed time = 00:00:08, memory = 576.15 (MB).
    Completing 100% with 257 violations.
    elapsed time = 00:00:09, memory = 576.15 (MB).
[INFO DRT-0199]   Number of violations = 513.
[INFO DRT-0267] cpu time = 00:00:09, elapsed time = 00:00:09, memory = 772.39 (MB), peak = 772.07 (MB)
Total wire length = 21578 um.
Total wire length on LAYER li1 = 0 um.
Total wire length on LAYER met1 = 6529 um.
Total wire length on LAYER met2 = 7379 um.
Total wire length on LAYER met3 = 5426 um.
Total wire length on LAYER met4 = 1300 um.
Total wire length on LAYER met5 = 942 um.
Total number of vias = 4808.
Up-via summary (total 4808):.

-----------------------
 FR_MASTERSLICE       0
            li1    2043
           met1    2094
           met2     506
           met3     120
           met4      45
-----------------------
                   4808


[INFO DRT-0195] Start 1st optimization iteration.
    Completing 10% with 513 violations.
    elapsed time = 00:00:00, memory = 772.39 (MB).
    Completing 20% with 513 violations.
    elapsed time = 00:00:01, memory = 772.39 (MB).
    Completing 30% with 513 violations.
    elapsed time = 00:00:01, memory = 772.39 (MB).
    Completing 40% with 453 violations.
    elapsed time = 00:00:02, memory = 772.39 (MB).
    Completing 50% with 453 violations.
    elapsed time = 00:00:06, memory = 772.39 (MB).
    Completing 60% with 368 violations.
    elapsed time = 00:00:07, memory = 772.39 (MB).
    Completing 70% with 368 violations.
    elapsed time = 00:00:07, memory = 772.39 (MB).
    Completing 80% with 368 violations.
    elapsed time = 00:00:08, memory = 772.39 (MB).
    Completing 90% with 301 violations.
    elapsed time = 00:00:09, memory = 772.39 (MB).
    Completing 100% with 203 violations.
    elapsed time = 00:00:09, memory = 772.39 (MB).
[INFO DRT-0199]   Number of violations = 204.
[INFO DRT-0267] cpu time = 00:00:09, elapsed time = 00:00:09, memory = 772.39 (MB), peak = 772.07 (MB)
Total wire length = 21331 um.
Total wire length on LAYER li1 = 0 um.
Total wire length on LAYER met1 = 6486 um.
Total wire length on LAYER met2 = 7250 um.
Total wire length on LAYER met3 = 5436 um.
Total wire length on LAYER met4 = 1295 um.
Total wire length on LAYER met5 = 861 um.
Total number of vias = 4825.
Up-via summary (total 4825):.

-----------------------
 FR_MASTERSLICE       0
            li1    2042
           met1    2097
           met2     524
           met3     123
           met4      39
-----------------------
                   4825


[INFO DRT-0195] Start 2nd optimization iteration.
    Completing 10% with 204 violations.
    elapsed time = 00:00:00, memory = 772.39 (MB).
    Completing 20% with 204 violations.
    elapsed time = 00:00:00, memory = 772.39 (MB).
    Completing 30% with 204 violations.
    elapsed time = 00:00:02, memory = 772.39 (MB).
    Completing 40% with 246 violations.
    elapsed time = 00:00:03, memory = 772.39 (MB).
    Completing 50% with 246 violations.
    elapsed time = 00:00:05, memory = 772.39 (MB).
    Completing 60% with 249 violations.
    elapsed time = 00:00:06, memory = 772.39 (MB).
    Completing 70% with 249 violations.
    elapsed time = 00:00:07, memory = 772.39 (MB).
    Completing 80% with 249 violations.
    elapsed time = 00:00:08, memory = 772.39 (MB).
    Completing 90% with 236 violations.
    elapsed time = 00:00:09, memory = 772.39 (MB).
    Completing 100% with 233 violations.
    elapsed time = 00:00:10, memory = 772.39 (MB).
[INFO DRT-0199]   Number of violations = 237.
[INFO DRT-0267] cpu time = 00:00:10, elapsed time = 00:00:10, memory = 772.39 (MB), peak = 772.07 (MB)
Total wire length = 21280 um.
Total wire length on LAYER li1 = 0 um.
Total wire length on LAYER met1 = 6643 um.
Total wire length on LAYER met2 = 7247 um.
Total wire length on LAYER met3 = 5358 um.
Total wire length on LAYER met4 = 1251 um.
Total wire length on LAYER met5 = 779 um.
Total number of vias = 4767.
Up-via summary (total 4767):.

-----------------------
 FR_MASTERSLICE       0
            li1    2042
           met1    2095
           met2     477
           met3     118
           met4      35
-----------------------
                   4767


[INFO DRT-0195] Start 3rd optimization iteration.
    Completing 10% with 237 violations.
    elapsed time = 00:00:09, memory = 772.39 (MB).
    Completing 20% with 237 violations.
    elapsed time = 00:00:16, memory = 772.39 (MB).
    Completing 30% with 237 violations.
    elapsed time = 00:00:16, memory = 772.39 (MB).
    Completing 40% with 219 violations.
    elapsed time = 00:00:21, memory = 772.39 (MB).
    Completing 50% with 219 violations.
    elapsed time = 00:00:29, memory = 772.39 (MB).
    Completing 60% with 190 violations.
    elapsed time = 00:00:35, memory = 772.39 (MB).
    Completing 70% with 190 violations.
    elapsed time = 00:00:35, memory = 772.39 (MB).
    Completing 80% with 190 violations.
    elapsed time = 00:00:35, memory = 772.39 (MB).
    Completing 90% with 150 violations.
    elapsed time = 00:00:37, memory = 772.39 (MB).
    Completing 100% with 94 violations.
    elapsed time = 00:00:37, memory = 772.39 (MB).
[INFO DRT-0199]   Number of violations = 94.
[INFO DRT-0267] cpu time = 00:00:37, elapsed time = 00:00:37, memory = 772.39 (MB), peak = 772.07 (MB)
Total wire length = 21272 um.
Total wire length on LAYER li1 = 0 um.
Total wire length on LAYER met1 = 6820 um.
Total wire length on LAYER met2 = 7370 um.
Total wire length on LAYER met3 = 5113 um.
Total wire length on LAYER met4 = 1192 um.
Total wire length on LAYER met5 = 775 um.
Total number of vias = 4825.
Up-via summary (total 4825):.

-----------------------
 FR_MASTERSLICE       0
            li1    2042
           met1    2159
           met2     476
           met3     113
           met4      35
-----------------------
                   4825


[INFO DRT-0195] Start 4th optimization iteration.
    Completing 10% with 94 violations.
    elapsed time = 00:00:00, memory = 772.39 (MB).
    Completing 20% with 94 violations.
    elapsed time = 00:00:07, memory = 772.39 (MB).
    Completing 30% with 94 violations.
    elapsed time = 00:00:07, memory = 772.39 (MB).
    Completing 40% with 88 violations.
    elapsed time = 00:00:08, memory = 772.39 (MB).
    Completing 50% with 88 violations.
    elapsed time = 00:00:13, memory = 772.39 (MB).
    Completing 60% with 33 violations.
    elapsed time = 00:00:14, memory = 772.39 (MB).
    Completing 70% with 33 violations.
    elapsed time = 00:00:14, memory = 772.39 (MB).
    Completing 80% with 33 violations.
    elapsed time = 00:00:14, memory = 772.39 (MB).
    Completing 90% with 27 violations.
    elapsed time = 00:00:16, memory = 772.39 (MB).
    Completing 100% with 17 violations.
    elapsed time = 00:00:16, memory = 772.39 (MB).
[INFO DRT-0199]   Number of violations = 17.
[INFO DRT-0267] cpu time = 00:00:16, elapsed time = 00:00:16, memory = 772.39 (MB), peak = 772.07 (MB)
Total wire length = 21221 um.
Total wire length on LAYER li1 = 0 um.
Total wire length on LAYER met1 = 6851 um.
Total wire length on LAYER met2 = 7364 um.
Total wire length on LAYER met3 = 5046 um.
Total wire length on LAYER met4 = 1186 um.
Total wire length on LAYER met5 = 770 um.
Total number of vias = 4817.
Up-via summary (total 4817):.

-----------------------
 FR_MASTERSLICE       0
            li1    2042
           met1    2158
           met2     469
           met3     113
           met4      35
-----------------------
                   4817


[INFO DRT-0195] Start 5th optimization iteration.
    Completing 10% with 17 violations.
    elapsed time = 00:00:00, memory = 772.39 (MB).
    Completing 20% with 17 violations.
    elapsed time = 00:00:00, memory = 772.39 (MB).
    Completing 30% with 17 violations.
    elapsed time = 00:00:00, memory = 772.39 (MB).
    Completing 40% with 15 violations.
    elapsed time = 00:00:00, memory = 772.39 (MB).
    Completing 50% with 15 violations.
    elapsed time = 00:00:06, memory = 772.39 (MB).
    Completing 60% with 15 violations.
    elapsed time = 00:00:06, memory = 772.39 (MB).
    Completing 70% with 15 violations.
    elapsed time = 00:00:06, memory = 772.39 (MB).
    Completing 80% with 15 violations.
    elapsed time = 00:00:06, memory = 772.39 (MB).
    Completing 90% with 13 violations.
    elapsed time = 00:00:06, memory = 772.39 (MB).
    Completing 100% with 13 violations.
    elapsed time = 00:00:06, memory = 772.39 (MB).
[INFO DRT-0199]   Number of violations = 13.
[INFO DRT-0267] cpu time = 00:00:06, elapsed time = 00:00:06, memory = 772.39 (MB), peak = 772.07 (MB)
Total wire length = 21220 um.
Total wire length on LAYER li1 = 0 um.
Total wire length on LAYER met1 = 6849 um.
Total wire length on LAYER met2 = 7383 um.
Total wire length on LAYER met3 = 5028 um.
Total wire length on LAYER met4 = 1186 um.
Total wire length on LAYER met5 = 770 um.
Total number of vias = 4810.
Up-via summary (total 4810):.

-----------------------
 FR_MASTERSLICE       0
            li1    2042
           met1    2154
           met2     466
           met3     113
           met4      35
-----------------------
                   4810


[INFO DRT-0195] Start 6th optimization iteration.
    Completing 10% with 13 violations.
    elapsed time = 00:00:00, memory = 772.39 (MB).
    Completing 20% with 13 violations.
    elapsed time = 00:00:00, memory = 772.39 (MB).
    Completing 30% with 13 violations.
    elapsed time = 00:00:00, memory = 772.39 (MB).
    Completing 40% with 13 violations.
    elapsed time = 00:00:00, memory = 772.39 (MB).
    Completing 50% with 13 violations.
    elapsed time = 00:00:02, memory = 772.39 (MB).
    Completing 60% with 1 violations.
    elapsed time = 00:00:02, memory = 772.39 (MB).
    Completing 70% with 1 violations.
    elapsed time = 00:00:02, memory = 772.39 (MB).
    Completing 80% with 1 violations.
    elapsed time = 00:00:02, memory = 772.39 (MB).
    Completing 90% with 1 violations.
    elapsed time = 00:00:02, memory = 772.39 (MB).
    Completing 100% with 1 violations.
    elapsed time = 00:00:02, memory = 772.39 (MB).
[INFO DRT-0199]   Number of violations = 1.
[INFO DRT-0267] cpu time = 00:00:03, elapsed time = 00:00:03, memory = 772.39 (MB), peak = 772.07 (MB)
Total wire length = 21210 um.
Total wire length on LAYER li1 = 0 um.
Total wire length on LAYER met1 = 6849 um.
Total wire length on LAYER met2 = 7383 um.
Total wire length on LAYER met3 = 5026 um.
Total wire length on LAYER met4 = 1188 um.
Total wire length on LAYER met5 = 762 um.
Total number of vias = 4805.
Up-via summary (total 4805):.

-----------------------
 FR_MASTERSLICE       0
            li1    2042
           met1    2151
           met2     464
           met3     113
           met4      35
-----------------------
                   4805


[INFO DRT-0195] Start 7th optimization iteration.
    Completing 10% with 1 violations.
    elapsed time = 00:00:00, memory = 772.39 (MB).
    Completing 20% with 1 violations.
    elapsed time = 00:00:00, memory = 772.39 (MB).
    Completing 30% with 1 violations.
    elapsed time = 00:00:02, memory = 772.39 (MB).
    Completing 40% with 1 violations.
    elapsed time = 00:00:02, memory = 772.39 (MB).
    Completing 50% with 1 violations.
    elapsed time = 00:00:02, memory = 772.39 (MB).
    Completing 60% with 1 violations.
    elapsed time = 00:00:02, memory = 772.39 (MB).
    Completing 70% with 1 violations.
    elapsed time = 00:00:02, memory = 772.39 (MB).
    Completing 80% with 1 violations.
    elapsed time = 00:00:02, memory = 772.39 (MB).
    Completing 90% with 1 violations.
    elapsed time = 00:00:02, memory = 772.39 (MB).
    Completing 100% with 1 violations.
    elapsed time = 00:00:02, memory = 772.39 (MB).
[INFO DRT-0199]   Number of violations = 1.
[INFO DRT-0267] cpu time = 00:00:02, elapsed time = 00:00:02, memory = 772.39 (MB), peak = 772.07 (MB)
Total wire length = 21210 um.
Total wire length on LAYER li1 = 0 um.
Total wire length on LAYER met1 = 6849 um.
Total wire length on LAYER met2 = 7383 um.
Total wire length on LAYER met3 = 5026 um.
Total wire length on LAYER met4 = 1188 um.
Total wire length on LAYER met5 = 762 um.
Total number of vias = 4805.
Up-via summary (total 4805):.

-----------------------
 FR_MASTERSLICE       0
            li1    2042
           met1    2151
           met2     464
           met3     113
           met4      35
-----------------------
                   4805


[INFO DRT-0195] Start 8th optimization iteration.
    Completing 10% with 1 violations.
    elapsed time = 00:00:00, memory = 772.39 (MB).
    Completing 20% with 1 violations.
    elapsed time = 00:00:00, memory = 772.39 (MB).
    Completing 30% with 1 violations.
    elapsed time = 00:00:00, memory = 772.39 (MB).
    Completing 40% with 0 violations.
    elapsed time = 00:00:00, memory = 772.39 (MB).
    Completing 50% with 0 violations.
    elapsed time = 00:00:00, memory = 772.39 (MB).
    Completing 60% with 0 violations.
    elapsed time = 00:00:00, memory = 772.39 (MB).
    Completing 70% with 0 violations.
    elapsed time = 00:00:00, memory = 772.39 (MB).
    Completing 80% with 0 violations.
    elapsed time = 00:00:00, memory = 772.39 (MB).
    Completing 90% with 0 violations.
    elapsed time = 00:00:00, memory = 772.39 (MB).
    Completing 100% with 0 violations.
    elapsed time = 00:00:00, memory = 772.39 (MB).
[INFO DRT-0199]   Number of violations = 0.
[INFO DRT-0267] cpu time = 00:00:00, elapsed time = 00:00:00, memory = 772.39 (MB), peak = 772.07 (MB)
Total wire length = 21208 um.
Total wire length on LAYER li1 = 0 um.
Total wire length on LAYER met1 = 6854 um.
Total wire length on LAYER met2 = 7376 um.
Total wire length on LAYER met3 = 5026 um.
Total wire length on LAYER met4 = 1188 um.
Total wire length on LAYER met5 = 762 um.
Total number of vias = 4803.
Up-via summary (total 4803):.

-----------------------
 FR_MASTERSLICE       0
            li1    2042
           met1    2149
           met2     464
           met3     113
           met4      35
-----------------------
                   4803


[INFO DRT-0195] Start 17th optimization iteration.
    Completing 10% with 0 violations.
    elapsed time = 00:00:00, memory = 772.39 (MB).
    Completing 20% with 0 violations.
    elapsed time = 00:00:00, memory = 772.39 (MB).
    Completing 30% with 0 violations.
    elapsed time = 00:00:00, memory = 772.39 (MB).
    Completing 40% with 0 violations.
    elapsed time = 00:00:00, memory = 772.39 (MB).
    Completing 50% with 0 violations.
    elapsed time = 00:00:00, memory = 772.39 (MB).
    Completing 60% with 0 violations.
    elapsed time = 00:00:00, memory = 772.39 (MB).
    Completing 70% with 0 violations.
    elapsed time = 00:00:00, memory = 772.39 (MB).
    Completing 80% with 0 violations.
    elapsed time = 00:00:00, memory = 772.39 (MB).
    Completing 90% with 0 violations.
    elapsed time = 00:00:00, memory = 772.39 (MB).
    Completing 100% with 0 violations.
    elapsed time = 00:00:00, memory = 772.39 (MB).
[INFO DRT-0199]   Number of violations = 0.
[INFO DRT-0267] cpu time = 00:00:00, elapsed time = 00:00:00, memory = 772.39 (MB), peak = 772.07 (MB)
Total wire length = 21208 um.
Total wire length on LAYER li1 = 0 um.
Total wire length on LAYER met1 = 6854 um.
Total wire length on LAYER met2 = 7376 um.
Total wire length on LAYER met3 = 5026 um.
Total wire length on LAYER met4 = 1188 um.
Total wire length on LAYER met5 = 762 um.
Total number of vias = 4803.
Up-via summary (total 4803):.

-----------------------
 FR_MASTERSLICE       0
            li1    2042
           met1    2149
           met2     464
           met3     113
           met4      35
-----------------------
                   4803


[INFO DRT-0195] Start 25th optimization iteration.
    Completing 10% with 0 violations.
    elapsed time = 00:00:00, memory = 772.39 (MB).
    Completing 20% with 0 violations.
    elapsed time = 00:00:00, memory = 772.39 (MB).
    Completing 30% with 0 violations.
    elapsed time = 00:00:00, memory = 772.39 (MB).
    Completing 40% with 0 violations.
    elapsed time = 00:00:00, memory = 772.39 (MB).
    Completing 50% with 0 violations.
    elapsed time = 00:00:00, memory = 772.39 (MB).
    Completing 60% with 0 violations.
    elapsed time = 00:00:00, memory = 772.39 (MB).
    Completing 70% with 0 violations.
    elapsed time = 00:00:00, memory = 772.39 (MB).
    Completing 80% with 0 violations.
    elapsed time = 00:00:00, memory = 772.39 (MB).
    Completing 90% with 0 violations.
    elapsed time = 00:00:00, memory = 772.39 (MB).
    Completing 100% with 0 violations.
    elapsed time = 00:00:00, memory = 772.39 (MB).
[INFO DRT-0199]   Number of violations = 0.
[INFO DRT-0267] cpu time = 00:00:00, elapsed time = 00:00:00, memory = 772.39 (MB), peak = 772.07 (MB)
Total wire length = 21208 um.
Total wire length on LAYER li1 = 0 um.
Total wire length on LAYER met1 = 6854 um.
Total wire length on LAYER met2 = 7376 um.
Total wire length on LAYER met3 = 5026 um.
Total wire length on LAYER met4 = 1188 um.
Total wire length on LAYER met5 = 762 um.
Total number of vias = 4803.
Up-via summary (total 4803):.

-----------------------
 FR_MASTERSLICE       0
            li1    2042
           met1    2149
           met2     464
           met3     113
           met4      35
-----------------------
                   4803


[INFO DRT-0195] Start 33rd optimization iteration.
    Completing 10% with 0 violations.
    elapsed time = 00:00:00, memory = 772.39 (MB).
    Completing 20% with 0 violations.
    elapsed time = 00:00:00, memory = 772.39 (MB).
    Completing 30% with 0 violations.
    elapsed time = 00:00:00, memory = 772.39 (MB).
    Completing 40% with 0 violations.
    elapsed time = 00:00:00, memory = 772.39 (MB).
    Completing 50% with 0 violations.
    elapsed time = 00:00:00, memory = 772.39 (MB).
    Completing 60% with 0 violations.
    elapsed time = 00:00:00, memory = 772.39 (MB).
    Completing 70% with 0 violations.
    elapsed time = 00:00:00, memory = 772.39 (MB).
    Completing 80% with 0 violations.
    elapsed time = 00:00:00, memory = 772.39 (MB).
    Completing 90% with 0 violations.
    elapsed time = 00:00:00, memory = 772.39 (MB).
    Completing 100% with 0 violations.
    elapsed time = 00:00:00, memory = 772.39 (MB).
[INFO DRT-0199]   Number of violations = 0.
[INFO DRT-0267] cpu time = 00:00:00, elapsed time = 00:00:00, memory = 772.39 (MB), peak = 772.07 (MB)
Total wire length = 21208 um.
Total wire length on LAYER li1 = 0 um.
Total wire length on LAYER met1 = 6854 um.
Total wire length on LAYER met2 = 7376 um.
Total wire length on LAYER met3 = 5026 um.
Total wire length on LAYER met4 = 1188 um.
Total wire length on LAYER met5 = 762 um.
Total number of vias = 4803.
Up-via summary (total 4803):.

-----------------------
 FR_MASTERSLICE       0
            li1    2042
           met1    2149
           met2     464
           met3     113
           met4      35
-----------------------
                   4803


[INFO DRT-0195] Start 41st optimization iteration.
    Completing 10% with 0 violations.
    elapsed time = 00:00:00, memory = 772.39 (MB).
    Completing 20% with 0 violations.
    elapsed time = 00:00:00, memory = 772.39 (MB).
    Completing 30% with 0 violations.
    elapsed time = 00:00:00, memory = 772.39 (MB).
    Completing 40% with 0 violations.
    elapsed time = 00:00:00, memory = 772.39 (MB).
    Completing 50% with 0 violations.
    elapsed time = 00:00:00, memory = 772.39 (MB).
    Completing 60% with 0 violations.
    elapsed time = 00:00:00, memory = 772.39 (MB).
    Completing 70% with 0 violations.
    elapsed time = 00:00:00, memory = 772.39 (MB).
    Completing 80% with 0 violations.
    elapsed time = 00:00:00, memory = 772.39 (MB).
    Completing 90% with 0 violations.
    elapsed time = 00:00:00, memory = 772.39 (MB).
    Completing 100% with 0 violations.
    elapsed time = 00:00:00, memory = 772.39 (MB).
[INFO DRT-0199]   Number of violations = 0.
[INFO DRT-0267] cpu time = 00:00:00, elapsed time = 00:00:00, memory = 772.39 (MB), peak = 772.07 (MB)
Total wire length = 21208 um.
Total wire length on LAYER li1 = 0 um.
Total wire length on LAYER met1 = 6854 um.
Total wire length on LAYER met2 = 7376 um.
Total wire length on LAYER met3 = 5026 um.
Total wire length on LAYER met4 = 1188 um.
Total wire length on LAYER met5 = 762 um.
Total number of vias = 4803.
Up-via summary (total 4803):.

-----------------------
 FR_MASTERSLICE       0
            li1    2042
           met1    2149
           met2     464
           met3     113
           met4      35
-----------------------
                   4803


[INFO DRT-0195] Start 49th optimization iteration.
    Completing 10% with 0 violations.
    elapsed time = 00:00:00, memory = 772.39 (MB).
    Completing 20% with 0 violations.
    elapsed time = 00:00:00, memory = 772.39 (MB).
    Completing 30% with 0 violations.
    elapsed time = 00:00:00, memory = 772.39 (MB).
    Completing 40% with 0 violations.
    elapsed time = 00:00:00, memory = 772.39 (MB).
    Completing 50% with 0 violations.
    elapsed time = 00:00:00, memory = 772.39 (MB).
    Completing 60% with 0 violations.
    elapsed time = 00:00:00, memory = 772.39 (MB).
    Completing 70% with 0 violations.
    elapsed time = 00:00:00, memory = 772.39 (MB).
    Completing 80% with 0 violations.
    elapsed time = 00:00:00, memory = 772.39 (MB).
    Completing 90% with 0 violations.
    elapsed time = 00:00:00, memory = 772.39 (MB).
    Completing 100% with 0 violations.
    elapsed time = 00:00:00, memory = 772.39 (MB).
[INFO DRT-0199]   Number of violations = 0.
[INFO DRT-0267] cpu time = 00:00:00, elapsed time = 00:00:00, memory = 772.39 (MB), peak = 772.07 (MB)
Total wire length = 21208 um.
Total wire length on LAYER li1 = 0 um.
Total wire length on LAYER met1 = 6854 um.
Total wire length on LAYER met2 = 7376 um.
Total wire length on LAYER met3 = 5026 um.
Total wire length on LAYER met4 = 1188 um.
Total wire length on LAYER met5 = 762 um.
Total number of vias = 4803.
Up-via summary (total 4803):.

-----------------------
 FR_MASTERSLICE       0
            li1    2042
           met1    2149
           met2     464
           met3     113
           met4      35
-----------------------
                   4803


[INFO DRT-0195] Start 57th optimization iteration.
    Completing 10% with 0 violations.
    elapsed time = 00:00:00, memory = 772.39 (MB).
    Completing 20% with 0 violations.
    elapsed time = 00:00:00, memory = 772.39 (MB).
    Completing 30% with 0 violations.
    elapsed time = 00:00:00, memory = 772.39 (MB).
    Completing 40% with 0 violations.
    elapsed time = 00:00:00, memory = 772.39 (MB).
    Completing 50% with 0 violations.
    elapsed time = 00:00:00, memory = 772.39 (MB).
    Completing 60% with 0 violations.
    elapsed time = 00:00:00, memory = 772.39 (MB).
    Completing 70% with 0 violations.
    elapsed time = 00:00:00, memory = 772.39 (MB).
    Completing 80% with 0 violations.
    elapsed time = 00:00:00, memory = 772.39 (MB).
    Completing 90% with 0 violations.
    elapsed time = 00:00:00, memory = 772.39 (MB).
    Completing 100% with 0 violations.
    elapsed time = 00:00:00, memory = 772.39 (MB).
[INFO DRT-0199]   Number of violations = 0.
[INFO DRT-0267] cpu time = 00:00:00, elapsed time = 00:00:00, memory = 772.39 (MB), peak = 772.07 (MB)
Total wire length = 21208 um.
Total wire length on LAYER li1 = 0 um.
Total wire length on LAYER met1 = 6854 um.
Total wire length on LAYER met2 = 7376 um.
Total wire length on LAYER met3 = 5026 um.
Total wire length on LAYER met4 = 1188 um.
Total wire length on LAYER met5 = 762 um.
Total number of vias = 4803.
Up-via summary (total 4803):.

-----------------------
 FR_MASTERSLICE       0
            li1    2042
           met1    2149
           met2     464
           met3     113
           met4      35
-----------------------
                   4803


[INFO DRT-0198] Complete detail routing.
Total wire length = 21208 um.
Total wire length on LAYER li1 = 0 um.
Total wire length on LAYER met1 = 6854 um.
Total wire length on LAYER met2 = 7376 um.
Total wire length on LAYER met3 = 5026 um.
Total wire length on LAYER met4 = 1188 um.
Total wire length on LAYER met5 = 762 um.
Total number of vias = 4803.
Up-via summary (total 4803):.

-----------------------
 FR_MASTERSLICE       0
            li1    2042
           met1    2149
           met2     464
           met3     113
           met4      35
-----------------------
                   4803


[INFO DRT-0267] cpu time = 00:01:37, elapsed time = 00:01:37, memory = 772.39 (MB), peak = 772.07 (MB)

[INFO DRT-0180] Post processing.
=== Step 10/10: Parasitics Extraction, Timing & Physical Export ===
[INFO RCX-0431] Defined process_corner X with ext_model_index 0
[INFO RCX-0029] Defined extraction corner X
[INFO RCX-0008] extracting parasitics of tt_um_dusterthefirst_project ...
Notice 0: Split top of 231 T shapes.
[INFO RCX-0435] Reading extraction model file 05_ASIC_Synthesis/pdk/rules.openrcx.sky130A.nom.spef_extractor ...
[INFO RCX-0436] RC segment generation tt_um_dusterthefirst_project (max_merge_res 50.0) ...
[INFO RCX-0040] Final 2575 rc segments
[INFO RCX-0439] Coupling Cap extraction tt_um_dusterthefirst_project ...
[INFO RCX-0440] Coupling threshhold is 0.1000 fF, coupling capacitance less than 0.1000 fF will be grounded.
[INFO RCX-0043] 4800 wires to be extracted
[INFO RCX-0442] 48% completion -- 2347 wires have been extracted
[INFO RCX-0442] 100% completion -- 4800 wires have been extracted
[INFO RCX-0045] Extract 613 nets, 3176 rsegs, 3176 caps, 4594 ccs
[INFO RCX-0015] Finished extracting tt_um_dusterthefirst_project.
[INFO RCX-0016] Writing SPEF ...
[INFO RCX-0443] 613 nets finished
[INFO RCX-0017] Finished writing SPEF ...
=== Post-Route STA Reports ===
Startpoint: _1026_ (rising edge-triggered flip-flop clocked by clk)
Endpoint: _0966_ (removal check against rising-edge clock clk)
Path Group: **async_default**
Path Type: min

Fanout     Cap    Slew   Delay    Time   Description
-----------------------------------------------------------------------------
                          0.00    0.00   clock clk (rise edge)
                          0.00    0.00   clock source latency
                  0.00    0.00    0.00 ^ clk (in)
     1    0.01                           clk (net)
                  0.00    0.01    0.01 ^ clkbuf_0_clk/A (sky130_fd_sc_hd__clkbuf_16)
                  0.09    0.14    0.16 ^ clkbuf_0_clk/X (sky130_fd_sc_hd__clkbuf_16)
     8    0.06                           clknet_0_clk (net)
                  0.09    0.01    0.17 ^ clkbuf_3_3__f_clk/A (sky130_fd_sc_hd__clkbuf_16)
                  0.05    0.15    0.31 ^ clkbuf_3_3__f_clk/X (sky130_fd_sc_hd__clkbuf_16)
    12    0.02                           clknet_3_3__leaf_clk (net)
                  0.05    0.00    0.31 ^ _1026_/CLK (sky130_fd_sc_hd__dfxtp_1)
                  0.04    0.30    0.61 v _1026_/Q (sky130_fd_sc_hd__dfxtp_1)
     3    0.01                           uio_out[3] (net)
                  0.04    0.00    0.62 v _0481_/SLEEP (sky130_fd_sc_hd__lpflow_isobufsrc_1)
                  6.39    4.77    5.39 ^ _0481_/X (sky130_fd_sc_hd__lpflow_isobufsrc_1)
    98    0.37                           data_multiplex.reset_n (net)
                  6.39    0.00    5.39 ^ _0966_/RESET_B (sky130_fd_sc_hd__dfrtp_1)
                                  5.39   data arrival time

                          0.00    0.00   clock clk (rise edge)
                          0.00    0.00   clock source latency
                  0.00    0.00    0.00 ^ clk (in)
     1    0.01                           clk (net)
                  0.00    0.01    0.01 ^ clkbuf_0_clk/A (sky130_fd_sc_hd__clkbuf_16)
                  0.09    0.14    0.16 ^ clkbuf_0_clk/X (sky130_fd_sc_hd__clkbuf_16)
     8    0.06                           clknet_0_clk (net)
                  0.09    0.01    0.17 ^ clkbuf_3_0__f_clk/A (sky130_fd_sc_hd__clkbuf_16)
                  0.06    0.16    0.32 ^ clkbuf_3_0__f_clk/X (sky130_fd_sc_hd__clkbuf_16)
    19    0.04                           clknet_3_0__leaf_clk (net)
                  0.06    0.00    0.32 ^ _0966_/CLK (sky130_fd_sc_hd__dfrtp_1)
                          0.10    0.42   clock uncertainty
                          0.00    0.42   clock reconvergence pessimism
                          2.02    2.44   library removal time
                                  2.44   data required time
-----------------------------------------------------------------------------
                                  2.44   data required time
                                 -5.39   data arrival time
-----------------------------------------------------------------------------
                                  2.95   slack (MET)


Startpoint: _1021_ (rising edge-triggered flip-flop clocked by clk)
Endpoint: _0918_ (rising edge-triggered flip-flop clocked by clk)
Path Group: clk
Path Type: min

Fanout     Cap    Slew   Delay    Time   Description
-----------------------------------------------------------------------------
                          0.00    0.00   clock clk (rise edge)
                          0.00    0.00   clock source latency
                  0.00    0.00    0.00 ^ clk (in)
     1    0.01                           clk (net)
                  0.00    0.01    0.01 ^ clkbuf_0_clk/A (sky130_fd_sc_hd__clkbuf_16)
                  0.09    0.14    0.16 ^ clkbuf_0_clk/X (sky130_fd_sc_hd__clkbuf_16)
     8    0.06                           clknet_0_clk (net)
                  0.09    0.01    0.17 ^ clkbuf_3_6__f_clk/A (sky130_fd_sc_hd__clkbuf_16)
                  0.04    0.14    0.30 ^ clkbuf_3_6__f_clk/X (sky130_fd_sc_hd__clkbuf_16)
     9    0.02                           clknet_3_6__leaf_clk (net)
                  0.04    0.00    0.31 ^ _1021_/CLK (sky130_fd_sc_hd__dfxtp_1)
                  0.04    0.30    0.60 v _1021_/Q (sky130_fd_sc_hd__dfxtp_1)
     3    0.01                           uio_out[2] (net)
                  0.04    0.00    0.61 v _0563_/A (sky130_fd_sc_hd__nand2_1)
                  0.04    0.05    0.66 ^ _0563_/Y (sky130_fd_sc_hd__nand2_1)
     1    0.00                           _0204_ (net)
                  0.04    0.00    0.66 ^ _0565_/A (sky130_fd_sc_hd__nand2_1)
                  0.03    0.04    0.70 v _0565_/Y (sky130_fd_sc_hd__nand2_1)
     1    0.00                           _0004_ (net)
                  0.03    0.00    0.71 v _0918_/D (sky130_fd_sc_hd__dfstp_2)
                                  0.71   data arrival time

                          0.00    0.00   clock clk (rise edge)
                          0.00    0.00   clock source latency
                  0.00    0.00    0.00 ^ clk (in)
     1    0.01                           clk (net)
                  0.00    0.01    0.01 ^ clkbuf_0_clk/A (sky130_fd_sc_hd__clkbuf_16)
                  0.09    0.14    0.16 ^ clkbuf_0_clk/X (sky130_fd_sc_hd__clkbuf_16)
     8    0.06                           clknet_0_clk (net)
                  0.09    0.01    0.17 ^ clkbuf_3_6__f_clk/A (sky130_fd_sc_hd__clkbuf_16)
                  0.04    0.14    0.30 ^ clkbuf_3_6__f_clk/X (sky130_fd_sc_hd__clkbuf_16)
     9    0.02                           clknet_3_6__leaf_clk (net)
                  0.04    0.00    0.31 ^ _0918_/CLK (sky130_fd_sc_hd__dfstp_2)
                          0.10    0.41   clock uncertainty
                          0.00    0.41   clock reconvergence pessimism
                          0.00    0.40   library hold time
                                  0.40   data required time
-----------------------------------------------------------------------------
                                  0.40   data required time
                                 -0.71   data arrival time
-----------------------------------------------------------------------------
                                  0.30   slack (MET)


Startpoint: rst_n (input port clocked by clk)
Endpoint: _0920_ (recovery check against rising-edge clock clk)
Path Group: **async_default**
Path Type: max

Fanout     Cap    Slew   Delay    Time   Description
-----------------------------------------------------------------------------
                          0.00    0.00   clock clk (rise edge)
                          0.00    0.00   clock network delay (propagated)
                          5.00    5.00 ^ input external delay
                  0.00    0.00    5.00 ^ rst_n (in)
    10    0.02                           rst_n (net)
                  0.00    0.00    5.00 ^ _0481_/A (sky130_fd_sc_hd__lpflow_isobufsrc_1)
                  6.50    4.69    9.69 ^ _0481_/X (sky130_fd_sc_hd__lpflow_isobufsrc_1)
    98    0.37                           data_multiplex.reset_n (net)
                  6.50    0.00    9.70 ^ _0920_/RESET_B (sky130_fd_sc_hd__dfrtp_1)
                                  9.70   data arrival time

                         20.00   20.00   clock clk (rise edge)
                          0.00   20.00   clock source latency
                  0.00    0.00   20.00 ^ clk (in)
     1    0.01                           clk (net)
                  0.00    0.01   20.01 ^ clkbuf_0_clk/A (sky130_fd_sc_hd__clkbuf_16)
                  0.09    0.14   20.16 ^ clkbuf_0_clk/X (sky130_fd_sc_hd__clkbuf_16)
     8    0.06                           clknet_0_clk (net)
                  0.09    0.01   20.17 ^ clkbuf_3_6__f_clk/A (sky130_fd_sc_hd__clkbuf_16)
                  0.04    0.14   20.30 ^ clkbuf_3_6__f_clk/X (sky130_fd_sc_hd__clkbuf_16)
     9    0.02                           clknet_3_6__leaf_clk (net)
                  0.04    0.00   20.31 ^ _0920_/CLK (sky130_fd_sc_hd__dfrtp_1)
                         -0.10   20.21   clock uncertainty
                          0.00   20.21   clock reconvergence pessimism
                         -1.50   18.71   library recovery time
                                 18.71   data required time
-----------------------------------------------------------------------------
                                 18.71   data required time
                                 -9.70   data arrival time
-----------------------------------------------------------------------------
                                  9.01   slack (MET)


Startpoint: ui_in[4] (input port clocked by clk)
Endpoint: uo_out[5] (output port clocked by clk)
Path Group: clk
Path Type: max

Fanout     Cap    Slew   Delay    Time   Description
-----------------------------------------------------------------------------
                          0.00    0.00   clock clk (rise edge)
                          0.00    0.00   clock network delay (propagated)
                          5.00    5.00 v input external delay
                  0.00    0.00    5.00 v ui_in[4] (in)
     6    0.01                           ui_in[4] (net)
                  0.00    0.00    5.00 v _0482_/A (sky130_fd_sc_hd__nor4_1)
                  0.88    0.74    5.75 ^ _0482_/Y (sky130_fd_sc_hd__nor4_1)
     8    0.02                           _0131_ (net)
                  0.88    0.00    5.75 ^ _0539_/A2 (sky130_fd_sc_hd__a222oi_1)
                  0.16    0.25    5.99 v _0539_/Y (sky130_fd_sc_hd__a222oi_1)
     1    0.00                           _0183_ (net)
                  0.16    0.00    6.00 v _0540_/B (sky130_fd_sc_hd__nand2_1)
                  0.06    0.11    6.10 ^ _0540_/Y (sky130_fd_sc_hd__nand2_1)
     1    0.00                           _0184_ (net)
                  0.06    0.00    6.11 ^ _0545_/A1 (sky130_fd_sc_hd__o21a_1)
                  0.02    0.10    6.21 ^ _0545_/X (sky130_fd_sc_hd__o21a_1)
     1    0.00                           uo_out[5] (net)
                  0.02    0.00    6.21 ^ uo_out[5] (out)
                                  6.21   data arrival time

                         20.00   20.00   clock clk (rise edge)
                          0.00   20.00   clock network delay (propagated)
                         -0.10   19.90   clock uncertainty
                          0.00   19.90   clock reconvergence pessimism
                         -5.00   14.90   output external delay
                                 14.90   data required time
-----------------------------------------------------------------------------
                                 14.90   data required time
                                 -6.21   data arrival time
-----------------------------------------------------------------------------
                                  8.69   slack (MET)


Group                  Internal  Switching    Leakage      Total
                          Power      Power      Power      Power
----------------------------------------------------------------
Sequential             2.33e-04   9.36e-06   9.57e-10   2.42e-04  60.6%
Combinational          9.21e-05   6.53e-05   1.28e-09   1.57e-04  39.4%
Macro                  0.00e+00   0.00e+00   0.00e+00   0.00e+00   0.0%
Pad                    0.00e+00   0.00e+00   0.00e+00   0.00e+00   0.0%
----------------------------------------------------------------
Total                  3.25e-04   7.47e-05   2.24e-09   4.00e-04 100.0%
                          81.3%      18.7%       0.0%
wns 0.00
tns 0.00
=== BASELINE PNR FLOW COMPLETED SUCCESSFULLY ===
